<object-stream>
<org.drools.audit.event.ObjectLogEvent>
  <type>1</type>
  <factId>1</factId>
  <objectToString>CommonPool 0 [resourceLevel=500.0, maxLevel=500.0]</objectToString>
</org.drools.audit.event.ObjectLogEvent>
<org.drools.audit.event.ObjectLogEvent>
  <type>1</type>
  <factId>2</factId>
  <objectToString>Institution [id=0, state=CFV, round=0, allocationMethod=QUEUE]</objectToString>
</org.drools.audit.event.ObjectLogEvent>
<org.drools.audit.event.ObjectLogEvent>
  <type>1</type>
  <factId>4</factId>
  <objectToString>0</objectToString>
</org.drools.audit.event.ObjectLogEvent>
<org.drools.audit.event.ActivationLogEvent>
  <type>4</type>
  <activationId>Member Demands [5, 1, 2]</activationId>
  <rule>Member Demands</rule>
  <declarations>$member=allocation.newagents.Head@5c1e10e(5); $inst=Institution [id=0, state=CFV, round=0, allocationMethod=QUEUE](2); $pools=[CommonPool 0 [resourceLevel=500.0, maxLevel=500.0]](2); $round=0(2); $pool=CommonPool 0 [resourceLevel=500.0, maxLevel=500.0](1); $iid=0(2)</declarations>
  <ruleFlowGroup>demand</ruleFlowGroup>
</org.drools.audit.event.ActivationLogEvent>
<org.drools.audit.event.ActivationLogEvent>
  <type>4</type>
  <activationId>Member appropriation - no allocation [1, 2, 5, 4]</activationId>
  <rule>Member appropriation - no allocation</rule>
  <declarations>$i=Institution [id=0, state=CFV, round=0, allocationMethod=QUEUE](2); $t=0(4); $member=allocation.newagents.Head@5c1e10e(5); $pid=0(5); $round=0(2); $pool=CommonPool 0 [resourceLevel=500.0, maxLevel=500.0](1); $iid=0(5)</declarations>
  <ruleFlowGroup>appropriate</ruleFlowGroup>
</org.drools.audit.event.ActivationLogEvent>
<org.drools.audit.event.ActivationLogEvent>
  <type>4</type>
  <activationId>Call for votes [2, 5, 4]</activationId>
  <rule>Call for votes</rule>
  <declarations>$i=Institution [id=0, state=CFV, round=0, allocationMethod=QUEUE](2); $head=allocation.newagents.Head@5c1e10e(5); $iid=0(5)</declarations>
  <ruleFlowGroup>cfv</ruleFlowGroup>
</org.drools.audit.event.ActivationLogEvent>
<org.drools.audit.event.ActivationLogEvent>
  <type>4</type>
  <activationId>Monitor agents [8, 7, 1, 5, 2]</activationId>
  <rule>Monitor agents</rule>
  <declarations>$members=[allocation.newagents.Head@5c1e10e](7); $i=Institution [id=0, state=CFV, round=0, allocationMethod=QUEUE](2); $head=allocation.newagents.Head@5c1e10e(5); $pid=0(5); $round=0(2); $pool=CommonPool 0 [resourceLevel=500.0, maxLevel=500.0](1); $iid=0(2); $nonMembers=[](8)</declarations>
  <ruleFlowGroup>appropriate</ruleFlowGroup>
</org.drools.audit.event.ActivationLogEvent>
<org.drools.audit.event.ActivationLogEvent>
  <type>4</type>
  <activationId>Count members [3, 2]</activationId>
  <rule>Count members</rule>
  <declarations>$members=1(3); $i=Institution [id=0, state=CFV, round=0, allocationMethod=QUEUE](2); $count=0(2); $iid=0(2)</declarations>
  <ruleFlowGroup>init</ruleFlowGroup>
</org.drools.audit.event.ActivationLogEvent>
<org.drools.audit.event.ObjectLogEvent>
  <type>1</type>
  <factId>5</factId>
  <objectToString>allocation.newagents.Head@5c1e10e</objectToString>
</org.drools.audit.event.ObjectLogEvent>
<org.drools.audit.event.ActivationLogEvent>
  <type>4</type>
  <activationId>Member Demands [9, 1, 2]</activationId>
  <rule>Member Demands</rule>
  <declarations>$member=allocation.newagents.Member@5c1e10f(9); $inst=Institution [id=0, state=CFV, round=0, allocationMethod=QUEUE](2); $pools=[CommonPool 0 [resourceLevel=500.0, maxLevel=500.0]](2); $round=0(2); $pool=CommonPool 0 [resourceLevel=500.0, maxLevel=500.0](1); $iid=0(2)</declarations>
  <ruleFlowGroup>demand</ruleFlowGroup>
</org.drools.audit.event.ActivationLogEvent>
<org.drools.audit.event.ActivationLogEvent>
  <type>4</type>
  <activationId>Member appropriation - no allocation [1, 2, 9, 4]</activationId>
  <rule>Member appropriation - no allocation</rule>
  <declarations>$i=Institution [id=0, state=CFV, round=0, allocationMethod=QUEUE](2); $t=0(4); $member=allocation.newagents.Member@5c1e10f(9); $pid=0(9); $round=0(2); $pool=CommonPool 0 [resourceLevel=500.0, maxLevel=500.0](1); $iid=0(9)</declarations>
  <ruleFlowGroup>appropriate</ruleFlowGroup>
</org.drools.audit.event.ActivationLogEvent>
<org.drools.audit.event.ObjectLogEvent>
  <type>1</type>
  <factId>9</factId>
  <objectToString>allocation.newagents.Member@5c1e10f</objectToString>
</org.drools.audit.event.ObjectLogEvent>
<org.drools.audit.event.ActivationLogEvent>
  <type>4</type>
  <activationId>Member Demands [10, 1, 2]</activationId>
  <rule>Member Demands</rule>
  <declarations>$member=allocation.newagents.Member@5c1e110(10); $inst=Institution [id=0, state=CFV, round=0, allocationMethod=QUEUE](2); $pools=[CommonPool 0 [resourceLevel=500.0, maxLevel=500.0]](2); $round=0(2); $pool=CommonPool 0 [resourceLevel=500.0, maxLevel=500.0](1); $iid=0(2)</declarations>
  <ruleFlowGroup>demand</ruleFlowGroup>
</org.drools.audit.event.ActivationLogEvent>
<org.drools.audit.event.ActivationLogEvent>
  <type>4</type>
  <activationId>Member appropriation - no allocation [1, 2, 10, 4]</activationId>
  <rule>Member appropriation - no allocation</rule>
  <declarations>$i=Institution [id=0, state=CFV, round=0, allocationMethod=QUEUE](2); $t=0(4); $member=allocation.newagents.Member@5c1e110(10); $pid=0(10); $round=0(2); $pool=CommonPool 0 [resourceLevel=500.0, maxLevel=500.0](1); $iid=0(10)</declarations>
  <ruleFlowGroup>appropriate</ruleFlowGroup>
</org.drools.audit.event.ActivationLogEvent>
<org.drools.audit.event.ObjectLogEvent>
  <type>1</type>
  <factId>10</factId>
  <objectToString>allocation.newagents.Member@5c1e110</objectToString>
</org.drools.audit.event.ObjectLogEvent>
<org.drools.audit.event.ActivationLogEvent>
  <type>4</type>
  <activationId>Member Demands [11, 1, 2]</activationId>
  <rule>Member Demands</rule>
  <declarations>$member=allocation.newagents.Member@5c1e111(11); $inst=Institution [id=0, state=CFV, round=0, allocationMethod=QUEUE](2); $pools=[CommonPool 0 [resourceLevel=500.0, maxLevel=500.0]](2); $round=0(2); $pool=CommonPool 0 [resourceLevel=500.0, maxLevel=500.0](1); $iid=0(2)</declarations>
  <ruleFlowGroup>demand</ruleFlowGroup>
</org.drools.audit.event.ActivationLogEvent>
<org.drools.audit.event.ActivationLogEvent>
  <type>4</type>
  <activationId>Member appropriation - no allocation [1, 2, 11, 4]</activationId>
  <rule>Member appropriation - no allocation</rule>
  <declarations>$i=Institution [id=0, state=CFV, round=0, allocationMethod=QUEUE](2); $t=0(4); $member=allocation.newagents.Member@5c1e111(11); $pid=0(11); $round=0(2); $pool=CommonPool 0 [resourceLevel=500.0, maxLevel=500.0](1); $iid=0(11)</declarations>
  <ruleFlowGroup>appropriate</ruleFlowGroup>
</org.drools.audit.event.ActivationLogEvent>
<org.drools.audit.event.ObjectLogEvent>
  <type>1</type>
  <factId>11</factId>
  <objectToString>allocation.newagents.Member@5c1e111</objectToString>
</org.drools.audit.event.ObjectLogEvent>
<org.drools.audit.event.ActivationLogEvent>
  <type>4</type>
  <activationId>Member Demands [12, 1, 2]</activationId>
  <rule>Member Demands</rule>
  <declarations>$member=allocation.newagents.Member@5c1e112(12); $inst=Institution [id=0, state=CFV, round=0, allocationMethod=QUEUE](2); $pools=[CommonPool 0 [resourceLevel=500.0, maxLevel=500.0]](2); $round=0(2); $pool=CommonPool 0 [resourceLevel=500.0, maxLevel=500.0](1); $iid=0(2)</declarations>
  <ruleFlowGroup>demand</ruleFlowGroup>
</org.drools.audit.event.ActivationLogEvent>
<org.drools.audit.event.ActivationLogEvent>
  <type>4</type>
  <activationId>Member appropriation - no allocation [1, 2, 12, 4]</activationId>
  <rule>Member appropriation - no allocation</rule>
  <declarations>$i=Institution [id=0, state=CFV, round=0, allocationMethod=QUEUE](2); $t=0(4); $member=allocation.newagents.Member@5c1e112(12); $pid=0(12); $round=0(2); $pool=CommonPool 0 [resourceLevel=500.0, maxLevel=500.0](1); $iid=0(12)</declarations>
  <ruleFlowGroup>appropriate</ruleFlowGroup>
</org.drools.audit.event.ActivationLogEvent>
<org.drools.audit.event.ObjectLogEvent>
  <type>1</type>
  <factId>12</factId>
  <objectToString>allocation.newagents.Member@5c1e112</objectToString>
</org.drools.audit.event.ObjectLogEvent>
<org.drools.audit.event.ActivationLogEvent>
  <type>4</type>
  <activationId>NonMember appropriation [1, 13, 4]</activationId>
  <rule>NonMember appropriation</rule>
  <declarations>$t=0(4); $pid=0(13); $nonmember=allocation.newagents.NonMember@38f9280(13); $pool=CommonPool 0 [resourceLevel=500.0, maxLevel=500.0](1)</declarations>
  <ruleFlowGroup>appropriate</ruleFlowGroup>
</org.drools.audit.event.ActivationLogEvent>
<org.drools.audit.event.ObjectLogEvent>
  <type>1</type>
  <factId>13</factId>
  <objectToString>allocation.newagents.NonMember@38f9280</objectToString>
</org.drools.audit.event.ObjectLogEvent>
<org.drools.audit.event.ActivationLogEvent>
  <type>4</type>
  <activationId>NonMember appropriation [1, 14, 4]</activationId>
  <rule>NonMember appropriation</rule>
  <declarations>$t=0(4); $pid=0(14); $nonmember=allocation.newagents.NonMember@38f9281(14); $pool=CommonPool 0 [resourceLevel=500.0, maxLevel=500.0](1)</declarations>
  <ruleFlowGroup>appropriate</ruleFlowGroup>
</org.drools.audit.event.ActivationLogEvent>
<org.drools.audit.event.ObjectLogEvent>
  <type>1</type>
  <factId>14</factId>
  <objectToString>allocation.newagents.NonMember@38f9281</objectToString>
</org.drools.audit.event.ObjectLogEvent>
<org.drools.audit.event.RuleFlowLogEvent>
  <type>8</type>
  <processId>allocation.Simulation</processId>
  <processName>Simulation</processName>
  <processInstanceId>1</processInstanceId>
</org.drools.audit.event.RuleFlowLogEvent>
<org.drools.audit.event.RuleFlowNodeLogEvent>
  <type>24</type>
  <processId>allocation.Simulation</processId>
  <processName>Simulation</processName>
  <processInstanceId>1</processInstanceId>
  <nodeId>1</nodeId>
  <nodeName>Start</nodeName>
  <nodeInstanceId>0</nodeInstanceId>
</org.drools.audit.event.RuleFlowNodeLogEvent>
<org.drools.audit.event.RuleFlowNodeLogEvent>
  <type>26</type>
  <processId>allocation.Simulation</processId>
  <processName>Simulation</processName>
  <processInstanceId>1</processInstanceId>
  <nodeId>1</nodeId>
  <nodeName>Start</nodeName>
  <nodeInstanceId>0</nodeInstanceId>
</org.drools.audit.event.RuleFlowNodeLogEvent>
<org.drools.audit.event.RuleFlowNodeLogEvent>
  <type>24</type>
  <processId>allocation.Simulation</processId>
  <processName>Simulation</processName>
  <processInstanceId>1</processInstanceId>
  <nodeId>3</nodeId>
  <nodeName>Init</nodeName>
  <nodeInstanceId>1</nodeInstanceId>
</org.drools.audit.event.RuleFlowNodeLogEvent>
<org.drools.audit.event.RuleFlowGroupLogEvent>
  <type>12</type>
  <groupName>init</groupName>
  <size>1</size>
</org.drools.audit.event.RuleFlowGroupLogEvent>
<org.drools.audit.event.RuleFlowGroupLogEvent>
  <type>13</type>
  <groupName>init</groupName>
  <size>1</size>
</org.drools.audit.event.RuleFlowGroupLogEvent>
<org.drools.audit.event.RuleFlowNodeLogEvent>
  <type>25</type>
  <processId>allocation.Simulation</processId>
  <processName>Simulation</processName>
  <processInstanceId>1</processInstanceId>
  <nodeId>3</nodeId>
  <nodeName>Init</nodeName>
  <nodeInstanceId>1</nodeInstanceId>
</org.drools.audit.event.RuleFlowNodeLogEvent>
<org.drools.audit.event.RuleFlowNodeLogEvent>
  <type>27</type>
  <processId>allocation.Simulation</processId>
  <processName>Simulation</processName>
  <processInstanceId>1</processInstanceId>
  <nodeId>1</nodeId>
  <nodeName>Start</nodeName>
  <nodeInstanceId>0</nodeInstanceId>
</org.drools.audit.event.RuleFlowNodeLogEvent>
<org.drools.audit.event.RuleFlowNodeLogEvent>
  <type>25</type>
  <processId>allocation.Simulation</processId>
  <processName>Simulation</processName>
  <processInstanceId>1</processInstanceId>
  <nodeId>1</nodeId>
  <nodeName>Start</nodeName>
  <nodeInstanceId>0</nodeInstanceId>
</org.drools.audit.event.RuleFlowNodeLogEvent>
<org.drools.audit.event.RuleFlowLogEvent>
  <type>9</type>
  <processId>allocation.Simulation</processId>
  <processName>Simulation</processName>
  <processInstanceId>1</processInstanceId>
</org.drools.audit.event.RuleFlowLogEvent>
<org.drools.audit.event.ActivationLogEvent>
  <type>6</type>
  <activationId>Count members [3, 2]</activationId>
  <rule>Count members</rule>
  <declarations>$members=5(3); $i=Institution [id=0, state=CFV, round=0, allocationMethod=QUEUE](2); $count=0(2); $iid=0(2)</declarations>
  <ruleFlowGroup>init</ruleFlowGroup>
</org.drools.audit.event.ActivationLogEvent>
<org.drools.audit.event.ObjectLogEvent>
  <type>2</type>
  <factId>2</factId>
  <objectToString>Institution [id=0, state=CFV, round=0, allocationMethod=QUEUE]</objectToString>
</org.drools.audit.event.ObjectLogEvent>
<org.drools.audit.event.ActivationLogEvent>
  <type>7</type>
  <activationId>Count members [3, 2]</activationId>
  <rule>Count members</rule>
  <declarations>$members=5(3); $i=Institution [id=0, state=CFV, round=0, allocationMethod=QUEUE](2); $count=5(2); $iid=0(2)</declarations>
  <ruleFlowGroup>init</ruleFlowGroup>
</org.drools.audit.event.ActivationLogEvent>
<org.drools.audit.event.RuleFlowGroupLogEvent>
  <type>14</type>
  <groupName>init</groupName>
  <size>0</size>
</org.drools.audit.event.RuleFlowGroupLogEvent>
<org.drools.audit.event.RuleFlowGroupLogEvent>
  <type>15</type>
  <groupName>init</groupName>
  <size>0</size>
</org.drools.audit.event.RuleFlowGroupLogEvent>
<org.drools.audit.event.RuleFlowNodeLogEvent>
  <type>26</type>
  <processId>allocation.Simulation</processId>
  <processName>Simulation</processName>
  <processInstanceId>1</processInstanceId>
  <nodeId>3</nodeId>
  <nodeName>Init</nodeName>
  <nodeInstanceId>1</nodeInstanceId>
</org.drools.audit.event.RuleFlowNodeLogEvent>
<org.drools.audit.event.RuleFlowNodeLogEvent>
  <type>24</type>
  <processId>allocation.Simulation</processId>
  <processName>Simulation</processName>
  <processInstanceId>1</processInstanceId>
  <nodeId>5</nodeId>
  <nodeName>CFV</nodeName>
  <nodeInstanceId>2</nodeInstanceId>
</org.drools.audit.event.RuleFlowNodeLogEvent>
<org.drools.audit.event.RuleFlowGroupLogEvent>
  <type>12</type>
  <groupName>cfv</groupName>
  <size>1</size>
</org.drools.audit.event.RuleFlowGroupLogEvent>
<org.drools.audit.event.RuleFlowGroupLogEvent>
  <type>13</type>
  <groupName>cfv</groupName>
  <size>1</size>
</org.drools.audit.event.RuleFlowGroupLogEvent>
<org.drools.audit.event.RuleFlowNodeLogEvent>
  <type>25</type>
  <processId>allocation.Simulation</processId>
  <processName>Simulation</processName>
  <processInstanceId>1</processInstanceId>
  <nodeId>5</nodeId>
  <nodeName>CFV</nodeName>
  <nodeInstanceId>2</nodeInstanceId>
</org.drools.audit.event.RuleFlowNodeLogEvent>
<org.drools.audit.event.RuleFlowNodeLogEvent>
  <type>27</type>
  <processId>allocation.Simulation</processId>
  <processName>Simulation</processName>
  <processInstanceId>1</processInstanceId>
  <nodeId>3</nodeId>
  <nodeName>Init</nodeName>
  <nodeInstanceId>1</nodeInstanceId>
</org.drools.audit.event.RuleFlowNodeLogEvent>
<org.drools.audit.event.ActivationLogEvent>
  <type>6</type>
  <activationId>Call for votes [2, 5, 4]</activationId>
  <rule>Call for votes</rule>
  <declarations>$i=Institution [id=0, state=CFV, round=0, allocationMethod=QUEUE](2); $head=allocation.newagents.Head@5c1e10e(5); $iid=0(5)</declarations>
  <ruleFlowGroup>cfv</ruleFlowGroup>
</org.drools.audit.event.ActivationLogEvent>
<org.drools.audit.event.ActivationLogEvent>
  <type>4</type>
  <activationId>Disable votes [2]</activationId>
  <rule>Disable votes</rule>
  <declarations>$inst=Institution [id=0, state=CFV, round=0, allocationMethod=QUEUE](2)</declarations>
  <ruleFlowGroup>init</ruleFlowGroup>
</org.drools.audit.event.ActivationLogEvent>
<org.drools.audit.event.ActivationLogEvent>
  <type>4</type>
  <activationId>Vote for RA method [1, 2, 5]</activationId>
  <rule>Vote for RA method</rule>
  <declarations>$i=Institution [id=0, state=CFV, round=0, allocationMethod=QUEUE](2); $member=allocation.newagents.Head@5c1e10e(5); $pid=0(5); $r=0(2); $pool=CommonPool 0 [resourceLevel=500.0, maxLevel=500.0](1); $iid=0(5)</declarations>
  <ruleFlowGroup>vote</ruleFlowGroup>
</org.drools.audit.event.ActivationLogEvent>
<org.drools.audit.event.ActivationLogEvent>
  <type>4</type>
  <activationId>Vote for RA method [1, 2, 9]</activationId>
  <rule>Vote for RA method</rule>
  <declarations>$i=Institution [id=0, state=CFV, round=0, allocationMethod=QUEUE](2); $member=allocation.newagents.Member@5c1e10f(9); $pid=0(9); $r=0(2); $pool=CommonPool 0 [resourceLevel=500.0, maxLevel=500.0](1); $iid=0(9)</declarations>
  <ruleFlowGroup>vote</ruleFlowGroup>
</org.drools.audit.event.ActivationLogEvent>
<org.drools.audit.event.ActivationLogEvent>
  <type>4</type>
  <activationId>Vote for RA method [1, 2, 10]</activationId>
  <rule>Vote for RA method</rule>
  <declarations>$i=Institution [id=0, state=CFV, round=0, allocationMethod=QUEUE](2); $member=allocation.newagents.Member@5c1e110(10); $pid=0(10); $r=0(2); $pool=CommonPool 0 [resourceLevel=500.0, maxLevel=500.0](1); $iid=0(10)</declarations>
  <ruleFlowGroup>vote</ruleFlowGroup>
</org.drools.audit.event.ActivationLogEvent>
<org.drools.audit.event.ActivationLogEvent>
  <type>4</type>
  <activationId>Vote for RA method [1, 2, 11]</activationId>
  <rule>Vote for RA method</rule>
  <declarations>$i=Institution [id=0, state=CFV, round=0, allocationMethod=QUEUE](2); $member=allocation.newagents.Member@5c1e111(11); $pid=0(11); $r=0(2); $pool=CommonPool 0 [resourceLevel=500.0, maxLevel=500.0](1); $iid=0(11)</declarations>
  <ruleFlowGroup>vote</ruleFlowGroup>
</org.drools.audit.event.ActivationLogEvent>
<org.drools.audit.event.ActivationLogEvent>
  <type>4</type>
  <activationId>Vote for RA method [1, 2, 12]</activationId>
  <rule>Vote for RA method</rule>
  <declarations>$i=Institution [id=0, state=CFV, round=0, allocationMethod=QUEUE](2); $member=allocation.newagents.Member@5c1e112(12); $pid=0(12); $r=0(2); $pool=CommonPool 0 [resourceLevel=500.0, maxLevel=500.0](1); $iid=0(12)</declarations>
  <ruleFlowGroup>vote</ruleFlowGroup>
</org.drools.audit.event.ActivationLogEvent>
<org.drools.audit.event.ObjectLogEvent>
  <type>2</type>
  <factId>2</factId>
  <objectToString>Institution [id=0, state=CFV, round=0, allocationMethod=QUEUE]</objectToString>
</org.drools.audit.event.ObjectLogEvent>
<org.drools.audit.event.ActivationLogEvent>
  <type>7</type>
  <activationId>Call for votes [2, 5, 4]</activationId>
  <rule>Call for votes</rule>
  <declarations>$i=Institution [id=0, state=CFV, round=0, allocationMethod=QUEUE](2); $head=allocation.newagents.Head@5c1e10e(5); $iid=0(5)</declarations>
  <ruleFlowGroup>cfv</ruleFlowGroup>
</org.drools.audit.event.ActivationLogEvent>
<org.drools.audit.event.RuleFlowGroupLogEvent>
  <type>14</type>
  <groupName>cfv</groupName>
  <size>0</size>
</org.drools.audit.event.RuleFlowGroupLogEvent>
<org.drools.audit.event.RuleFlowGroupLogEvent>
  <type>15</type>
  <groupName>cfv</groupName>
  <size>0</size>
</org.drools.audit.event.RuleFlowGroupLogEvent>
<org.drools.audit.event.RuleFlowNodeLogEvent>
  <type>26</type>
  <processId>allocation.Simulation</processId>
  <processName>Simulation</processName>
  <processInstanceId>1</processInstanceId>
  <nodeId>5</nodeId>
  <nodeName>CFV</nodeName>
  <nodeInstanceId>2</nodeInstanceId>
</org.drools.audit.event.RuleFlowNodeLogEvent>
<org.drools.audit.event.RuleFlowNodeLogEvent>
  <type>24</type>
  <processId>allocation.Simulation</processId>
  <processName>Simulation</processName>
  <processInstanceId>1</processInstanceId>
  <nodeId>6</nodeId>
  <nodeName>Vote</nodeName>
  <nodeInstanceId>3</nodeInstanceId>
</org.drools.audit.event.RuleFlowNodeLogEvent>
<org.drools.audit.event.RuleFlowGroupLogEvent>
  <type>12</type>
  <groupName>vote</groupName>
  <size>5</size>
</org.drools.audit.event.RuleFlowGroupLogEvent>
<org.drools.audit.event.RuleFlowGroupLogEvent>
  <type>13</type>
  <groupName>vote</groupName>
  <size>5</size>
</org.drools.audit.event.RuleFlowGroupLogEvent>
<org.drools.audit.event.RuleFlowNodeLogEvent>
  <type>25</type>
  <processId>allocation.Simulation</processId>
  <processName>Simulation</processName>
  <processInstanceId>1</processInstanceId>
  <nodeId>6</nodeId>
  <nodeName>Vote</nodeName>
  <nodeInstanceId>3</nodeInstanceId>
</org.drools.audit.event.RuleFlowNodeLogEvent>
<org.drools.audit.event.RuleFlowNodeLogEvent>
  <type>27</type>
  <processId>allocation.Simulation</processId>
  <processName>Simulation</processName>
  <processInstanceId>1</processInstanceId>
  <nodeId>5</nodeId>
  <nodeName>CFV</nodeName>
  <nodeInstanceId>2</nodeInstanceId>
</org.drools.audit.event.RuleFlowNodeLogEvent>
<org.drools.audit.event.ActivationLogEvent>
  <type>6</type>
  <activationId>Vote for RA method [1, 2, 12]</activationId>
  <rule>Vote for RA method</rule>
  <declarations>$i=Institution [id=0, state=CFV, round=0, allocationMethod=QUEUE](2); $member=allocation.newagents.Member@5c1e112(12); $pid=0(12); $r=0(2); $pool=CommonPool 0 [resourceLevel=500.0, maxLevel=500.0](1); $iid=0(12)</declarations>
  <ruleFlowGroup>vote</ruleFlowGroup>
</org.drools.audit.event.ActivationLogEvent>
<org.drools.audit.event.ActivationLogEvent>
  <type>4</type>
  <activationId>Count votes [16, 12, 15, 2]</activationId>
  <rule>Count votes</rule>
  <declarations>$ag=elf 4(15); $votes=[Vote [ballot=raMethod, value=1, voter=elf 4, round=0]](16); $round=0(2); $b=raMethod(15); $iid=0(2)</declarations>
  <ruleFlowGroup>vote</ruleFlowGroup>
</org.drools.audit.event.ActivationLogEvent>
<org.drools.audit.event.ObjectLogEvent>
  <type>1</type>
  <factId>15</factId>
  <objectToString>Vote [ballot=raMethod, value=1, voter=elf 4, round=0]</objectToString>
</org.drools.audit.event.ObjectLogEvent>
<org.drools.audit.event.ActivationLogEvent>
  <type>7</type>
  <activationId>Vote for RA method [1, 2, 12]</activationId>
  <rule>Vote for RA method</rule>
  <declarations>$i=Institution [id=0, state=CFV, round=0, allocationMethod=QUEUE](2); $member=allocation.newagents.Member@5c1e112(12); $pid=0(12); $r=0(2); $pool=CommonPool 0 [resourceLevel=500.0, maxLevel=500.0](1); $iid=0(12)</declarations>
  <ruleFlowGroup>vote</ruleFlowGroup>
</org.drools.audit.event.ActivationLogEvent>
<org.drools.audit.event.ActivationLogEvent>
  <type>6</type>
  <activationId>Vote for RA method [1, 2, 11]</activationId>
  <rule>Vote for RA method</rule>
  <declarations>$i=Institution [id=0, state=CFV, round=0, allocationMethod=QUEUE](2); $member=allocation.newagents.Member@5c1e111(11); $pid=0(11); $r=0(2); $pool=CommonPool 0 [resourceLevel=500.0, maxLevel=500.0](1); $iid=0(11)</declarations>
  <ruleFlowGroup>vote</ruleFlowGroup>
</org.drools.audit.event.ActivationLogEvent>
<org.drools.audit.event.ActivationLogEvent>
  <type>4</type>
  <activationId>Count votes [20, 11, 18, 2]</activationId>
  <rule>Count votes</rule>
  <declarations>$ag=elf 3(18); $votes=[Vote [ballot=raMethod, value=1, voter=elf 4, round=0]](20); $round=0(2); $b=raMethod(18); $iid=0(2)</declarations>
  <ruleFlowGroup>vote</ruleFlowGroup>
</org.drools.audit.event.ActivationLogEvent>
<org.drools.audit.event.ObjectLogEvent>
  <type>1</type>
  <factId>18</factId>
  <objectToString>Vote [ballot=raMethod, value=1, voter=elf 3, round=0]</objectToString>
</org.drools.audit.event.ObjectLogEvent>
<org.drools.audit.event.ActivationLogEvent>
  <type>7</type>
  <activationId>Vote for RA method [1, 2, 11]</activationId>
  <rule>Vote for RA method</rule>
  <declarations>$i=Institution [id=0, state=CFV, round=0, allocationMethod=QUEUE](2); $member=allocation.newagents.Member@5c1e111(11); $pid=0(11); $r=0(2); $pool=CommonPool 0 [resourceLevel=500.0, maxLevel=500.0](1); $iid=0(11)</declarations>
  <ruleFlowGroup>vote</ruleFlowGroup>
</org.drools.audit.event.ActivationLogEvent>
<org.drools.audit.event.ActivationLogEvent>
  <type>6</type>
  <activationId>Vote for RA method [1, 2, 10]</activationId>
  <rule>Vote for RA method</rule>
  <declarations>$i=Institution [id=0, state=CFV, round=0, allocationMethod=QUEUE](2); $member=allocation.newagents.Member@5c1e110(10); $pid=0(10); $r=0(2); $pool=CommonPool 0 [resourceLevel=500.0, maxLevel=500.0](1); $iid=0(10)</declarations>
  <ruleFlowGroup>vote</ruleFlowGroup>
</org.drools.audit.event.ActivationLogEvent>
<org.drools.audit.event.ActivationLogEvent>
  <type>4</type>
  <activationId>Count votes [26, 10, 23, 2]</activationId>
  <rule>Count votes</rule>
  <declarations>$ag=elf 2(23); $votes=[Vote [ballot=raMethod, value=1, voter=elf 4, round=0], Vote [ballot=raMethod, value=1, voter=elf 3, round=0]](26); $round=0(2); $b=raMethod(23); $iid=0(2)</declarations>
  <ruleFlowGroup>vote</ruleFlowGroup>
</org.drools.audit.event.ActivationLogEvent>
<org.drools.audit.event.ObjectLogEvent>
  <type>1</type>
  <factId>23</factId>
  <objectToString>Vote [ballot=raMethod, value=1, voter=elf 2, round=0]</objectToString>
</org.drools.audit.event.ObjectLogEvent>
<org.drools.audit.event.ActivationLogEvent>
  <type>7</type>
  <activationId>Vote for RA method [1, 2, 10]</activationId>
  <rule>Vote for RA method</rule>
  <declarations>$i=Institution [id=0, state=CFV, round=0, allocationMethod=QUEUE](2); $member=allocation.newagents.Member@5c1e110(10); $pid=0(10); $r=0(2); $pool=CommonPool 0 [resourceLevel=500.0, maxLevel=500.0](1); $iid=0(10)</declarations>
  <ruleFlowGroup>vote</ruleFlowGroup>
</org.drools.audit.event.ActivationLogEvent>
<org.drools.audit.event.ActivationLogEvent>
  <type>6</type>
  <activationId>Vote for RA method [1, 2, 9]</activationId>
  <rule>Vote for RA method</rule>
  <declarations>$i=Institution [id=0, state=CFV, round=0, allocationMethod=QUEUE](2); $member=allocation.newagents.Member@5c1e10f(9); $pid=0(9); $r=0(2); $pool=CommonPool 0 [resourceLevel=500.0, maxLevel=500.0](1); $iid=0(9)</declarations>
  <ruleFlowGroup>vote</ruleFlowGroup>
</org.drools.audit.event.ActivationLogEvent>
<org.drools.audit.event.ActivationLogEvent>
  <type>4</type>
  <activationId>Count votes [34, 9, 30, 2]</activationId>
  <rule>Count votes</rule>
  <declarations>$ag=elf 1(30); $votes=[Vote [ballot=raMethod, value=1, voter=elf 4, round=0], Vote [ballot=raMethod, value=1, voter=elf 3, round=0], Vote [ballot=raMethod, value=1, voter=elf 2, round=0]](34); $round=0(2); $b=raMethod(30); $iid=0(2)</declarations>
  <ruleFlowGroup>vote</ruleFlowGroup>
</org.drools.audit.event.ActivationLogEvent>
<org.drools.audit.event.ObjectLogEvent>
  <type>1</type>
  <factId>30</factId>
  <objectToString>Vote [ballot=raMethod, value=1, voter=elf 1, round=0]</objectToString>
</org.drools.audit.event.ObjectLogEvent>
<org.drools.audit.event.ActivationLogEvent>
  <type>7</type>
  <activationId>Vote for RA method [1, 2, 9]</activationId>
  <rule>Vote for RA method</rule>
  <declarations>$i=Institution [id=0, state=CFV, round=0, allocationMethod=QUEUE](2); $member=allocation.newagents.Member@5c1e10f(9); $pid=0(9); $r=0(2); $pool=CommonPool 0 [resourceLevel=500.0, maxLevel=500.0](1); $iid=0(9)</declarations>
  <ruleFlowGroup>vote</ruleFlowGroup>
</org.drools.audit.event.ActivationLogEvent>
<org.drools.audit.event.ActivationLogEvent>
  <type>6</type>
  <activationId>Vote for RA method [1, 2, 5]</activationId>
  <rule>Vote for RA method</rule>
  <declarations>$i=Institution [id=0, state=CFV, round=0, allocationMethod=QUEUE](2); $member=allocation.newagents.Head@5c1e10e(5); $pid=0(5); $r=0(2); $pool=CommonPool 0 [resourceLevel=500.0, maxLevel=500.0](1); $iid=0(5)</declarations>
  <ruleFlowGroup>vote</ruleFlowGroup>
</org.drools.audit.event.ActivationLogEvent>
<org.drools.audit.event.ActivationLogEvent>
  <type>4</type>
  <activationId>Count votes [44, 5, 39, 2]</activationId>
  <rule>Count votes</rule>
  <declarations>$ag=elf 0(39); $votes=[Vote [ballot=raMethod, value=1, voter=elf 4, round=0], Vote [ballot=raMethod, value=1, voter=elf 3, round=0], Vote [ballot=raMethod, value=1, voter=elf 2, round=0], Vote [ballot=raMethod, value=1, voter=elf 1, round=0]](44); $round=0(2); $b=raMethod(39); $iid=0(2)</declarations>
  <ruleFlowGroup>vote</ruleFlowGroup>
</org.drools.audit.event.ActivationLogEvent>
<org.drools.audit.event.ObjectLogEvent>
  <type>1</type>
  <factId>39</factId>
  <objectToString>Vote [ballot=raMethod, value=1, voter=elf 0, round=0]</objectToString>
</org.drools.audit.event.ObjectLogEvent>
<org.drools.audit.event.ActivationLogEvent>
  <type>7</type>
  <activationId>Vote for RA method [1, 2, 5]</activationId>
  <rule>Vote for RA method</rule>
  <declarations>$i=Institution [id=0, state=CFV, round=0, allocationMethod=QUEUE](2); $member=allocation.newagents.Head@5c1e10e(5); $pid=0(5); $r=0(2); $pool=CommonPool 0 [resourceLevel=500.0, maxLevel=500.0](1); $iid=0(5)</declarations>
  <ruleFlowGroup>vote</ruleFlowGroup>
</org.drools.audit.event.ActivationLogEvent>
<org.drools.audit.event.ActivationLogEvent>
  <type>6</type>
  <activationId>Count votes [44, 5, 39, 2]</activationId>
  <rule>Count votes</rule>
  <declarations>$ag=elf 0(39); $votes=[Vote [ballot=raMethod, value=1, voter=elf 4, round=0], Vote [ballot=raMethod, value=1, voter=elf 3, round=0], Vote [ballot=raMethod, value=1, voter=elf 2, round=0], Vote [ballot=raMethod, value=1, voter=elf 1, round=0], Vote [ballot=raMethod, value=1, voter=elf 0, round=0]](44); $round=0(2); $b=raMethod(39); $iid=0(2)</declarations>
  <ruleFlowGroup>vote</ruleFlowGroup>
</org.drools.audit.event.ActivationLogEvent>
<org.drools.audit.event.ActivationLogEvent>
  <type>4</type>
  <activationId>Declare winner and update Ra method [2, 50]</activationId>
  <rule>Declare winner and update Ra method</rule>
  <declarations>$i=Institution [id=0, state=CFV, round=0, allocationMethod=QUEUE](2); $iid=0(50); $vc=Declared [institution=0, ballot=raMethod, round=0, result={1=5}](50)</declarations>
  <ruleFlowGroup>vote</ruleFlowGroup>
</org.drools.audit.event.ActivationLogEvent>
<org.drools.audit.event.ActivationLogEvent>
  <type>5</type>
  <activationId>Count votes [16, 12, 15, 2]</activationId>
  <rule>Count votes</rule>
  <declarations>$ag=elf 4(15); $votes=[](16); $round=0(2); $b=raMethod(15); $iid=0(2)</declarations>
  <ruleFlowGroup>vote</ruleFlowGroup>
</org.drools.audit.event.ActivationLogEvent>
<org.drools.audit.event.ActivationLogEvent>
  <type>5</type>
  <activationId>Count votes [20, 11, 18, 2]</activationId>
  <rule>Count votes</rule>
  <declarations>$ag=elf 3(18); $votes=[](20); $round=0(2); $b=raMethod(18); $iid=0(2)</declarations>
  <ruleFlowGroup>vote</ruleFlowGroup>
</org.drools.audit.event.ActivationLogEvent>
<org.drools.audit.event.ActivationLogEvent>
  <type>5</type>
  <activationId>Count votes [26, 10, 23, 2]</activationId>
  <rule>Count votes</rule>
  <declarations>$ag=elf 2(23); $votes=[](26); $round=0(2); $b=raMethod(23); $iid=0(2)</declarations>
  <ruleFlowGroup>vote</ruleFlowGroup>
</org.drools.audit.event.ActivationLogEvent>
<org.drools.audit.event.ActivationLogEvent>
  <type>5</type>
  <activationId>Count votes [34, 9, 30, 2]</activationId>
  <rule>Count votes</rule>
  <declarations>$ag=elf 1(30); $votes=[](34); $round=0(2); $b=raMethod(30); $iid=0(2)</declarations>
  <ruleFlowGroup>vote</ruleFlowGroup>
</org.drools.audit.event.ActivationLogEvent>
<org.drools.audit.event.ActivationLogEvent>
  <type>4</type>
  <activationId>Echo Votes Counted [50]</activationId>
  <rule>Echo Votes Counted</rule>
  <declarations>$vc=Declared [institution=0, ballot=raMethod, round=0, result={1=5}](50)</declarations>
  <ruleFlowGroup>vote</ruleFlowGroup>
</org.drools.audit.event.ActivationLogEvent>
<org.drools.audit.event.ObjectLogEvent>
  <type>1</type>
  <factId>50</factId>
  <objectToString>Declared [institution=0, ballot=raMethod, round=0, result={1=5}]</objectToString>
</org.drools.audit.event.ObjectLogEvent>
<org.drools.audit.event.ActivationLogEvent>
  <type>7</type>
  <activationId>Count votes [44, 5, 39, 2]</activationId>
  <rule>Count votes</rule>
  <declarations>$ag=elf 0(39); $votes=[](44); $round=0(2); $b=raMethod(39); $iid=0(2)</declarations>
  <ruleFlowGroup>vote</ruleFlowGroup>
</org.drools.audit.event.ActivationLogEvent>
<org.drools.audit.event.ActivationLogEvent>
  <type>6</type>
  <activationId>Echo Votes Counted [50]</activationId>
  <rule>Echo Votes Counted</rule>
  <declarations>$vc=Declared [institution=0, ballot=raMethod, round=0, result={1=5}](50)</declarations>
  <ruleFlowGroup>vote</ruleFlowGroup>
</org.drools.audit.event.ActivationLogEvent>
<org.drools.audit.event.ActivationLogEvent>
  <type>7</type>
  <activationId>Echo Votes Counted [50]</activationId>
  <rule>Echo Votes Counted</rule>
  <declarations>$vc=Declared [institution=0, ballot=raMethod, round=0, result={1=5}](50)</declarations>
  <ruleFlowGroup>vote</ruleFlowGroup>
</org.drools.audit.event.ActivationLogEvent>
<org.drools.audit.event.ActivationLogEvent>
  <type>6</type>
  <activationId>Declare winner and update Ra method [2, 50]</activationId>
  <rule>Declare winner and update Ra method</rule>
  <declarations>$i=Institution [id=0, state=CFV, round=0, allocationMethod=QUEUE](2); $iid=0(50); $vc=Declared [institution=0, ballot=raMethod, round=0, result={1=5}](50)</declarations>
  <ruleFlowGroup>vote</ruleFlowGroup>
</org.drools.audit.event.ActivationLogEvent>
<org.drools.audit.event.ActivationLogEvent>
  <type>4</type>
  <activationId>Echo Declared [51]</activationId>
  <rule>Echo Declared</rule>
  <declarations>$d=Declared( institution=0, ballot=raMethod, round=0, result=1 )(51)</declarations>
  <ruleFlowGroup>vote</ruleFlowGroup>
</org.drools.audit.event.ActivationLogEvent>
<org.drools.audit.event.ObjectLogEvent>
  <type>1</type>
  <factId>51</factId>
  <objectToString>Declared( institution=0, ballot=raMethod, round=0, result=1 )</objectToString>
</org.drools.audit.event.ObjectLogEvent>
<org.drools.audit.event.ActivationLogEvent>
  <type>7</type>
  <activationId>Declare winner and update Ra method [2, 50]</activationId>
  <rule>Declare winner and update Ra method</rule>
  <declarations>$i=Institution [id=0, state=CFV, round=0, allocationMethod=QUEUE](2); $iid=0(50); $vc=Declared [institution=0, ballot=raMethod, round=0, result={1=5}](50)</declarations>
  <ruleFlowGroup>vote</ruleFlowGroup>
</org.drools.audit.event.ActivationLogEvent>
<org.drools.audit.event.ActivationLogEvent>
  <type>6</type>
  <activationId>Echo Declared [51]</activationId>
  <rule>Echo Declared</rule>
  <declarations>$d=Declared( institution=0, ballot=raMethod, round=0, result=1 )(51)</declarations>
  <ruleFlowGroup>vote</ruleFlowGroup>
</org.drools.audit.event.ActivationLogEvent>
<org.drools.audit.event.ActivationLogEvent>
  <type>7</type>
  <activationId>Echo Declared [51]</activationId>
  <rule>Echo Declared</rule>
  <declarations>$d=Declared( institution=0, ballot=raMethod, round=0, result=1 )(51)</declarations>
  <ruleFlowGroup>vote</ruleFlowGroup>
</org.drools.audit.event.ActivationLogEvent>
<org.drools.audit.event.RuleFlowGroupLogEvent>
  <type>14</type>
  <groupName>vote</groupName>
  <size>0</size>
</org.drools.audit.event.RuleFlowGroupLogEvent>
<org.drools.audit.event.RuleFlowGroupLogEvent>
  <type>15</type>
  <groupName>vote</groupName>
  <size>0</size>
</org.drools.audit.event.RuleFlowGroupLogEvent>
<org.drools.audit.event.RuleFlowNodeLogEvent>
  <type>26</type>
  <processId>allocation.Simulation</processId>
  <processName>Simulation</processName>
  <processInstanceId>1</processInstanceId>
  <nodeId>6</nodeId>
  <nodeName>Vote</nodeName>
  <nodeInstanceId>3</nodeInstanceId>
</org.drools.audit.event.RuleFlowNodeLogEvent>
<org.drools.audit.event.RuleFlowNodeLogEvent>
  <type>24</type>
  <processId>allocation.Simulation</processId>
  <processName>Simulation</processName>
  <processInstanceId>1</processInstanceId>
  <nodeId>7</nodeId>
  <nodeName>Demand</nodeName>
  <nodeInstanceId>4</nodeInstanceId>
</org.drools.audit.event.RuleFlowNodeLogEvent>
<org.drools.audit.event.RuleFlowGroupLogEvent>
  <type>12</type>
  <groupName>demand</groupName>
  <size>5</size>
</org.drools.audit.event.RuleFlowGroupLogEvent>
<org.drools.audit.event.RuleFlowGroupLogEvent>
  <type>13</type>
  <groupName>demand</groupName>
  <size>5</size>
</org.drools.audit.event.RuleFlowGroupLogEvent>
<org.drools.audit.event.RuleFlowNodeLogEvent>
  <type>25</type>
  <processId>allocation.Simulation</processId>
  <processName>Simulation</processName>
  <processInstanceId>1</processInstanceId>
  <nodeId>7</nodeId>
  <nodeName>Demand</nodeName>
  <nodeInstanceId>4</nodeInstanceId>
</org.drools.audit.event.RuleFlowNodeLogEvent>
<org.drools.audit.event.RuleFlowNodeLogEvent>
  <type>27</type>
  <processId>allocation.Simulation</processId>
  <processName>Simulation</processName>
  <processInstanceId>1</processInstanceId>
  <nodeId>6</nodeId>
  <nodeName>Vote</nodeName>
  <nodeInstanceId>3</nodeInstanceId>
</org.drools.audit.event.RuleFlowNodeLogEvent>
<org.drools.audit.event.ActivationLogEvent>
  <type>6</type>
  <activationId>Member Demands [12, 1, 2]</activationId>
  <rule>Member Demands</rule>
  <declarations>$member=allocation.newagents.Member@5c1e112(12); $inst=Institution [id=0, state=CFV, round=0, allocationMethod=QUEUE](2); $pools=[CommonPool 0 [resourceLevel=500.0, maxLevel=500.0]](2); $round=0(2); $pool=CommonPool 0 [resourceLevel=500.0, maxLevel=500.0](1); $iid=0(2)</declarations>
  <ruleFlowGroup>demand</ruleFlowGroup>
</org.drools.audit.event.ActivationLogEvent>
<org.drools.audit.event.ActivationLogEvent>
  <type>4</type>
  <activationId>Do allocation - raMethod QUEUE [6, 5, 1, 2]</activationId>
  <rule>Do allocation - raMethod QUEUE</rule>
  <declarations>$hd=allocation.newagents.Head@5c1e10e(5); $inst=Institution [id=0, state=CFV, round=0, allocationMethod=QUEUE](2); $pools=[CommonPool 0 [resourceLevel=500.0, maxLevel=500.0]](2); $round=0(2); $demands=[Demand [quantity=46.25815257197513]](6); $pool=CommonPool 0 [resourceLevel=500.0, maxLevel=500.0](1); $iid=0(2)</declarations>
  <ruleFlowGroup>allocate</ruleFlowGroup>
</org.drools.audit.event.ActivationLogEvent>
<org.drools.audit.event.ObjectLogEvent>
  <type>1</type>
  <factId>52</factId>
  <objectToString>Demand [quantity=46.25815257197513]</objectToString>
</org.drools.audit.event.ObjectLogEvent>
<org.drools.audit.event.ActivationLogEvent>
  <type>7</type>
  <activationId>Member Demands [12, 1, 2]</activationId>
  <rule>Member Demands</rule>
  <declarations>$member=allocation.newagents.Member@5c1e112(12); $inst=Institution [id=0, state=CFV, round=0, allocationMethod=QUEUE](2); $pools=[CommonPool 0 [resourceLevel=500.0, maxLevel=500.0]](2); $round=0(2); $pool=CommonPool 0 [resourceLevel=500.0, maxLevel=500.0](1); $iid=0(2)</declarations>
  <ruleFlowGroup>demand</ruleFlowGroup>
</org.drools.audit.event.ActivationLogEvent>
<org.drools.audit.event.ActivationLogEvent>
  <type>6</type>
  <activationId>Member Demands [11, 1, 2]</activationId>
  <rule>Member Demands</rule>
  <declarations>$member=allocation.newagents.Member@5c1e111(11); $inst=Institution [id=0, state=CFV, round=0, allocationMethod=QUEUE](2); $pools=[CommonPool 0 [resourceLevel=500.0, maxLevel=500.0]](2); $round=0(2); $pool=CommonPool 0 [resourceLevel=500.0, maxLevel=500.0](1); $iid=0(2)</declarations>
  <ruleFlowGroup>demand</ruleFlowGroup>
</org.drools.audit.event.ActivationLogEvent>
<org.drools.audit.event.ObjectLogEvent>
  <type>1</type>
  <factId>53</factId>
  <objectToString>Demand [quantity=51.15728759837802]</objectToString>
</org.drools.audit.event.ObjectLogEvent>
<org.drools.audit.event.ActivationLogEvent>
  <type>7</type>
  <activationId>Member Demands [11, 1, 2]</activationId>
  <rule>Member Demands</rule>
  <declarations>$member=allocation.newagents.Member@5c1e111(11); $inst=Institution [id=0, state=CFV, round=0, allocationMethod=QUEUE](2); $pools=[CommonPool 0 [resourceLevel=500.0, maxLevel=500.0]](2); $round=0(2); $pool=CommonPool 0 [resourceLevel=500.0, maxLevel=500.0](1); $iid=0(2)</declarations>
  <ruleFlowGroup>demand</ruleFlowGroup>
</org.drools.audit.event.ActivationLogEvent>
<org.drools.audit.event.ActivationLogEvent>
  <type>6</type>
  <activationId>Member Demands [10, 1, 2]</activationId>
  <rule>Member Demands</rule>
  <declarations>$member=allocation.newagents.Member@5c1e110(10); $inst=Institution [id=0, state=CFV, round=0, allocationMethod=QUEUE](2); $pools=[CommonPool 0 [resourceLevel=500.0, maxLevel=500.0]](2); $round=0(2); $pool=CommonPool 0 [resourceLevel=500.0, maxLevel=500.0](1); $iid=0(2)</declarations>
  <ruleFlowGroup>demand</ruleFlowGroup>
</org.drools.audit.event.ActivationLogEvent>
<org.drools.audit.event.ObjectLogEvent>
  <type>1</type>
  <factId>54</factId>
  <objectToString>Demand [quantity=53.05636375486642]</objectToString>
</org.drools.audit.event.ObjectLogEvent>
<org.drools.audit.event.ActivationLogEvent>
  <type>7</type>
  <activationId>Member Demands [10, 1, 2]</activationId>
  <rule>Member Demands</rule>
  <declarations>$member=allocation.newagents.Member@5c1e110(10); $inst=Institution [id=0, state=CFV, round=0, allocationMethod=QUEUE](2); $pools=[CommonPool 0 [resourceLevel=500.0, maxLevel=500.0]](2); $round=0(2); $pool=CommonPool 0 [resourceLevel=500.0, maxLevel=500.0](1); $iid=0(2)</declarations>
  <ruleFlowGroup>demand</ruleFlowGroup>
</org.drools.audit.event.ActivationLogEvent>
<org.drools.audit.event.ActivationLogEvent>
  <type>6</type>
  <activationId>Member Demands [9, 1, 2]</activationId>
  <rule>Member Demands</rule>
  <declarations>$member=allocation.newagents.Member@5c1e10f(9); $inst=Institution [id=0, state=CFV, round=0, allocationMethod=QUEUE](2); $pools=[CommonPool 0 [resourceLevel=500.0, maxLevel=500.0]](2); $round=0(2); $pool=CommonPool 0 [resourceLevel=500.0, maxLevel=500.0](1); $iid=0(2)</declarations>
  <ruleFlowGroup>demand</ruleFlowGroup>
</org.drools.audit.event.ActivationLogEvent>
<org.drools.audit.event.ObjectLogEvent>
  <type>1</type>
  <factId>55</factId>
  <objectToString>Demand [quantity=51.19919751091273]</objectToString>
</org.drools.audit.event.ObjectLogEvent>
<org.drools.audit.event.ActivationLogEvent>
  <type>7</type>
  <activationId>Member Demands [9, 1, 2]</activationId>
  <rule>Member Demands</rule>
  <declarations>$member=allocation.newagents.Member@5c1e10f(9); $inst=Institution [id=0, state=CFV, round=0, allocationMethod=QUEUE](2); $pools=[CommonPool 0 [resourceLevel=500.0, maxLevel=500.0]](2); $round=0(2); $pool=CommonPool 0 [resourceLevel=500.0, maxLevel=500.0](1); $iid=0(2)</declarations>
  <ruleFlowGroup>demand</ruleFlowGroup>
</org.drools.audit.event.ActivationLogEvent>
<org.drools.audit.event.ActivationLogEvent>
  <type>6</type>
  <activationId>Member Demands [5, 1, 2]</activationId>
  <rule>Member Demands</rule>
  <declarations>$member=allocation.newagents.Head@5c1e10e(5); $inst=Institution [id=0, state=CFV, round=0, allocationMethod=QUEUE](2); $pools=[CommonPool 0 [resourceLevel=500.0, maxLevel=500.0]](2); $round=0(2); $pool=CommonPool 0 [resourceLevel=500.0, maxLevel=500.0](1); $iid=0(2)</declarations>
  <ruleFlowGroup>demand</ruleFlowGroup>
</org.drools.audit.event.ActivationLogEvent>
<org.drools.audit.event.ObjectLogEvent>
  <type>1</type>
  <factId>56</factId>
  <objectToString>Demand [quantity=52.166307022016454]</objectToString>
</org.drools.audit.event.ObjectLogEvent>
<org.drools.audit.event.ActivationLogEvent>
  <type>7</type>
  <activationId>Member Demands [5, 1, 2]</activationId>
  <rule>Member Demands</rule>
  <declarations>$member=allocation.newagents.Head@5c1e10e(5); $inst=Institution [id=0, state=CFV, round=0, allocationMethod=QUEUE](2); $pools=[CommonPool 0 [resourceLevel=500.0, maxLevel=500.0]](2); $round=0(2); $pool=CommonPool 0 [resourceLevel=500.0, maxLevel=500.0](1); $iid=0(2)</declarations>
  <ruleFlowGroup>demand</ruleFlowGroup>
</org.drools.audit.event.ActivationLogEvent>
<org.drools.audit.event.RuleFlowGroupLogEvent>
  <type>14</type>
  <groupName>demand</groupName>
  <size>0</size>
</org.drools.audit.event.RuleFlowGroupLogEvent>
<org.drools.audit.event.RuleFlowGroupLogEvent>
  <type>15</type>
  <groupName>demand</groupName>
  <size>0</size>
</org.drools.audit.event.RuleFlowGroupLogEvent>
<org.drools.audit.event.RuleFlowNodeLogEvent>
  <type>26</type>
  <processId>allocation.Simulation</processId>
  <processName>Simulation</processName>
  <processInstanceId>1</processInstanceId>
  <nodeId>7</nodeId>
  <nodeName>Demand</nodeName>
  <nodeInstanceId>4</nodeInstanceId>
</org.drools.audit.event.RuleFlowNodeLogEvent>
<org.drools.audit.event.RuleFlowNodeLogEvent>
  <type>24</type>
  <processId>allocation.Simulation</processId>
  <processName>Simulation</processName>
  <processInstanceId>1</processInstanceId>
  <nodeId>8</nodeId>
  <nodeName>Allocate</nodeName>
  <nodeInstanceId>5</nodeInstanceId>
</org.drools.audit.event.RuleFlowNodeLogEvent>
<org.drools.audit.event.RuleFlowGroupLogEvent>
  <type>12</type>
  <groupName>allocate</groupName>
  <size>1</size>
</org.drools.audit.event.RuleFlowGroupLogEvent>
<org.drools.audit.event.RuleFlowGroupLogEvent>
  <type>13</type>
  <groupName>allocate</groupName>
  <size>1</size>
</org.drools.audit.event.RuleFlowGroupLogEvent>
<org.drools.audit.event.RuleFlowNodeLogEvent>
  <type>25</type>
  <processId>allocation.Simulation</processId>
  <processName>Simulation</processName>
  <processInstanceId>1</processInstanceId>
  <nodeId>8</nodeId>
  <nodeName>Allocate</nodeName>
  <nodeInstanceId>5</nodeInstanceId>
</org.drools.audit.event.RuleFlowNodeLogEvent>
<org.drools.audit.event.RuleFlowNodeLogEvent>
  <type>27</type>
  <processId>allocation.Simulation</processId>
  <processName>Simulation</processName>
  <processInstanceId>1</processInstanceId>
  <nodeId>7</nodeId>
  <nodeName>Demand</nodeName>
  <nodeInstanceId>4</nodeInstanceId>
</org.drools.audit.event.RuleFlowNodeLogEvent>
<org.drools.audit.event.ActivationLogEvent>
  <type>6</type>
  <activationId>Do allocation - raMethod QUEUE [6, 5, 1, 2]</activationId>
  <rule>Do allocation - raMethod QUEUE</rule>
  <declarations>$hd=allocation.newagents.Head@5c1e10e(5); $inst=Institution [id=0, state=CFV, round=0, allocationMethod=QUEUE](2); $pools=[CommonPool 0 [resourceLevel=500.0, maxLevel=500.0]](2); $round=0(2); $demands=[Demand [quantity=46.25815257197513], Demand [quantity=51.15728759837802], Demand [quantity=53.05636375486642], Demand [quantity=51.19919751091273], Demand [quantity=52.166307022016454]](6); $pool=CommonPool 0 [resourceLevel=500.0, maxLevel=500.0](1); $iid=0(2)</declarations>
  <ruleFlowGroup>allocate</ruleFlowGroup>
</org.drools.audit.event.ActivationLogEvent>
<org.drools.audit.event.ActivationLogEvent>
  <type>5</type>
  <activationId>Member appropriation - no allocation [1, 2, 12, 4]</activationId>
  <rule>Member appropriation - no allocation</rule>
  <declarations>$i=Institution [id=0, state=CFV, round=0, allocationMethod=QUEUE](2); $t=0(4); $member=allocation.newagents.Member@5c1e112(12); $pid=0(12); $round=0(2); $pool=CommonPool 0 [resourceLevel=500.0, maxLevel=500.0](1); $iid=0(12)</declarations>
  <ruleFlowGroup>appropriate</ruleFlowGroup>
</org.drools.audit.event.ActivationLogEvent>
<org.drools.audit.event.ActivationLogEvent>
  <type>4</type>
  <activationId>Member appropriation - allocated [57, 1, 2, 12]</activationId>
  <rule>Member appropriation - allocated</rule>
  <declarations>$all=Allocation [quantity=46.25815257197513, agent=elf 4, round=0](57); $i=Institution [id=0, state=CFV, round=0, allocationMethod=QUEUE](2); $member=allocation.newagents.Member@5c1e112(12); $pid=0(12); $round=0(2); $pool=CommonPool 0 [resourceLevel=500.0, maxLevel=500.0](1); $iid=0(12)</declarations>
  <ruleFlowGroup>appropriate</ruleFlowGroup>
</org.drools.audit.event.ActivationLogEvent>
<org.drools.audit.event.ObjectLogEvent>
  <type>1</type>
  <factId>57</factId>
  <objectToString>Allocation [quantity=46.25815257197513, agent=elf 4, round=0]</objectToString>
</org.drools.audit.event.ObjectLogEvent>
<org.drools.audit.event.ActivationLogEvent>
  <type>5</type>
  <activationId>Member appropriation - no allocation [1, 2, 10, 4]</activationId>
  <rule>Member appropriation - no allocation</rule>
  <declarations>$i=Institution [id=0, state=CFV, round=0, allocationMethod=QUEUE](2); $t=0(4); $member=allocation.newagents.Member@5c1e110(10); $pid=0(10); $round=0(2); $pool=CommonPool 0 [resourceLevel=500.0, maxLevel=500.0](1); $iid=0(10)</declarations>
  <ruleFlowGroup>appropriate</ruleFlowGroup>
</org.drools.audit.event.ActivationLogEvent>
<org.drools.audit.event.ActivationLogEvent>
  <type>4</type>
  <activationId>Member appropriation - allocated [58, 1, 2, 10]</activationId>
  <rule>Member appropriation - allocated</rule>
  <declarations>$all=Allocation [quantity=53.05636375486642, agent=elf 2, round=0](58); $i=Institution [id=0, state=CFV, round=0, allocationMethod=QUEUE](2); $member=allocation.newagents.Member@5c1e110(10); $pid=0(10); $round=0(2); $pool=CommonPool 0 [resourceLevel=500.0, maxLevel=500.0](1); $iid=0(10)</declarations>
  <ruleFlowGroup>appropriate</ruleFlowGroup>
</org.drools.audit.event.ActivationLogEvent>
<org.drools.audit.event.ObjectLogEvent>
  <type>1</type>
  <factId>58</factId>
  <objectToString>Allocation [quantity=53.05636375486642, agent=elf 2, round=0]</objectToString>
</org.drools.audit.event.ObjectLogEvent>
<org.drools.audit.event.ActivationLogEvent>
  <type>5</type>
  <activationId>Member appropriation - no allocation [1, 2, 5, 4]</activationId>
  <rule>Member appropriation - no allocation</rule>
  <declarations>$i=Institution [id=0, state=CFV, round=0, allocationMethod=QUEUE](2); $t=0(4); $member=allocation.newagents.Head@5c1e10e(5); $pid=0(5); $round=0(2); $pool=CommonPool 0 [resourceLevel=500.0, maxLevel=500.0](1); $iid=0(5)</declarations>
  <ruleFlowGroup>appropriate</ruleFlowGroup>
</org.drools.audit.event.ActivationLogEvent>
<org.drools.audit.event.ActivationLogEvent>
  <type>4</type>
  <activationId>Member appropriation - allocated [59, 1, 2, 5]</activationId>
  <rule>Member appropriation - allocated</rule>
  <declarations>$all=Allocation [quantity=52.166307022016454, agent=elf 0, round=0](59); $i=Institution [id=0, state=CFV, round=0, allocationMethod=QUEUE](2); $member=allocation.newagents.Head@5c1e10e(5); $pid=0(5); $round=0(2); $pool=CommonPool 0 [resourceLevel=500.0, maxLevel=500.0](1); $iid=0(5)</declarations>
  <ruleFlowGroup>appropriate</ruleFlowGroup>
</org.drools.audit.event.ActivationLogEvent>
<org.drools.audit.event.ObjectLogEvent>
  <type>1</type>
  <factId>59</factId>
  <objectToString>Allocation [quantity=52.166307022016454, agent=elf 0, round=0]</objectToString>
</org.drools.audit.event.ObjectLogEvent>
<org.drools.audit.event.ActivationLogEvent>
  <type>5</type>
  <activationId>Member appropriation - no allocation [1, 2, 9, 4]</activationId>
  <rule>Member appropriation - no allocation</rule>
  <declarations>$i=Institution [id=0, state=CFV, round=0, allocationMethod=QUEUE](2); $t=0(4); $member=allocation.newagents.Member@5c1e10f(9); $pid=0(9); $round=0(2); $pool=CommonPool 0 [resourceLevel=500.0, maxLevel=500.0](1); $iid=0(9)</declarations>
  <ruleFlowGroup>appropriate</ruleFlowGroup>
</org.drools.audit.event.ActivationLogEvent>
<org.drools.audit.event.ActivationLogEvent>
  <type>4</type>
  <activationId>Member appropriation - allocated [60, 1, 2, 9]</activationId>
  <rule>Member appropriation - allocated</rule>
  <declarations>$all=Allocation [quantity=51.19919751091273, agent=elf 1, round=0](60); $i=Institution [id=0, state=CFV, round=0, allocationMethod=QUEUE](2); $member=allocation.newagents.Member@5c1e10f(9); $pid=0(9); $round=0(2); $pool=CommonPool 0 [resourceLevel=500.0, maxLevel=500.0](1); $iid=0(9)</declarations>
  <ruleFlowGroup>appropriate</ruleFlowGroup>
</org.drools.audit.event.ActivationLogEvent>
<org.drools.audit.event.ObjectLogEvent>
  <type>1</type>
  <factId>60</factId>
  <objectToString>Allocation [quantity=51.19919751091273, agent=elf 1, round=0]</objectToString>
</org.drools.audit.event.ObjectLogEvent>
<org.drools.audit.event.ActivationLogEvent>
  <type>5</type>
  <activationId>Member appropriation - no allocation [1, 2, 11, 4]</activationId>
  <rule>Member appropriation - no allocation</rule>
  <declarations>$i=Institution [id=0, state=CFV, round=0, allocationMethod=QUEUE](2); $t=0(4); $member=allocation.newagents.Member@5c1e111(11); $pid=0(11); $round=0(2); $pool=CommonPool 0 [resourceLevel=500.0, maxLevel=500.0](1); $iid=0(11)</declarations>
  <ruleFlowGroup>appropriate</ruleFlowGroup>
</org.drools.audit.event.ActivationLogEvent>
<org.drools.audit.event.ActivationLogEvent>
  <type>4</type>
  <activationId>Member appropriation - allocated [61, 1, 2, 11]</activationId>
  <rule>Member appropriation - allocated</rule>
  <declarations>$all=Allocation [quantity=51.15728759837802, agent=elf 3, round=0](61); $i=Institution [id=0, state=CFV, round=0, allocationMethod=QUEUE](2); $member=allocation.newagents.Member@5c1e111(11); $pid=0(11); $round=0(2); $pool=CommonPool 0 [resourceLevel=500.0, maxLevel=500.0](1); $iid=0(11)</declarations>
  <ruleFlowGroup>appropriate</ruleFlowGroup>
</org.drools.audit.event.ActivationLogEvent>
<org.drools.audit.event.ObjectLogEvent>
  <type>1</type>
  <factId>61</factId>
  <objectToString>Allocation [quantity=51.15728759837802, agent=elf 3, round=0]</objectToString>
</org.drools.audit.event.ObjectLogEvent>
<org.drools.audit.event.ActivationLogEvent>
  <type>7</type>
  <activationId>Do allocation - raMethod QUEUE [6, 5, 1, 2]</activationId>
  <rule>Do allocation - raMethod QUEUE</rule>
  <declarations>$hd=allocation.newagents.Head@5c1e10e(5); $inst=Institution [id=0, state=CFV, round=0, allocationMethod=QUEUE](2); $pools=[CommonPool 0 [resourceLevel=500.0, maxLevel=500.0]](2); $round=0(2); $demands=[Demand [quantity=51.15728759837802], Demand [quantity=51.19919751091273], Demand [quantity=53.05636375486642], Demand [quantity=46.25815257197513], Demand [quantity=52.166307022016454]](6); $pool=CommonPool 0 [resourceLevel=500.0, maxLevel=500.0](1); $iid=0(2)</declarations>
  <ruleFlowGroup>allocate</ruleFlowGroup>
</org.drools.audit.event.ActivationLogEvent>
<org.drools.audit.event.RuleFlowGroupLogEvent>
  <type>14</type>
  <groupName>allocate</groupName>
  <size>0</size>
</org.drools.audit.event.RuleFlowGroupLogEvent>
<org.drools.audit.event.RuleFlowGroupLogEvent>
  <type>15</type>
  <groupName>allocate</groupName>
  <size>0</size>
</org.drools.audit.event.RuleFlowGroupLogEvent>
<org.drools.audit.event.RuleFlowNodeLogEvent>
  <type>26</type>
  <processId>allocation.Simulation</processId>
  <processName>Simulation</processName>
  <processInstanceId>1</processInstanceId>
  <nodeId>8</nodeId>
  <nodeName>Allocate</nodeName>
  <nodeInstanceId>5</nodeInstanceId>
</org.drools.audit.event.RuleFlowNodeLogEvent>
<org.drools.audit.event.RuleFlowNodeLogEvent>
  <type>24</type>
  <processId>allocation.Simulation</processId>
  <processName>Simulation</processName>
  <processInstanceId>1</processInstanceId>
  <nodeId>9</nodeId>
  <nodeName>Appropriate</nodeName>
  <nodeInstanceId>6</nodeInstanceId>
</org.drools.audit.event.RuleFlowNodeLogEvent>
<org.drools.audit.event.RuleFlowGroupLogEvent>
  <type>12</type>
  <groupName>appropriate</groupName>
  <size>8</size>
</org.drools.audit.event.RuleFlowGroupLogEvent>
<org.drools.audit.event.RuleFlowGroupLogEvent>
  <type>13</type>
  <groupName>appropriate</groupName>
  <size>8</size>
</org.drools.audit.event.RuleFlowGroupLogEvent>
<org.drools.audit.event.RuleFlowNodeLogEvent>
  <type>25</type>
  <processId>allocation.Simulation</processId>
  <processName>Simulation</processName>
  <processInstanceId>1</processInstanceId>
  <nodeId>9</nodeId>
  <nodeName>Appropriate</nodeName>
  <nodeInstanceId>6</nodeInstanceId>
</org.drools.audit.event.RuleFlowNodeLogEvent>
<org.drools.audit.event.RuleFlowNodeLogEvent>
  <type>27</type>
  <processId>allocation.Simulation</processId>
  <processName>Simulation</processName>
  <processInstanceId>1</processInstanceId>
  <nodeId>8</nodeId>
  <nodeName>Allocate</nodeName>
  <nodeInstanceId>5</nodeInstanceId>
</org.drools.audit.event.RuleFlowNodeLogEvent>
<org.drools.audit.event.ActivationLogEvent>
  <type>6</type>
  <activationId>Member appropriation - allocated [61, 1, 2, 11]</activationId>
  <rule>Member appropriation - allocated</rule>
  <declarations>$all=Allocation [quantity=51.15728759837802, agent=elf 3, round=0](61); $i=Institution [id=0, state=CFV, round=0, allocationMethod=QUEUE](2); $member=allocation.newagents.Member@5c1e111(11); $pid=0(11); $round=0(2); $pool=CommonPool 0 [resourceLevel=500.0, maxLevel=500.0](1); $iid=0(11)</declarations>
  <ruleFlowGroup>appropriate</ruleFlowGroup>
</org.drools.audit.event.ActivationLogEvent>
<org.drools.audit.event.ObjectLogEvent>
  <type>1</type>
  <factId>62</factId>
  <objectToString>Appropriated( agent=elf 3, round=0, quantity=51.15728759837802 )</objectToString>
</org.drools.audit.event.ObjectLogEvent>
<org.drools.audit.event.ActivationLogEvent>
  <type>4</type>
  <activationId>Vote for RA method [1, 2, 5]</activationId>
  <rule>Vote for RA method</rule>
  <declarations>$i=Institution [id=0, state=CFV, round=0, allocationMethod=QUEUE](2); $member=allocation.newagents.Head@5c1e10e(5); $pid=0(5); $r=0(2); $pool=CommonPool 0 [resourceLevel=448.84271240162195, maxLevel=500.0](1); $iid=0(5)</declarations>
  <ruleFlowGroup>vote</ruleFlowGroup>
</org.drools.audit.event.ActivationLogEvent>
<org.drools.audit.event.ActivationLogEvent>
  <type>4</type>
  <activationId>Vote for RA method [1, 2, 9]</activationId>
  <rule>Vote for RA method</rule>
  <declarations>$i=Institution [id=0, state=CFV, round=0, allocationMethod=QUEUE](2); $member=allocation.newagents.Member@5c1e10f(9); $pid=0(9); $r=0(2); $pool=CommonPool 0 [resourceLevel=448.84271240162195, maxLevel=500.0](1); $iid=0(9)</declarations>
  <ruleFlowGroup>vote</ruleFlowGroup>
</org.drools.audit.event.ActivationLogEvent>
<org.drools.audit.event.ActivationLogEvent>
  <type>4</type>
  <activationId>Vote for RA method [1, 2, 10]</activationId>
  <rule>Vote for RA method</rule>
  <declarations>$i=Institution [id=0, state=CFV, round=0, allocationMethod=QUEUE](2); $member=allocation.newagents.Member@5c1e110(10); $pid=0(10); $r=0(2); $pool=CommonPool 0 [resourceLevel=448.84271240162195, maxLevel=500.0](1); $iid=0(10)</declarations>
  <ruleFlowGroup>vote</ruleFlowGroup>
</org.drools.audit.event.ActivationLogEvent>
<org.drools.audit.event.ActivationLogEvent>
  <type>4</type>
  <activationId>Vote for RA method [1, 2, 11]</activationId>
  <rule>Vote for RA method</rule>
  <declarations>$i=Institution [id=0, state=CFV, round=0, allocationMethod=QUEUE](2); $member=allocation.newagents.Member@5c1e111(11); $pid=0(11); $r=0(2); $pool=CommonPool 0 [resourceLevel=448.84271240162195, maxLevel=500.0](1); $iid=0(11)</declarations>
  <ruleFlowGroup>vote</ruleFlowGroup>
</org.drools.audit.event.ActivationLogEvent>
<org.drools.audit.event.ActivationLogEvent>
  <type>4</type>
  <activationId>Vote for RA method [1, 2, 12]</activationId>
  <rule>Vote for RA method</rule>
  <declarations>$i=Institution [id=0, state=CFV, round=0, allocationMethod=QUEUE](2); $member=allocation.newagents.Member@5c1e112(12); $pid=0(12); $r=0(2); $pool=CommonPool 0 [resourceLevel=448.84271240162195, maxLevel=500.0](1); $iid=0(12)</declarations>
  <ruleFlowGroup>vote</ruleFlowGroup>
</org.drools.audit.event.ActivationLogEvent>
<org.drools.audit.event.ActivationLogEvent>
  <type>4</type>
  <activationId>Member Demands [5, 1, 2]</activationId>
  <rule>Member Demands</rule>
  <declarations>$member=allocation.newagents.Head@5c1e10e(5); $inst=Institution [id=0, state=CFV, round=0, allocationMethod=QUEUE](2); $pools=[CommonPool 0 [resourceLevel=448.84271240162195, maxLevel=500.0]](2); $round=0(2); $pool=CommonPool 0 [resourceLevel=448.84271240162195, maxLevel=500.0](1); $iid=0(2)</declarations>
  <ruleFlowGroup>demand</ruleFlowGroup>
</org.drools.audit.event.ActivationLogEvent>
<org.drools.audit.event.ActivationLogEvent>
  <type>4</type>
  <activationId>Member Demands [9, 1, 2]</activationId>
  <rule>Member Demands</rule>
  <declarations>$member=allocation.newagents.Member@5c1e10f(9); $inst=Institution [id=0, state=CFV, round=0, allocationMethod=QUEUE](2); $pools=[CommonPool 0 [resourceLevel=448.84271240162195, maxLevel=500.0]](2); $round=0(2); $pool=CommonPool 0 [resourceLevel=448.84271240162195, maxLevel=500.0](1); $iid=0(2)</declarations>
  <ruleFlowGroup>demand</ruleFlowGroup>
</org.drools.audit.event.ActivationLogEvent>
<org.drools.audit.event.ActivationLogEvent>
  <type>4</type>
  <activationId>Member Demands [10, 1, 2]</activationId>
  <rule>Member Demands</rule>
  <declarations>$member=allocation.newagents.Member@5c1e110(10); $inst=Institution [id=0, state=CFV, round=0, allocationMethod=QUEUE](2); $pools=[CommonPool 0 [resourceLevel=448.84271240162195, maxLevel=500.0]](2); $round=0(2); $pool=CommonPool 0 [resourceLevel=448.84271240162195, maxLevel=500.0](1); $iid=0(2)</declarations>
  <ruleFlowGroup>demand</ruleFlowGroup>
</org.drools.audit.event.ActivationLogEvent>
<org.drools.audit.event.ActivationLogEvent>
  <type>4</type>
  <activationId>Member Demands [11, 1, 2]</activationId>
  <rule>Member Demands</rule>
  <declarations>$member=allocation.newagents.Member@5c1e111(11); $inst=Institution [id=0, state=CFV, round=0, allocationMethod=QUEUE](2); $pools=[CommonPool 0 [resourceLevel=448.84271240162195, maxLevel=500.0]](2); $round=0(2); $pool=CommonPool 0 [resourceLevel=448.84271240162195, maxLevel=500.0](1); $iid=0(2)</declarations>
  <ruleFlowGroup>demand</ruleFlowGroup>
</org.drools.audit.event.ActivationLogEvent>
<org.drools.audit.event.ActivationLogEvent>
  <type>4</type>
  <activationId>Member Demands [12, 1, 2]</activationId>
  <rule>Member Demands</rule>
  <declarations>$member=allocation.newagents.Member@5c1e112(12); $inst=Institution [id=0, state=CFV, round=0, allocationMethod=QUEUE](2); $pools=[CommonPool 0 [resourceLevel=448.84271240162195, maxLevel=500.0]](2); $round=0(2); $pool=CommonPool 0 [resourceLevel=448.84271240162195, maxLevel=500.0](1); $iid=0(2)</declarations>
  <ruleFlowGroup>demand</ruleFlowGroup>
</org.drools.audit.event.ActivationLogEvent>
<org.drools.audit.event.ActivationLogEvent>
  <type>4</type>
  <activationId>Do allocation - raMethod QUEUE [6, 5, 1, 2]</activationId>
  <rule>Do allocation - raMethod QUEUE</rule>
  <declarations>$hd=allocation.newagents.Head@5c1e10e(5); $inst=Institution [id=0, state=CFV, round=0, allocationMethod=QUEUE](2); $pools=[CommonPool 0 [resourceLevel=448.84271240162195, maxLevel=500.0]](2); $round=0(2); $demands=[Demand [quantity=51.15728759837802], Demand [quantity=51.19919751091273], Demand [quantity=53.05636375486642], Demand [quantity=46.25815257197513], Demand [quantity=52.166307022016454]](6); $pool=CommonPool 0 [resourceLevel=448.84271240162195, maxLevel=500.0](1); $iid=0(2)</declarations>
  <ruleFlowGroup>allocate</ruleFlowGroup>
</org.drools.audit.event.ActivationLogEvent>
<org.drools.audit.event.ObjectLogEvent>
  <type>2</type>
  <factId>1</factId>
  <objectToString>CommonPool 0 [resourceLevel=448.84271240162195, maxLevel=500.0]</objectToString>
</org.drools.audit.event.ObjectLogEvent>
<org.drools.audit.event.ActivationLogEvent>
  <type>7</type>
  <activationId>Member appropriation - allocated [61, 1, 2, 11]</activationId>
  <rule>Member appropriation - allocated</rule>
  <declarations>$all=Allocation [quantity=51.15728759837802, agent=elf 3, round=0](61); $i=Institution [id=0, state=CFV, round=0, allocationMethod=QUEUE](2); $member=allocation.newagents.Member@5c1e111(11); $pid=0(11); $round=0(2); $pool=CommonPool 0 [resourceLevel=448.84271240162195, maxLevel=500.0](1); $iid=0(11)</declarations>
  <ruleFlowGroup>appropriate</ruleFlowGroup>
</org.drools.audit.event.ActivationLogEvent>
<org.drools.audit.event.ActivationLogEvent>
  <type>6</type>
  <activationId>Member appropriation - allocated [60, 1, 2, 9]</activationId>
  <rule>Member appropriation - allocated</rule>
  <declarations>$all=Allocation [quantity=51.19919751091273, agent=elf 1, round=0](60); $i=Institution [id=0, state=CFV, round=0, allocationMethod=QUEUE](2); $member=allocation.newagents.Member@5c1e10f(9); $pid=0(9); $round=0(2); $pool=CommonPool 0 [resourceLevel=448.84271240162195, maxLevel=500.0](1); $iid=0(9)</declarations>
  <ruleFlowGroup>appropriate</ruleFlowGroup>
</org.drools.audit.event.ActivationLogEvent>
<org.drools.audit.event.ObjectLogEvent>
  <type>1</type>
  <factId>63</factId>
  <objectToString>Appropriated( agent=elf 1, round=0, quantity=51.19919751091273 )</objectToString>
</org.drools.audit.event.ObjectLogEvent>
<org.drools.audit.event.ObjectLogEvent>
  <type>2</type>
  <factId>1</factId>
  <objectToString>CommonPool 0 [resourceLevel=397.64351489070924, maxLevel=500.0]</objectToString>
</org.drools.audit.event.ObjectLogEvent>
<org.drools.audit.event.ActivationLogEvent>
  <type>7</type>
  <activationId>Member appropriation - allocated [60, 1, 2, 9]</activationId>
  <rule>Member appropriation - allocated</rule>
  <declarations>$all=Allocation [quantity=51.19919751091273, agent=elf 1, round=0](60); $i=Institution [id=0, state=CFV, round=0, allocationMethod=QUEUE](2); $member=allocation.newagents.Member@5c1e10f(9); $pid=0(9); $round=0(2); $pool=CommonPool 0 [resourceLevel=397.64351489070924, maxLevel=500.0](1); $iid=0(9)</declarations>
  <ruleFlowGroup>appropriate</ruleFlowGroup>
</org.drools.audit.event.ActivationLogEvent>
<org.drools.audit.event.ActivationLogEvent>
  <type>6</type>
  <activationId>Member appropriation - allocated [59, 1, 2, 5]</activationId>
  <rule>Member appropriation - allocated</rule>
  <declarations>$all=Allocation [quantity=52.166307022016454, agent=elf 0, round=0](59); $i=Institution [id=0, state=CFV, round=0, allocationMethod=QUEUE](2); $member=allocation.newagents.Head@5c1e10e(5); $pid=0(5); $round=0(2); $pool=CommonPool 0 [resourceLevel=397.64351489070924, maxLevel=500.0](1); $iid=0(5)</declarations>
  <ruleFlowGroup>appropriate</ruleFlowGroup>
</org.drools.audit.event.ActivationLogEvent>
<org.drools.audit.event.ObjectLogEvent>
  <type>1</type>
  <factId>64</factId>
  <objectToString>Appropriated( agent=elf 0, round=0, quantity=52.166307022016454 )</objectToString>
</org.drools.audit.event.ObjectLogEvent>
<org.drools.audit.event.ObjectLogEvent>
  <type>2</type>
  <factId>1</factId>
  <objectToString>CommonPool 0 [resourceLevel=345.4772078686928, maxLevel=500.0]</objectToString>
</org.drools.audit.event.ObjectLogEvent>
<org.drools.audit.event.ActivationLogEvent>
  <type>7</type>
  <activationId>Member appropriation - allocated [59, 1, 2, 5]</activationId>
  <rule>Member appropriation - allocated</rule>
  <declarations>$all=Allocation [quantity=52.166307022016454, agent=elf 0, round=0](59); $i=Institution [id=0, state=CFV, round=0, allocationMethod=QUEUE](2); $member=allocation.newagents.Head@5c1e10e(5); $pid=0(5); $round=0(2); $pool=CommonPool 0 [resourceLevel=345.4772078686928, maxLevel=500.0](1); $iid=0(5)</declarations>
  <ruleFlowGroup>appropriate</ruleFlowGroup>
</org.drools.audit.event.ActivationLogEvent>
<org.drools.audit.event.ActivationLogEvent>
  <type>6</type>
  <activationId>Member appropriation - allocated [58, 1, 2, 10]</activationId>
  <rule>Member appropriation - allocated</rule>
  <declarations>$all=Allocation [quantity=53.05636375486642, agent=elf 2, round=0](58); $i=Institution [id=0, state=CFV, round=0, allocationMethod=QUEUE](2); $member=allocation.newagents.Member@5c1e110(10); $pid=0(10); $round=0(2); $pool=CommonPool 0 [resourceLevel=345.4772078686928, maxLevel=500.0](1); $iid=0(10)</declarations>
  <ruleFlowGroup>appropriate</ruleFlowGroup>
</org.drools.audit.event.ActivationLogEvent>
<org.drools.audit.event.ObjectLogEvent>
  <type>1</type>
  <factId>65</factId>
  <objectToString>Appropriated( agent=elf 2, round=0, quantity=53.05636375486642 )</objectToString>
</org.drools.audit.event.ObjectLogEvent>
<org.drools.audit.event.ObjectLogEvent>
  <type>2</type>
  <factId>1</factId>
  <objectToString>CommonPool 0 [resourceLevel=292.4208441138264, maxLevel=500.0]</objectToString>
</org.drools.audit.event.ObjectLogEvent>
<org.drools.audit.event.ActivationLogEvent>
  <type>7</type>
  <activationId>Member appropriation - allocated [58, 1, 2, 10]</activationId>
  <rule>Member appropriation - allocated</rule>
  <declarations>$all=Allocation [quantity=53.05636375486642, agent=elf 2, round=0](58); $i=Institution [id=0, state=CFV, round=0, allocationMethod=QUEUE](2); $member=allocation.newagents.Member@5c1e110(10); $pid=0(10); $round=0(2); $pool=CommonPool 0 [resourceLevel=292.4208441138264, maxLevel=500.0](1); $iid=0(10)</declarations>
  <ruleFlowGroup>appropriate</ruleFlowGroup>
</org.drools.audit.event.ActivationLogEvent>
<org.drools.audit.event.ActivationLogEvent>
  <type>6</type>
  <activationId>Member appropriation - allocated [57, 1, 2, 12]</activationId>
  <rule>Member appropriation - allocated</rule>
  <declarations>$all=Allocation [quantity=46.25815257197513, agent=elf 4, round=0](57); $i=Institution [id=0, state=CFV, round=0, allocationMethod=QUEUE](2); $member=allocation.newagents.Member@5c1e112(12); $pid=0(12); $round=0(2); $pool=CommonPool 0 [resourceLevel=292.4208441138264, maxLevel=500.0](1); $iid=0(12)</declarations>
  <ruleFlowGroup>appropriate</ruleFlowGroup>
</org.drools.audit.event.ActivationLogEvent>
<org.drools.audit.event.ObjectLogEvent>
  <type>1</type>
  <factId>66</factId>
  <objectToString>Appropriated( agent=elf 4, round=0, quantity=46.25815257197513 )</objectToString>
</org.drools.audit.event.ObjectLogEvent>
<org.drools.audit.event.ObjectLogEvent>
  <type>2</type>
  <factId>1</factId>
  <objectToString>CommonPool 0 [resourceLevel=246.16269154185125, maxLevel=500.0]</objectToString>
</org.drools.audit.event.ObjectLogEvent>
<org.drools.audit.event.ActivationLogEvent>
  <type>7</type>
  <activationId>Member appropriation - allocated [57, 1, 2, 12]</activationId>
  <rule>Member appropriation - allocated</rule>
  <declarations>$all=Allocation [quantity=46.25815257197513, agent=elf 4, round=0](57); $i=Institution [id=0, state=CFV, round=0, allocationMethod=QUEUE](2); $member=allocation.newagents.Member@5c1e112(12); $pid=0(12); $round=0(2); $pool=CommonPool 0 [resourceLevel=246.16269154185125, maxLevel=500.0](1); $iid=0(12)</declarations>
  <ruleFlowGroup>appropriate</ruleFlowGroup>
</org.drools.audit.event.ActivationLogEvent>
<org.drools.audit.event.ActivationLogEvent>
  <type>6</type>
  <activationId>NonMember appropriation [1, 14, 4]</activationId>
  <rule>NonMember appropriation</rule>
  <declarations>$t=0(4); $pid=0(14); $nonmember=allocation.newagents.NonMember@38f9281(14); $pool=CommonPool 0 [resourceLevel=246.16269154185125, maxLevel=500.0](1)</declarations>
  <ruleFlowGroup>appropriate</ruleFlowGroup>
</org.drools.audit.event.ActivationLogEvent>
<org.drools.audit.event.ObjectLogEvent>
  <type>1</type>
  <factId>67</factId>
  <objectToString>Appropriated( agent=outelf 1, round=0, quantity=0.0 )</objectToString>
</org.drools.audit.event.ObjectLogEvent>
<org.drools.audit.event.ObjectLogEvent>
  <type>2</type>
  <factId>1</factId>
  <objectToString>CommonPool 0 [resourceLevel=246.16269154185125, maxLevel=500.0]</objectToString>
</org.drools.audit.event.ObjectLogEvent>
<org.drools.audit.event.ActivationLogEvent>
  <type>7</type>
  <activationId>NonMember appropriation [1, 14, 4]</activationId>
  <rule>NonMember appropriation</rule>
  <declarations>$t=0(4); $pid=0(14); $nonmember=allocation.newagents.NonMember@38f9281(14); $pool=CommonPool 0 [resourceLevel=246.16269154185125, maxLevel=500.0](1)</declarations>
  <ruleFlowGroup>appropriate</ruleFlowGroup>
</org.drools.audit.event.ActivationLogEvent>
<org.drools.audit.event.ActivationLogEvent>
  <type>6</type>
  <activationId>NonMember appropriation [1, 13, 4]</activationId>
  <rule>NonMember appropriation</rule>
  <declarations>$t=0(4); $pid=0(13); $nonmember=allocation.newagents.NonMember@38f9280(13); $pool=CommonPool 0 [resourceLevel=246.16269154185125, maxLevel=500.0](1)</declarations>
  <ruleFlowGroup>appropriate</ruleFlowGroup>
</org.drools.audit.event.ActivationLogEvent>
<org.drools.audit.event.ObjectLogEvent>
  <type>1</type>
  <factId>68</factId>
  <objectToString>Appropriated( agent=outelf 0, round=0, quantity=0.0 )</objectToString>
</org.drools.audit.event.ObjectLogEvent>
<org.drools.audit.event.ObjectLogEvent>
  <type>2</type>
  <factId>1</factId>
  <objectToString>CommonPool 0 [resourceLevel=246.16269154185125, maxLevel=500.0]</objectToString>
</org.drools.audit.event.ObjectLogEvent>
<org.drools.audit.event.ActivationLogEvent>
  <type>7</type>
  <activationId>NonMember appropriation [1, 13, 4]</activationId>
  <rule>NonMember appropriation</rule>
  <declarations>$t=0(4); $pid=0(13); $nonmember=allocation.newagents.NonMember@38f9280(13); $pool=CommonPool 0 [resourceLevel=246.16269154185125, maxLevel=500.0](1)</declarations>
  <ruleFlowGroup>appropriate</ruleFlowGroup>
</org.drools.audit.event.ActivationLogEvent>
<org.drools.audit.event.ActivationLogEvent>
  <type>6</type>
  <activationId>Monitor agents [8, 7, 1, 5, 2]</activationId>
  <rule>Monitor agents</rule>
  <declarations>$members=[allocation.newagents.Head@5c1e10e, allocation.newagents.Member@5c1e10f, allocation.newagents.Member@5c1e111, allocation.newagents.Member@5c1e110, allocation.newagents.Member@5c1e112](7); $i=Institution [id=0, state=CFV, round=0, allocationMethod=QUEUE](2); $head=allocation.newagents.Head@5c1e10e(5); $pid=0(5); $round=0(2); $pool=CommonPool 0 [resourceLevel=246.16269154185125, maxLevel=500.0](1); $iid=0(2); $nonMembers=[allocation.newagents.NonMember@38f9281, allocation.newagents.NonMember@38f9280, allocation.newagents.Head@5c1e10e, allocation.newagents.Member@5c1e10f, allocation.newagents.Member@5c1e111, allocation.newagents.Member@5c1e110, allocation.newagents.Member@5c1e112](8)</declarations>
  <ruleFlowGroup>appropriate</ruleFlowGroup>
</org.drools.audit.event.ActivationLogEvent>
<org.drools.audit.event.ActivationLogEvent>
  <type>4</type>
  <activationId>Deduct member monitoring cost [1, 9, 69, 2]</activationId>
  <rule>Deduct member monitoring cost</rule>
  <declarations>$i=Institution [id=0, state=CFV, round=0, allocationMethod=QUEUE](2); $name=elf 1(69); $pid=0(9); $round=0(2); $pool=CommonPool 0 [resourceLevel=246.16269154185125, maxLevel=500.0](1); $m=Monitored( agent=elf 1, round=0 )(69); $iid=0(2)</declarations>
  <ruleFlowGroup>appropriate</ruleFlowGroup>
</org.drools.audit.event.ActivationLogEvent>
<org.drools.audit.event.ObjectLogEvent>
  <type>1</type>
  <factId>69</factId>
  <objectToString>Monitored( agent=elf 1, round=0 )</objectToString>
</org.drools.audit.event.ObjectLogEvent>
<org.drools.audit.event.ActivationLogEvent>
  <type>4</type>
  <activationId>Deduct member monitoring cost [1, 10, 70, 2]</activationId>
  <rule>Deduct member monitoring cost</rule>
  <declarations>$i=Institution [id=0, state=CFV, round=0, allocationMethod=QUEUE](2); $name=elf 2(70); $pid=0(10); $round=0(2); $pool=CommonPool 0 [resourceLevel=246.16269154185125, maxLevel=500.0](1); $m=Monitored( agent=elf 2, round=0 )(70); $iid=0(2)</declarations>
  <ruleFlowGroup>appropriate</ruleFlowGroup>
</org.drools.audit.event.ActivationLogEvent>
<org.drools.audit.event.ObjectLogEvent>
  <type>1</type>
  <factId>70</factId>
  <objectToString>Monitored( agent=elf 2, round=0 )</objectToString>
</org.drools.audit.event.ObjectLogEvent>
<org.drools.audit.event.ActivationLogEvent>
  <type>4</type>
  <activationId>Deduct member monitoring cost [1, 11, 71, 2]</activationId>
  <rule>Deduct member monitoring cost</rule>
  <declarations>$i=Institution [id=0, state=CFV, round=0, allocationMethod=QUEUE](2); $name=elf 3(71); $pid=0(11); $round=0(2); $pool=CommonPool 0 [resourceLevel=246.16269154185125, maxLevel=500.0](1); $m=Monitored( agent=elf 3, round=0 )(71); $iid=0(2)</declarations>
  <ruleFlowGroup>appropriate</ruleFlowGroup>
</org.drools.audit.event.ActivationLogEvent>
<org.drools.audit.event.ObjectLogEvent>
  <type>1</type>
  <factId>71</factId>
  <objectToString>Monitored( agent=elf 3, round=0 )</objectToString>
</org.drools.audit.event.ObjectLogEvent>
<org.drools.audit.event.ActivationLogEvent>
  <type>4</type>
  <activationId>Deduct member monitoring cost [1, 5, 72, 2]</activationId>
  <rule>Deduct member monitoring cost</rule>
  <declarations>$i=Institution [id=0, state=CFV, round=0, allocationMethod=QUEUE](2); $name=elf 0(72); $pid=0(5); $round=0(2); $pool=CommonPool 0 [resourceLevel=246.16269154185125, maxLevel=500.0](1); $m=Monitored( agent=elf 0, round=0 )(72); $iid=0(2)</declarations>
  <ruleFlowGroup>appropriate</ruleFlowGroup>
</org.drools.audit.event.ActivationLogEvent>
<org.drools.audit.event.ObjectLogEvent>
  <type>1</type>
  <factId>72</factId>
  <objectToString>Monitored( agent=elf 0, round=0 )</objectToString>
</org.drools.audit.event.ObjectLogEvent>
<org.drools.audit.event.ObjectLogEvent>
  <type>1</type>
  <factId>73</factId>
  <objectToString>TaskExecuted( institution=Institution [id=0, state=CFV, round=0, allocationMethod=QUEUE], task=monitor, round=0 )</objectToString>
</org.drools.audit.event.ObjectLogEvent>
<org.drools.audit.event.ActivationLogEvent>
  <type>7</type>
  <activationId>Monitor agents [8, 7, 1, 5, 2]</activationId>
  <rule>Monitor agents</rule>
  <declarations>$members=[allocation.newagents.Head@5c1e10e, allocation.newagents.Member@5c1e10f, allocation.newagents.Member@5c1e111, allocation.newagents.Member@5c1e110, allocation.newagents.Member@5c1e112](7); $i=Institution [id=0, state=CFV, round=0, allocationMethod=QUEUE](2); $head=allocation.newagents.Head@5c1e10e(5); $pid=0(5); $round=0(2); $pool=CommonPool 0 [resourceLevel=246.16269154185125, maxLevel=500.0](1); $iid=0(2); $nonMembers=[allocation.newagents.NonMember@38f9281, allocation.newagents.NonMember@38f9280, allocation.newagents.Head@5c1e10e, allocation.newagents.Member@5c1e10f, allocation.newagents.Member@5c1e111, allocation.newagents.Member@5c1e110, allocation.newagents.Member@5c1e112](8)</declarations>
  <ruleFlowGroup>appropriate</ruleFlowGroup>
</org.drools.audit.event.ActivationLogEvent>
<org.drools.audit.event.ActivationLogEvent>
  <type>6</type>
  <activationId>Deduct member monitoring cost [1, 5, 72, 2]</activationId>
  <rule>Deduct member monitoring cost</rule>
  <declarations>$i=Institution [id=0, state=CFV, round=0, allocationMethod=QUEUE](2); $name=elf 0(72); $pid=0(5); $round=0(2); $pool=CommonPool 0 [resourceLevel=246.16269154185125, maxLevel=500.0](1); $m=Monitored( agent=elf 0, round=0 )(72); $iid=0(2)</declarations>
  <ruleFlowGroup>appropriate</ruleFlowGroup>
</org.drools.audit.event.ActivationLogEvent>
<org.drools.audit.event.ObjectLogEvent>
  <type>2</type>
  <factId>1</factId>
  <objectToString>CommonPool 0 [resourceLevel=241.16269154185125, maxLevel=500.0]</objectToString>
</org.drools.audit.event.ObjectLogEvent>
<org.drools.audit.event.ObjectLogEvent>
  <type>1</type>
  <factId>74</factId>
  <objectToString>Deducted( monitor=Monitored( agent=elf 0, round=0 ) )</objectToString>
</org.drools.audit.event.ObjectLogEvent>
<org.drools.audit.event.ActivationLogEvent>
  <type>7</type>
  <activationId>Deduct member monitoring cost [1, 5, 72, 2]</activationId>
  <rule>Deduct member monitoring cost</rule>
  <declarations>$i=Institution [id=0, state=CFV, round=0, allocationMethod=QUEUE](2); $name=elf 0(72); $pid=0(5); $round=0(2); $pool=CommonPool 0 [resourceLevel=241.16269154185125, maxLevel=500.0](1); $m=Monitored( agent=elf 0, round=0 )(72); $iid=0(2)</declarations>
  <ruleFlowGroup>appropriate</ruleFlowGroup>
</org.drools.audit.event.ActivationLogEvent>
<org.drools.audit.event.ActivationLogEvent>
  <type>6</type>
  <activationId>Deduct member monitoring cost [1, 11, 71, 2]</activationId>
  <rule>Deduct member monitoring cost</rule>
  <declarations>$i=Institution [id=0, state=CFV, round=0, allocationMethod=QUEUE](2); $name=elf 3(71); $pid=0(11); $round=0(2); $pool=CommonPool 0 [resourceLevel=241.16269154185125, maxLevel=500.0](1); $m=Monitored( agent=elf 3, round=0 )(71); $iid=0(2)</declarations>
  <ruleFlowGroup>appropriate</ruleFlowGroup>
</org.drools.audit.event.ActivationLogEvent>
<org.drools.audit.event.ObjectLogEvent>
  <type>2</type>
  <factId>1</factId>
  <objectToString>CommonPool 0 [resourceLevel=236.16269154185125, maxLevel=500.0]</objectToString>
</org.drools.audit.event.ObjectLogEvent>
<org.drools.audit.event.ObjectLogEvent>
  <type>1</type>
  <factId>75</factId>
  <objectToString>Deducted( monitor=Monitored( agent=elf 3, round=0 ) )</objectToString>
</org.drools.audit.event.ObjectLogEvent>
<org.drools.audit.event.ActivationLogEvent>
  <type>7</type>
  <activationId>Deduct member monitoring cost [1, 11, 71, 2]</activationId>
  <rule>Deduct member monitoring cost</rule>
  <declarations>$i=Institution [id=0, state=CFV, round=0, allocationMethod=QUEUE](2); $name=elf 3(71); $pid=0(11); $round=0(2); $pool=CommonPool 0 [resourceLevel=236.16269154185125, maxLevel=500.0](1); $m=Monitored( agent=elf 3, round=0 )(71); $iid=0(2)</declarations>
  <ruleFlowGroup>appropriate</ruleFlowGroup>
</org.drools.audit.event.ActivationLogEvent>
<org.drools.audit.event.ActivationLogEvent>
  <type>6</type>
  <activationId>Deduct member monitoring cost [1, 10, 70, 2]</activationId>
  <rule>Deduct member monitoring cost</rule>
  <declarations>$i=Institution [id=0, state=CFV, round=0, allocationMethod=QUEUE](2); $name=elf 2(70); $pid=0(10); $round=0(2); $pool=CommonPool 0 [resourceLevel=236.16269154185125, maxLevel=500.0](1); $m=Monitored( agent=elf 2, round=0 )(70); $iid=0(2)</declarations>
  <ruleFlowGroup>appropriate</ruleFlowGroup>
</org.drools.audit.event.ActivationLogEvent>
<org.drools.audit.event.ObjectLogEvent>
  <type>2</type>
  <factId>1</factId>
  <objectToString>CommonPool 0 [resourceLevel=231.16269154185125, maxLevel=500.0]</objectToString>
</org.drools.audit.event.ObjectLogEvent>
<org.drools.audit.event.ObjectLogEvent>
  <type>1</type>
  <factId>76</factId>
  <objectToString>Deducted( monitor=Monitored( agent=elf 2, round=0 ) )</objectToString>
</org.drools.audit.event.ObjectLogEvent>
<org.drools.audit.event.ActivationLogEvent>
  <type>7</type>
  <activationId>Deduct member monitoring cost [1, 10, 70, 2]</activationId>
  <rule>Deduct member monitoring cost</rule>
  <declarations>$i=Institution [id=0, state=CFV, round=0, allocationMethod=QUEUE](2); $name=elf 2(70); $pid=0(10); $round=0(2); $pool=CommonPool 0 [resourceLevel=231.16269154185125, maxLevel=500.0](1); $m=Monitored( agent=elf 2, round=0 )(70); $iid=0(2)</declarations>
  <ruleFlowGroup>appropriate</ruleFlowGroup>
</org.drools.audit.event.ActivationLogEvent>
<org.drools.audit.event.ActivationLogEvent>
  <type>6</type>
  <activationId>Deduct member monitoring cost [1, 9, 69, 2]</activationId>
  <rule>Deduct member monitoring cost</rule>
  <declarations>$i=Institution [id=0, state=CFV, round=0, allocationMethod=QUEUE](2); $name=elf 1(69); $pid=0(9); $round=0(2); $pool=CommonPool 0 [resourceLevel=231.16269154185125, maxLevel=500.0](1); $m=Monitored( agent=elf 1, round=0 )(69); $iid=0(2)</declarations>
  <ruleFlowGroup>appropriate</ruleFlowGroup>
</org.drools.audit.event.ActivationLogEvent>
<org.drools.audit.event.ObjectLogEvent>
  <type>2</type>
  <factId>1</factId>
  <objectToString>CommonPool 0 [resourceLevel=226.16269154185125, maxLevel=500.0]</objectToString>
</org.drools.audit.event.ObjectLogEvent>
<org.drools.audit.event.ObjectLogEvent>
  <type>1</type>
  <factId>77</factId>
  <objectToString>Deducted( monitor=Monitored( agent=elf 1, round=0 ) )</objectToString>
</org.drools.audit.event.ObjectLogEvent>
<org.drools.audit.event.ActivationLogEvent>
  <type>7</type>
  <activationId>Deduct member monitoring cost [1, 9, 69, 2]</activationId>
  <rule>Deduct member monitoring cost</rule>
  <declarations>$i=Institution [id=0, state=CFV, round=0, allocationMethod=QUEUE](2); $name=elf 1(69); $pid=0(9); $round=0(2); $pool=CommonPool 0 [resourceLevel=226.16269154185125, maxLevel=500.0](1); $m=Monitored( agent=elf 1, round=0 )(69); $iid=0(2)</declarations>
  <ruleFlowGroup>appropriate</ruleFlowGroup>
</org.drools.audit.event.ActivationLogEvent>
<org.drools.audit.event.RuleFlowGroupLogEvent>
  <type>14</type>
  <groupName>appropriate</groupName>
  <size>0</size>
</org.drools.audit.event.RuleFlowGroupLogEvent>
<org.drools.audit.event.RuleFlowGroupLogEvent>
  <type>15</type>
  <groupName>appropriate</groupName>
  <size>0</size>
</org.drools.audit.event.RuleFlowGroupLogEvent>
<org.drools.audit.event.RuleFlowNodeLogEvent>
  <type>26</type>
  <processId>allocation.Simulation</processId>
  <processName>Simulation</processName>
  <processInstanceId>1</processInstanceId>
  <nodeId>9</nodeId>
  <nodeName>Appropriate</nodeName>
  <nodeInstanceId>6</nodeInstanceId>
</org.drools.audit.event.RuleFlowNodeLogEvent>
<org.drools.audit.event.RuleFlowNodeLogEvent>
  <type>24</type>
  <processId>allocation.Simulation</processId>
  <processName>Simulation</processName>
  <processInstanceId>1</processInstanceId>
  <nodeId>10</nodeId>
  <nodeName>Report</nodeName>
  <nodeInstanceId>7</nodeInstanceId>
</org.drools.audit.event.RuleFlowNodeLogEvent>
<org.drools.audit.event.RuleFlowGroupLogEvent>
  <type>12</type>
  <groupName>report</groupName>
  <size>0</size>
</org.drools.audit.event.RuleFlowGroupLogEvent>
<org.drools.audit.event.RuleFlowGroupLogEvent>
  <type>13</type>
  <groupName>report</groupName>
  <size>0</size>
</org.drools.audit.event.RuleFlowGroupLogEvent>
<org.drools.audit.event.RuleFlowNodeLogEvent>
  <type>25</type>
  <processId>allocation.Simulation</processId>
  <processName>Simulation</processName>
  <processInstanceId>1</processInstanceId>
  <nodeId>10</nodeId>
  <nodeName>Report</nodeName>
  <nodeInstanceId>7</nodeInstanceId>
</org.drools.audit.event.RuleFlowNodeLogEvent>
<org.drools.audit.event.RuleFlowNodeLogEvent>
  <type>27</type>
  <processId>allocation.Simulation</processId>
  <processName>Simulation</processName>
  <processInstanceId>1</processInstanceId>
  <nodeId>9</nodeId>
  <nodeName>Appropriate</nodeName>
  <nodeInstanceId>6</nodeInstanceId>
</org.drools.audit.event.RuleFlowNodeLogEvent>
<org.drools.audit.event.RuleFlowGroupLogEvent>
  <type>14</type>
  <groupName>report</groupName>
  <size>0</size>
</org.drools.audit.event.RuleFlowGroupLogEvent>
<org.drools.audit.event.RuleFlowGroupLogEvent>
  <type>15</type>
  <groupName>report</groupName>
  <size>0</size>
</org.drools.audit.event.RuleFlowGroupLogEvent>
<org.drools.audit.event.RuleFlowNodeLogEvent>
  <type>26</type>
  <processId>allocation.Simulation</processId>
  <processName>Simulation</processName>
  <processInstanceId>1</processInstanceId>
  <nodeId>10</nodeId>
  <nodeName>Report</nodeName>
  <nodeInstanceId>7</nodeInstanceId>
</org.drools.audit.event.RuleFlowNodeLogEvent>
<org.drools.audit.event.RuleFlowNodeLogEvent>
  <type>24</type>
  <processId>allocation.Simulation</processId>
  <processName>Simulation</processName>
  <processInstanceId>1</processInstanceId>
  <nodeId>11</nodeId>
  <nodeName>Appeal</nodeName>
  <nodeInstanceId>8</nodeInstanceId>
</org.drools.audit.event.RuleFlowNodeLogEvent>
<org.drools.audit.event.RuleFlowGroupLogEvent>
  <type>12</type>
  <groupName>appeal</groupName>
  <size>0</size>
</org.drools.audit.event.RuleFlowGroupLogEvent>
<org.drools.audit.event.RuleFlowGroupLogEvent>
  <type>13</type>
  <groupName>appeal</groupName>
  <size>0</size>
</org.drools.audit.event.RuleFlowGroupLogEvent>
<org.drools.audit.event.RuleFlowNodeLogEvent>
  <type>25</type>
  <processId>allocation.Simulation</processId>
  <processName>Simulation</processName>
  <processInstanceId>1</processInstanceId>
  <nodeId>11</nodeId>
  <nodeName>Appeal</nodeName>
  <nodeInstanceId>8</nodeInstanceId>
</org.drools.audit.event.RuleFlowNodeLogEvent>
<org.drools.audit.event.RuleFlowNodeLogEvent>
  <type>27</type>
  <processId>allocation.Simulation</processId>
  <processName>Simulation</processName>
  <processInstanceId>1</processInstanceId>
  <nodeId>10</nodeId>
  <nodeName>Report</nodeName>
  <nodeInstanceId>7</nodeInstanceId>
</org.drools.audit.event.RuleFlowNodeLogEvent>
<org.drools.audit.event.RuleFlowGroupLogEvent>
  <type>14</type>
  <groupName>appeal</groupName>
  <size>0</size>
</org.drools.audit.event.RuleFlowGroupLogEvent>
<org.drools.audit.event.RuleFlowGroupLogEvent>
  <type>15</type>
  <groupName>appeal</groupName>
  <size>0</size>
</org.drools.audit.event.RuleFlowGroupLogEvent>
<org.drools.audit.event.RuleFlowNodeLogEvent>
  <type>26</type>
  <processId>allocation.Simulation</processId>
  <processName>Simulation</processName>
  <processInstanceId>1</processInstanceId>
  <nodeId>11</nodeId>
  <nodeName>Appeal</nodeName>
  <nodeInstanceId>8</nodeInstanceId>
</org.drools.audit.event.RuleFlowNodeLogEvent>
<org.drools.audit.event.RuleFlowNodeLogEvent>
  <type>24</type>
  <processId>allocation.Simulation</processId>
  <processName>Simulation</processName>
  <processInstanceId>1</processInstanceId>
  <nodeId>12</nodeId>
  <nodeName>Exclude</nodeName>
  <nodeInstanceId>9</nodeInstanceId>
</org.drools.audit.event.RuleFlowNodeLogEvent>
<org.drools.audit.event.RuleFlowGroupLogEvent>
  <type>12</type>
  <groupName>exclude</groupName>
  <size>0</size>
</org.drools.audit.event.RuleFlowGroupLogEvent>
<org.drools.audit.event.RuleFlowGroupLogEvent>
  <type>13</type>
  <groupName>exclude</groupName>
  <size>0</size>
</org.drools.audit.event.RuleFlowGroupLogEvent>
<org.drools.audit.event.RuleFlowNodeLogEvent>
  <type>25</type>
  <processId>allocation.Simulation</processId>
  <processName>Simulation</processName>
  <processInstanceId>1</processInstanceId>
  <nodeId>12</nodeId>
  <nodeName>Exclude</nodeName>
  <nodeInstanceId>9</nodeInstanceId>
</org.drools.audit.event.RuleFlowNodeLogEvent>
<org.drools.audit.event.RuleFlowNodeLogEvent>
  <type>27</type>
  <processId>allocation.Simulation</processId>
  <processName>Simulation</processName>
  <processInstanceId>1</processInstanceId>
  <nodeId>11</nodeId>
  <nodeName>Appeal</nodeName>
  <nodeInstanceId>8</nodeInstanceId>
</org.drools.audit.event.RuleFlowNodeLogEvent>
<org.drools.audit.event.RuleFlowGroupLogEvent>
  <type>14</type>
  <groupName>exclude</groupName>
  <size>0</size>
</org.drools.audit.event.RuleFlowGroupLogEvent>
<org.drools.audit.event.RuleFlowGroupLogEvent>
  <type>15</type>
  <groupName>exclude</groupName>
  <size>0</size>
</org.drools.audit.event.RuleFlowGroupLogEvent>
<org.drools.audit.event.RuleFlowNodeLogEvent>
  <type>26</type>
  <processId>allocation.Simulation</processId>
  <processName>Simulation</processName>
  <processInstanceId>1</processInstanceId>
  <nodeId>12</nodeId>
  <nodeName>Exclude</nodeName>
  <nodeInstanceId>9</nodeInstanceId>
</org.drools.audit.event.RuleFlowNodeLogEvent>
<org.drools.audit.event.RuleFlowNodeLogEvent>
  <type>24</type>
  <processId>allocation.Simulation</processId>
  <processName>Simulation</processName>
  <processInstanceId>1</processInstanceId>
  <nodeId>4</nodeId>
  <nodeName>End</nodeName>
  <nodeInstanceId>10</nodeInstanceId>
</org.drools.audit.event.RuleFlowNodeLogEvent>
<org.drools.audit.event.RuleFlowNodeLogEvent>
  <type>26</type>
  <processId>allocation.Simulation</processId>
  <processName>Simulation</processName>
  <processInstanceId>1</processInstanceId>
  <nodeId>4</nodeId>
  <nodeName>End</nodeName>
  <nodeInstanceId>10</nodeInstanceId>
</org.drools.audit.event.RuleFlowNodeLogEvent>
<org.drools.audit.event.RuleFlowLogEvent>
  <type>10</type>
  <processId>allocation.Simulation</processId>
  <processName>Simulation</processName>
  <processInstanceId>1</processInstanceId>
</org.drools.audit.event.RuleFlowLogEvent>
<org.drools.audit.event.RuleFlowLogEvent>
  <type>11</type>
  <processId>allocation.Simulation</processId>
  <processName>Simulation</processName>
  <processInstanceId>1</processInstanceId>
</org.drools.audit.event.RuleFlowLogEvent>
<org.drools.audit.event.RuleFlowNodeLogEvent>
  <type>27</type>
  <processId>allocation.Simulation</processId>
  <processName>Simulation</processName>
  <processInstanceId>1</processInstanceId>
  <nodeId>4</nodeId>
  <nodeName>End</nodeName>
  <nodeInstanceId>10</nodeInstanceId>
</org.drools.audit.event.RuleFlowNodeLogEvent>
<org.drools.audit.event.RuleFlowNodeLogEvent>
  <type>25</type>
  <processId>allocation.Simulation</processId>
  <processName>Simulation</processName>
  <processInstanceId>1</processInstanceId>
  <nodeId>4</nodeId>
  <nodeName>End</nodeName>
  <nodeInstanceId>10</nodeInstanceId>
</org.drools.audit.event.RuleFlowNodeLogEvent>
<org.drools.audit.event.RuleFlowNodeLogEvent>
  <type>27</type>
  <processId>allocation.Simulation</processId>
  <processName>Simulation</processName>
  <processInstanceId>1</processInstanceId>
  <nodeId>12</nodeId>
  <nodeName>Exclude</nodeName>
  <nodeInstanceId>9</nodeInstanceId>
</org.drools.audit.event.RuleFlowNodeLogEvent>
<org.drools.audit.event.ActivationLogEvent>
  <type>4</type>
  <activationId>Refill pool [2, 1, 4]</activationId>
  <rule>Refill pool</rule>
  <declarations>$t=1(4); $pool=CommonPool 0 [resourceLevel=226.16269154185125, maxLevel=500.0](1)</declarations>
  <ruleFlowGroup>init</ruleFlowGroup>
</org.drools.audit.event.ActivationLogEvent>
<org.drools.audit.event.ActivationLogEvent>
  <type>4</type>
  <activationId>NonMember appropriation [1, 13, 4]</activationId>
  <rule>NonMember appropriation</rule>
  <declarations>$t=1(4); $pid=0(13); $nonmember=allocation.newagents.NonMember@38f9280(13); $pool=CommonPool 0 [resourceLevel=226.16269154185125, maxLevel=500.0](1)</declarations>
  <ruleFlowGroup>appropriate</ruleFlowGroup>
</org.drools.audit.event.ActivationLogEvent>
<org.drools.audit.event.ActivationLogEvent>
  <type>4</type>
  <activationId>NonMember appropriation [1, 14, 4]</activationId>
  <rule>NonMember appropriation</rule>
  <declarations>$t=1(4); $pid=0(14); $nonmember=allocation.newagents.NonMember@38f9281(14); $pool=CommonPool 0 [resourceLevel=226.16269154185125, maxLevel=500.0](1)</declarations>
  <ruleFlowGroup>appropriate</ruleFlowGroup>
</org.drools.audit.event.ActivationLogEvent>
<org.drools.audit.event.ActivationLogEvent>
  <type>4</type>
  <activationId>Increment round [2, 4]</activationId>
  <rule>Increment round</rule>
  <declarations>$i=Institution [id=0, state=CFV, round=0, allocationMethod=QUEUE](2); $t=1(4)</declarations>
  <ruleFlowGroup>init</ruleFlowGroup>
</org.drools.audit.event.ActivationLogEvent>
<org.drools.audit.event.ActivationLogEvent>
  <type>4</type>
  <activationId>Call for votes [2, 5, 4]</activationId>
  <rule>Call for votes</rule>
  <declarations>$i=Institution [id=0, state=CFV, round=0, allocationMethod=QUEUE](2); $head=allocation.newagents.Head@5c1e10e(5); $iid=0(5)</declarations>
  <ruleFlowGroup>cfv</ruleFlowGroup>
</org.drools.audit.event.ActivationLogEvent>
<org.drools.audit.event.ObjectLogEvent>
  <type>2</type>
  <factId>4</factId>
  <objectToString>1</objectToString>
</org.drools.audit.event.ObjectLogEvent>
<org.drools.audit.event.RuleFlowLogEvent>
  <type>8</type>
  <processId>allocation.Simulation</processId>
  <processName>Simulation</processName>
  <processInstanceId>2</processInstanceId>
</org.drools.audit.event.RuleFlowLogEvent>
<org.drools.audit.event.RuleFlowNodeLogEvent>
  <type>24</type>
  <processId>allocation.Simulation</processId>
  <processName>Simulation</processName>
  <processInstanceId>2</processInstanceId>
  <nodeId>1</nodeId>
  <nodeName>Start</nodeName>
  <nodeInstanceId>0</nodeInstanceId>
</org.drools.audit.event.RuleFlowNodeLogEvent>
<org.drools.audit.event.RuleFlowNodeLogEvent>
  <type>26</type>
  <processId>allocation.Simulation</processId>
  <processName>Simulation</processName>
  <processInstanceId>2</processInstanceId>
  <nodeId>1</nodeId>
  <nodeName>Start</nodeName>
  <nodeInstanceId>0</nodeInstanceId>
</org.drools.audit.event.RuleFlowNodeLogEvent>
<org.drools.audit.event.RuleFlowNodeLogEvent>
  <type>24</type>
  <processId>allocation.Simulation</processId>
  <processName>Simulation</processName>
  <processInstanceId>2</processInstanceId>
  <nodeId>3</nodeId>
  <nodeName>Init</nodeName>
  <nodeInstanceId>1</nodeInstanceId>
</org.drools.audit.event.RuleFlowNodeLogEvent>
<org.drools.audit.event.RuleFlowGroupLogEvent>
  <type>12</type>
  <groupName>init</groupName>
  <size>3</size>
</org.drools.audit.event.RuleFlowGroupLogEvent>
<org.drools.audit.event.RuleFlowGroupLogEvent>
  <type>13</type>
  <groupName>init</groupName>
  <size>3</size>
</org.drools.audit.event.RuleFlowGroupLogEvent>
<org.drools.audit.event.RuleFlowNodeLogEvent>
  <type>25</type>
  <processId>allocation.Simulation</processId>
  <processName>Simulation</processName>
  <processInstanceId>2</processInstanceId>
  <nodeId>3</nodeId>
  <nodeName>Init</nodeName>
  <nodeInstanceId>1</nodeInstanceId>
</org.drools.audit.event.RuleFlowNodeLogEvent>
<org.drools.audit.event.RuleFlowNodeLogEvent>
  <type>27</type>
  <processId>allocation.Simulation</processId>
  <processName>Simulation</processName>
  <processInstanceId>2</processInstanceId>
  <nodeId>1</nodeId>
  <nodeName>Start</nodeName>
  <nodeInstanceId>0</nodeInstanceId>
</org.drools.audit.event.RuleFlowNodeLogEvent>
<org.drools.audit.event.RuleFlowNodeLogEvent>
  <type>25</type>
  <processId>allocation.Simulation</processId>
  <processName>Simulation</processName>
  <processInstanceId>2</processInstanceId>
  <nodeId>1</nodeId>
  <nodeName>Start</nodeName>
  <nodeInstanceId>0</nodeInstanceId>
</org.drools.audit.event.RuleFlowNodeLogEvent>
<org.drools.audit.event.RuleFlowLogEvent>
  <type>9</type>
  <processId>allocation.Simulation</processId>
  <processName>Simulation</processName>
  <processInstanceId>2</processInstanceId>
</org.drools.audit.event.RuleFlowLogEvent>
<org.drools.audit.event.ActivationLogEvent>
  <type>6</type>
  <activationId>Increment round [2, 4]</activationId>
  <rule>Increment round</rule>
  <declarations>$i=Institution [id=0, state=CFV, round=0, allocationMethod=QUEUE](2); $t=1(4)</declarations>
  <ruleFlowGroup>init</ruleFlowGroup>
</org.drools.audit.event.ActivationLogEvent>
<org.drools.audit.event.ActivationLogEvent>
  <type>5</type>
  <activationId>Do allocation - raMethod QUEUE [6, 5, 1, 2]</activationId>
  <rule>Do allocation - raMethod QUEUE</rule>
  <declarations>$hd=allocation.newagents.Head@5c1e10e(5); $inst=Institution [id=0, state=CFV, round=1, allocationMethod=QUEUE](2); $pools=[CommonPool 0 [resourceLevel=226.16269154185125, maxLevel=500.0]](2); $round=1(2); $demands=[](6); $pool=CommonPool 0 [resourceLevel=226.16269154185125, maxLevel=500.0](1); $iid=0(2)</declarations>
  <ruleFlowGroup>allocate</ruleFlowGroup>
</org.drools.audit.event.ActivationLogEvent>
<org.drools.audit.event.ActivationLogEvent>
  <type>4</type>
  <activationId>Monitor agents [79, 78, 1, 5, 2]</activationId>
  <rule>Monitor agents</rule>
  <declarations>$members=[allocation.newagents.Head@5c1e10e, allocation.newagents.Member@5c1e10f, allocation.newagents.Member@5c1e111, allocation.newagents.Member@5c1e110, allocation.newagents.Member@5c1e112](78); $i=Institution [id=0, state=CFV, round=1, allocationMethod=QUEUE](2); $head=allocation.newagents.Head@5c1e10e(5); $pid=0(5); $round=1(2); $pool=CommonPool 0 [resourceLevel=226.16269154185125, maxLevel=500.0](1); $iid=0(2); $nonMembers=[allocation.newagents.NonMember@38f9281, allocation.newagents.NonMember@38f9280, allocation.newagents.Head@5c1e10e, allocation.newagents.Member@5c1e10f, allocation.newagents.Member@5c1e111, allocation.newagents.Member@5c1e110, allocation.newagents.Member@5c1e112](79)</declarations>
  <ruleFlowGroup>appropriate</ruleFlowGroup>
</org.drools.audit.event.ActivationLogEvent>
<org.drools.audit.event.ActivationLogEvent>
  <type>4</type>
  <activationId>Member appropriation - no allocation [1, 2, 5, 4]</activationId>
  <rule>Member appropriation - no allocation</rule>
  <declarations>$i=Institution [id=0, state=CFV, round=1, allocationMethod=QUEUE](2); $t=1(4); $member=allocation.newagents.Head@5c1e10e(5); $pid=0(5); $round=1(2); $pool=CommonPool 0 [resourceLevel=226.16269154185125, maxLevel=500.0](1); $iid=0(5)</declarations>
  <ruleFlowGroup>appropriate</ruleFlowGroup>
</org.drools.audit.event.ActivationLogEvent>
<org.drools.audit.event.ActivationLogEvent>
  <type>4</type>
  <activationId>Member appropriation - no allocation [1, 2, 9, 4]</activationId>
  <rule>Member appropriation - no allocation</rule>
  <declarations>$i=Institution [id=0, state=CFV, round=1, allocationMethod=QUEUE](2); $t=1(4); $member=allocation.newagents.Member@5c1e10f(9); $pid=0(9); $round=1(2); $pool=CommonPool 0 [resourceLevel=226.16269154185125, maxLevel=500.0](1); $iid=0(9)</declarations>
  <ruleFlowGroup>appropriate</ruleFlowGroup>
</org.drools.audit.event.ActivationLogEvent>
<org.drools.audit.event.ActivationLogEvent>
  <type>4</type>
  <activationId>Member appropriation - no allocation [1, 2, 10, 4]</activationId>
  <rule>Member appropriation - no allocation</rule>
  <declarations>$i=Institution [id=0, state=CFV, round=1, allocationMethod=QUEUE](2); $t=1(4); $member=allocation.newagents.Member@5c1e110(10); $pid=0(10); $round=1(2); $pool=CommonPool 0 [resourceLevel=226.16269154185125, maxLevel=500.0](1); $iid=0(10)</declarations>
  <ruleFlowGroup>appropriate</ruleFlowGroup>
</org.drools.audit.event.ActivationLogEvent>
<org.drools.audit.event.ActivationLogEvent>
  <type>4</type>
  <activationId>Member appropriation - no allocation [1, 2, 11, 4]</activationId>
  <rule>Member appropriation - no allocation</rule>
  <declarations>$i=Institution [id=0, state=CFV, round=1, allocationMethod=QUEUE](2); $t=1(4); $member=allocation.newagents.Member@5c1e111(11); $pid=0(11); $round=1(2); $pool=CommonPool 0 [resourceLevel=226.16269154185125, maxLevel=500.0](1); $iid=0(11)</declarations>
  <ruleFlowGroup>appropriate</ruleFlowGroup>
</org.drools.audit.event.ActivationLogEvent>
<org.drools.audit.event.ActivationLogEvent>
  <type>4</type>
  <activationId>Member appropriation - no allocation [1, 2, 12, 4]</activationId>
  <rule>Member appropriation - no allocation</rule>
  <declarations>$i=Institution [id=0, state=CFV, round=1, allocationMethod=QUEUE](2); $t=1(4); $member=allocation.newagents.Member@5c1e112(12); $pid=0(12); $round=1(2); $pool=CommonPool 0 [resourceLevel=226.16269154185125, maxLevel=500.0](1); $iid=0(12)</declarations>
  <ruleFlowGroup>appropriate</ruleFlowGroup>
</org.drools.audit.event.ActivationLogEvent>
<org.drools.audit.event.ObjectLogEvent>
  <type>2</type>
  <factId>2</factId>
  <objectToString>Institution [id=0, state=CFV, round=1, allocationMethod=QUEUE]</objectToString>
</org.drools.audit.event.ObjectLogEvent>
<org.drools.audit.event.ActivationLogEvent>
  <type>7</type>
  <activationId>Increment round [2, 4]</activationId>
  <rule>Increment round</rule>
  <declarations>$i=Institution [id=0, state=CFV, round=1, allocationMethod=QUEUE](2); $t=1(4)</declarations>
  <ruleFlowGroup>init</ruleFlowGroup>
</org.drools.audit.event.ActivationLogEvent>
<org.drools.audit.event.ActivationLogEvent>
  <type>6</type>
  <activationId>Disable votes [2]</activationId>
  <rule>Disable votes</rule>
  <declarations>$inst=Institution [id=0, state=CFV, round=1, allocationMethod=QUEUE](2)</declarations>
  <ruleFlowGroup>init</ruleFlowGroup>
</org.drools.audit.event.ActivationLogEvent>
<org.drools.audit.event.ActivationLogEvent>
  <type>5</type>
  <activationId>Vote for RA method [1, 2, 5]</activationId>
  <rule>Vote for RA method</rule>
  <declarations>$i=Institution [id=0, state=CFV, round=1, allocationMethod=QUEUE](2); $member=allocation.newagents.Head@5c1e10e(5); $pid=0(5); $r=1(2); $pool=CommonPool 0 [resourceLevel=226.16269154185125, maxLevel=500.0](1); $iid=0(5)</declarations>
  <ruleFlowGroup>vote</ruleFlowGroup>
</org.drools.audit.event.ActivationLogEvent>
<org.drools.audit.event.ActivationLogEvent>
  <type>5</type>
  <activationId>Vote for RA method [1, 2, 9]</activationId>
  <rule>Vote for RA method</rule>
  <declarations>$i=Institution [id=0, state=CFV, round=1, allocationMethod=QUEUE](2); $member=allocation.newagents.Member@5c1e10f(9); $pid=0(9); $r=1(2); $pool=CommonPool 0 [resourceLevel=226.16269154185125, maxLevel=500.0](1); $iid=0(9)</declarations>
  <ruleFlowGroup>vote</ruleFlowGroup>
</org.drools.audit.event.ActivationLogEvent>
<org.drools.audit.event.ActivationLogEvent>
  <type>5</type>
  <activationId>Vote for RA method [1, 2, 10]</activationId>
  <rule>Vote for RA method</rule>
  <declarations>$i=Institution [id=0, state=CFV, round=1, allocationMethod=QUEUE](2); $member=allocation.newagents.Member@5c1e110(10); $pid=0(10); $r=1(2); $pool=CommonPool 0 [resourceLevel=226.16269154185125, maxLevel=500.0](1); $iid=0(10)</declarations>
  <ruleFlowGroup>vote</ruleFlowGroup>
</org.drools.audit.event.ActivationLogEvent>
<org.drools.audit.event.ActivationLogEvent>
  <type>5</type>
  <activationId>Vote for RA method [1, 2, 11]</activationId>
  <rule>Vote for RA method</rule>
  <declarations>$i=Institution [id=0, state=CFV, round=1, allocationMethod=QUEUE](2); $member=allocation.newagents.Member@5c1e111(11); $pid=0(11); $r=1(2); $pool=CommonPool 0 [resourceLevel=226.16269154185125, maxLevel=500.0](1); $iid=0(11)</declarations>
  <ruleFlowGroup>vote</ruleFlowGroup>
</org.drools.audit.event.ActivationLogEvent>
<org.drools.audit.event.ActivationLogEvent>
  <type>5</type>
  <activationId>Vote for RA method [1, 2, 12]</activationId>
  <rule>Vote for RA method</rule>
  <declarations>$i=Institution [id=0, state=CFV, round=1, allocationMethod=QUEUE](2); $member=allocation.newagents.Member@5c1e112(12); $pid=0(12); $r=1(2); $pool=CommonPool 0 [resourceLevel=226.16269154185125, maxLevel=500.0](1); $iid=0(12)</declarations>
  <ruleFlowGroup>vote</ruleFlowGroup>
</org.drools.audit.event.ActivationLogEvent>
<org.drools.audit.event.ObjectLogEvent>
  <type>2</type>
  <factId>2</factId>
  <objectToString>Institution [id=0, state=CFV, round=1, allocationMethod=QUEUE]</objectToString>
</org.drools.audit.event.ObjectLogEvent>
<org.drools.audit.event.ActivationLogEvent>
  <type>7</type>
  <activationId>Disable votes [2]</activationId>
  <rule>Disable votes</rule>
  <declarations>$inst=Institution [id=0, state=CFV, round=1, allocationMethod=QUEUE](2)</declarations>
  <ruleFlowGroup>init</ruleFlowGroup>
</org.drools.audit.event.ActivationLogEvent>
<org.drools.audit.event.ActivationLogEvent>
  <type>6</type>
  <activationId>Refill pool [2, 1, 4]</activationId>
  <rule>Refill pool</rule>
  <declarations>$t=1(4); $pool=CommonPool 0 [resourceLevel=226.16269154185125, maxLevel=500.0](1)</declarations>
  <ruleFlowGroup>init</ruleFlowGroup>
</org.drools.audit.event.ActivationLogEvent>
<org.drools.audit.event.ObjectLogEvent>
  <type>2</type>
  <factId>1</factId>
  <objectToString>CommonPool 0 [resourceLevel=476.16269154185125, maxLevel=500.0]</objectToString>
</org.drools.audit.event.ObjectLogEvent>
<org.drools.audit.event.ActivationLogEvent>
  <type>7</type>
  <activationId>Refill pool [2, 1, 4]</activationId>
  <rule>Refill pool</rule>
  <declarations>$t=1(4); $pool=CommonPool 0 [resourceLevel=476.16269154185125, maxLevel=500.0](1)</declarations>
  <ruleFlowGroup>init</ruleFlowGroup>
</org.drools.audit.event.ActivationLogEvent>
<org.drools.audit.event.RuleFlowGroupLogEvent>
  <type>14</type>
  <groupName>init</groupName>
  <size>0</size>
</org.drools.audit.event.RuleFlowGroupLogEvent>
<org.drools.audit.event.RuleFlowGroupLogEvent>
  <type>15</type>
  <groupName>init</groupName>
  <size>0</size>
</org.drools.audit.event.RuleFlowGroupLogEvent>
<org.drools.audit.event.RuleFlowNodeLogEvent>
  <type>26</type>
  <processId>allocation.Simulation</processId>
  <processName>Simulation</processName>
  <processInstanceId>2</processInstanceId>
  <nodeId>3</nodeId>
  <nodeName>Init</nodeName>
  <nodeInstanceId>1</nodeInstanceId>
</org.drools.audit.event.RuleFlowNodeLogEvent>
<org.drools.audit.event.RuleFlowNodeLogEvent>
  <type>24</type>
  <processId>allocation.Simulation</processId>
  <processName>Simulation</processName>
  <processInstanceId>2</processInstanceId>
  <nodeId>5</nodeId>
  <nodeName>CFV</nodeName>
  <nodeInstanceId>2</nodeInstanceId>
</org.drools.audit.event.RuleFlowNodeLogEvent>
<org.drools.audit.event.RuleFlowGroupLogEvent>
  <type>12</type>
  <groupName>cfv</groupName>
  <size>1</size>
</org.drools.audit.event.RuleFlowGroupLogEvent>
<org.drools.audit.event.RuleFlowGroupLogEvent>
  <type>13</type>
  <groupName>cfv</groupName>
  <size>1</size>
</org.drools.audit.event.RuleFlowGroupLogEvent>
<org.drools.audit.event.RuleFlowNodeLogEvent>
  <type>25</type>
  <processId>allocation.Simulation</processId>
  <processName>Simulation</processName>
  <processInstanceId>2</processInstanceId>
  <nodeId>5</nodeId>
  <nodeName>CFV</nodeName>
  <nodeInstanceId>2</nodeInstanceId>
</org.drools.audit.event.RuleFlowNodeLogEvent>
<org.drools.audit.event.RuleFlowNodeLogEvent>
  <type>27</type>
  <processId>allocation.Simulation</processId>
  <processName>Simulation</processName>
  <processInstanceId>2</processInstanceId>
  <nodeId>3</nodeId>
  <nodeName>Init</nodeName>
  <nodeInstanceId>1</nodeInstanceId>
</org.drools.audit.event.RuleFlowNodeLogEvent>
<org.drools.audit.event.ActivationLogEvent>
  <type>6</type>
  <activationId>Call for votes [2, 5, 4]</activationId>
  <rule>Call for votes</rule>
  <declarations>$i=Institution [id=0, state=CFV, round=1, allocationMethod=QUEUE](2); $head=allocation.newagents.Head@5c1e10e(5); $iid=0(5)</declarations>
  <ruleFlowGroup>cfv</ruleFlowGroup>
</org.drools.audit.event.ActivationLogEvent>
<org.drools.audit.event.ActivationLogEvent>
  <type>4</type>
  <activationId>Disable votes [2]</activationId>
  <rule>Disable votes</rule>
  <declarations>$inst=Institution [id=0, state=CFV, round=1, allocationMethod=QUEUE](2)</declarations>
  <ruleFlowGroup>init</ruleFlowGroup>
</org.drools.audit.event.ActivationLogEvent>
<org.drools.audit.event.ActivationLogEvent>
  <type>4</type>
  <activationId>Vote for RA method [1, 2, 5]</activationId>
  <rule>Vote for RA method</rule>
  <declarations>$i=Institution [id=0, state=CFV, round=1, allocationMethod=QUEUE](2); $member=allocation.newagents.Head@5c1e10e(5); $pid=0(5); $r=1(2); $pool=CommonPool 0 [resourceLevel=476.16269154185125, maxLevel=500.0](1); $iid=0(5)</declarations>
  <ruleFlowGroup>vote</ruleFlowGroup>
</org.drools.audit.event.ActivationLogEvent>
<org.drools.audit.event.ActivationLogEvent>
  <type>4</type>
  <activationId>Vote for RA method [1, 2, 9]</activationId>
  <rule>Vote for RA method</rule>
  <declarations>$i=Institution [id=0, state=CFV, round=1, allocationMethod=QUEUE](2); $member=allocation.newagents.Member@5c1e10f(9); $pid=0(9); $r=1(2); $pool=CommonPool 0 [resourceLevel=476.16269154185125, maxLevel=500.0](1); $iid=0(9)</declarations>
  <ruleFlowGroup>vote</ruleFlowGroup>
</org.drools.audit.event.ActivationLogEvent>
<org.drools.audit.event.ActivationLogEvent>
  <type>4</type>
  <activationId>Vote for RA method [1, 2, 10]</activationId>
  <rule>Vote for RA method</rule>
  <declarations>$i=Institution [id=0, state=CFV, round=1, allocationMethod=QUEUE](2); $member=allocation.newagents.Member@5c1e110(10); $pid=0(10); $r=1(2); $pool=CommonPool 0 [resourceLevel=476.16269154185125, maxLevel=500.0](1); $iid=0(10)</declarations>
  <ruleFlowGroup>vote</ruleFlowGroup>
</org.drools.audit.event.ActivationLogEvent>
<org.drools.audit.event.ActivationLogEvent>
  <type>4</type>
  <activationId>Vote for RA method [1, 2, 11]</activationId>
  <rule>Vote for RA method</rule>
  <declarations>$i=Institution [id=0, state=CFV, round=1, allocationMethod=QUEUE](2); $member=allocation.newagents.Member@5c1e111(11); $pid=0(11); $r=1(2); $pool=CommonPool 0 [resourceLevel=476.16269154185125, maxLevel=500.0](1); $iid=0(11)</declarations>
  <ruleFlowGroup>vote</ruleFlowGroup>
</org.drools.audit.event.ActivationLogEvent>
<org.drools.audit.event.ActivationLogEvent>
  <type>4</type>
  <activationId>Vote for RA method [1, 2, 12]</activationId>
  <rule>Vote for RA method</rule>
  <declarations>$i=Institution [id=0, state=CFV, round=1, allocationMethod=QUEUE](2); $member=allocation.newagents.Member@5c1e112(12); $pid=0(12); $r=1(2); $pool=CommonPool 0 [resourceLevel=476.16269154185125, maxLevel=500.0](1); $iid=0(12)</declarations>
  <ruleFlowGroup>vote</ruleFlowGroup>
</org.drools.audit.event.ActivationLogEvent>
<org.drools.audit.event.ObjectLogEvent>
  <type>2</type>
  <factId>2</factId>
  <objectToString>Institution [id=0, state=CFV, round=1, allocationMethod=QUEUE]</objectToString>
</org.drools.audit.event.ObjectLogEvent>
<org.drools.audit.event.ActivationLogEvent>
  <type>7</type>
  <activationId>Call for votes [2, 5, 4]</activationId>
  <rule>Call for votes</rule>
  <declarations>$i=Institution [id=0, state=CFV, round=1, allocationMethod=QUEUE](2); $head=allocation.newagents.Head@5c1e10e(5); $iid=0(5)</declarations>
  <ruleFlowGroup>cfv</ruleFlowGroup>
</org.drools.audit.event.ActivationLogEvent>
<org.drools.audit.event.RuleFlowGroupLogEvent>
  <type>14</type>
  <groupName>cfv</groupName>
  <size>0</size>
</org.drools.audit.event.RuleFlowGroupLogEvent>
<org.drools.audit.event.RuleFlowGroupLogEvent>
  <type>15</type>
  <groupName>cfv</groupName>
  <size>0</size>
</org.drools.audit.event.RuleFlowGroupLogEvent>
<org.drools.audit.event.RuleFlowNodeLogEvent>
  <type>26</type>
  <processId>allocation.Simulation</processId>
  <processName>Simulation</processName>
  <processInstanceId>2</processInstanceId>
  <nodeId>5</nodeId>
  <nodeName>CFV</nodeName>
  <nodeInstanceId>2</nodeInstanceId>
</org.drools.audit.event.RuleFlowNodeLogEvent>
<org.drools.audit.event.RuleFlowNodeLogEvent>
  <type>24</type>
  <processId>allocation.Simulation</processId>
  <processName>Simulation</processName>
  <processInstanceId>2</processInstanceId>
  <nodeId>6</nodeId>
  <nodeName>Vote</nodeName>
  <nodeInstanceId>3</nodeInstanceId>
</org.drools.audit.event.RuleFlowNodeLogEvent>
<org.drools.audit.event.RuleFlowGroupLogEvent>
  <type>12</type>
  <groupName>vote</groupName>
  <size>5</size>
</org.drools.audit.event.RuleFlowGroupLogEvent>
<org.drools.audit.event.RuleFlowGroupLogEvent>
  <type>13</type>
  <groupName>vote</groupName>
  <size>5</size>
</org.drools.audit.event.RuleFlowGroupLogEvent>
<org.drools.audit.event.RuleFlowNodeLogEvent>
  <type>25</type>
  <processId>allocation.Simulation</processId>
  <processName>Simulation</processName>
  <processInstanceId>2</processInstanceId>
  <nodeId>6</nodeId>
  <nodeName>Vote</nodeName>
  <nodeInstanceId>3</nodeInstanceId>
</org.drools.audit.event.RuleFlowNodeLogEvent>
<org.drools.audit.event.RuleFlowNodeLogEvent>
  <type>27</type>
  <processId>allocation.Simulation</processId>
  <processName>Simulation</processName>
  <processInstanceId>2</processInstanceId>
  <nodeId>5</nodeId>
  <nodeName>CFV</nodeName>
  <nodeInstanceId>2</nodeInstanceId>
</org.drools.audit.event.RuleFlowNodeLogEvent>
<org.drools.audit.event.ActivationLogEvent>
  <type>6</type>
  <activationId>Vote for RA method [1, 2, 12]</activationId>
  <rule>Vote for RA method</rule>
  <declarations>$i=Institution [id=0, state=CFV, round=1, allocationMethod=QUEUE](2); $member=allocation.newagents.Member@5c1e112(12); $pid=0(12); $r=1(2); $pool=CommonPool 0 [resourceLevel=476.16269154185125, maxLevel=500.0](1); $iid=0(12)</declarations>
  <ruleFlowGroup>vote</ruleFlowGroup>
</org.drools.audit.event.ActivationLogEvent>
<org.drools.audit.event.ActivationLogEvent>
  <type>4</type>
  <activationId>Count votes [81, 12, 80, 2]</activationId>
  <rule>Count votes</rule>
  <declarations>$ag=elf 4(80); $votes=[Vote [ballot=raMethod, value=1, voter=elf 4, round=1]](81); $round=1(2); $b=raMethod(80); $iid=0(2)</declarations>
  <ruleFlowGroup>vote</ruleFlowGroup>
</org.drools.audit.event.ActivationLogEvent>
<org.drools.audit.event.ObjectLogEvent>
  <type>1</type>
  <factId>80</factId>
  <objectToString>Vote [ballot=raMethod, value=1, voter=elf 4, round=1]</objectToString>
</org.drools.audit.event.ObjectLogEvent>
<org.drools.audit.event.ActivationLogEvent>
  <type>7</type>
  <activationId>Vote for RA method [1, 2, 12]</activationId>
  <rule>Vote for RA method</rule>
  <declarations>$i=Institution [id=0, state=CFV, round=1, allocationMethod=QUEUE](2); $member=allocation.newagents.Member@5c1e112(12); $pid=0(12); $r=1(2); $pool=CommonPool 0 [resourceLevel=476.16269154185125, maxLevel=500.0](1); $iid=0(12)</declarations>
  <ruleFlowGroup>vote</ruleFlowGroup>
</org.drools.audit.event.ActivationLogEvent>
<org.drools.audit.event.ActivationLogEvent>
  <type>6</type>
  <activationId>Vote for RA method [1, 2, 11]</activationId>
  <rule>Vote for RA method</rule>
  <declarations>$i=Institution [id=0, state=CFV, round=1, allocationMethod=QUEUE](2); $member=allocation.newagents.Member@5c1e111(11); $pid=0(11); $r=1(2); $pool=CommonPool 0 [resourceLevel=476.16269154185125, maxLevel=500.0](1); $iid=0(11)</declarations>
  <ruleFlowGroup>vote</ruleFlowGroup>
</org.drools.audit.event.ActivationLogEvent>
<org.drools.audit.event.ActivationLogEvent>
  <type>4</type>
  <activationId>Count votes [85, 11, 83, 2]</activationId>
  <rule>Count votes</rule>
  <declarations>$ag=elf 3(83); $votes=[Vote [ballot=raMethod, value=1, voter=elf 4, round=1]](85); $round=1(2); $b=raMethod(83); $iid=0(2)</declarations>
  <ruleFlowGroup>vote</ruleFlowGroup>
</org.drools.audit.event.ActivationLogEvent>
<org.drools.audit.event.ObjectLogEvent>
  <type>1</type>
  <factId>83</factId>
  <objectToString>Vote [ballot=raMethod, value=1, voter=elf 3, round=1]</objectToString>
</org.drools.audit.event.ObjectLogEvent>
<org.drools.audit.event.ActivationLogEvent>
  <type>7</type>
  <activationId>Vote for RA method [1, 2, 11]</activationId>
  <rule>Vote for RA method</rule>
  <declarations>$i=Institution [id=0, state=CFV, round=1, allocationMethod=QUEUE](2); $member=allocation.newagents.Member@5c1e111(11); $pid=0(11); $r=1(2); $pool=CommonPool 0 [resourceLevel=476.16269154185125, maxLevel=500.0](1); $iid=0(11)</declarations>
  <ruleFlowGroup>vote</ruleFlowGroup>
</org.drools.audit.event.ActivationLogEvent>
<org.drools.audit.event.ActivationLogEvent>
  <type>6</type>
  <activationId>Vote for RA method [1, 2, 10]</activationId>
  <rule>Vote for RA method</rule>
  <declarations>$i=Institution [id=0, state=CFV, round=1, allocationMethod=QUEUE](2); $member=allocation.newagents.Member@5c1e110(10); $pid=0(10); $r=1(2); $pool=CommonPool 0 [resourceLevel=476.16269154185125, maxLevel=500.0](1); $iid=0(10)</declarations>
  <ruleFlowGroup>vote</ruleFlowGroup>
</org.drools.audit.event.ActivationLogEvent>
<org.drools.audit.event.ActivationLogEvent>
  <type>4</type>
  <activationId>Count votes [91, 10, 88, 2]</activationId>
  <rule>Count votes</rule>
  <declarations>$ag=elf 2(88); $votes=[Vote [ballot=raMethod, value=1, voter=elf 4, round=1], Vote [ballot=raMethod, value=1, voter=elf 3, round=1]](91); $round=1(2); $b=raMethod(88); $iid=0(2)</declarations>
  <ruleFlowGroup>vote</ruleFlowGroup>
</org.drools.audit.event.ActivationLogEvent>
<org.drools.audit.event.ObjectLogEvent>
  <type>1</type>
  <factId>88</factId>
  <objectToString>Vote [ballot=raMethod, value=1, voter=elf 2, round=1]</objectToString>
</org.drools.audit.event.ObjectLogEvent>
<org.drools.audit.event.ActivationLogEvent>
  <type>7</type>
  <activationId>Vote for RA method [1, 2, 10]</activationId>
  <rule>Vote for RA method</rule>
  <declarations>$i=Institution [id=0, state=CFV, round=1, allocationMethod=QUEUE](2); $member=allocation.newagents.Member@5c1e110(10); $pid=0(10); $r=1(2); $pool=CommonPool 0 [resourceLevel=476.16269154185125, maxLevel=500.0](1); $iid=0(10)</declarations>
  <ruleFlowGroup>vote</ruleFlowGroup>
</org.drools.audit.event.ActivationLogEvent>
<org.drools.audit.event.ActivationLogEvent>
  <type>6</type>
  <activationId>Vote for RA method [1, 2, 9]</activationId>
  <rule>Vote for RA method</rule>
  <declarations>$i=Institution [id=0, state=CFV, round=1, allocationMethod=QUEUE](2); $member=allocation.newagents.Member@5c1e10f(9); $pid=0(9); $r=1(2); $pool=CommonPool 0 [resourceLevel=476.16269154185125, maxLevel=500.0](1); $iid=0(9)</declarations>
  <ruleFlowGroup>vote</ruleFlowGroup>
</org.drools.audit.event.ActivationLogEvent>
<org.drools.audit.event.ActivationLogEvent>
  <type>4</type>
  <activationId>Count votes [99, 9, 95, 2]</activationId>
  <rule>Count votes</rule>
  <declarations>$ag=elf 1(95); $votes=[Vote [ballot=raMethod, value=1, voter=elf 4, round=1], Vote [ballot=raMethod, value=1, voter=elf 3, round=1], Vote [ballot=raMethod, value=1, voter=elf 2, round=1]](99); $round=1(2); $b=raMethod(95); $iid=0(2)</declarations>
  <ruleFlowGroup>vote</ruleFlowGroup>
</org.drools.audit.event.ActivationLogEvent>
<org.drools.audit.event.ObjectLogEvent>
  <type>1</type>
  <factId>95</factId>
  <objectToString>Vote [ballot=raMethod, value=1, voter=elf 1, round=1]</objectToString>
</org.drools.audit.event.ObjectLogEvent>
<org.drools.audit.event.ActivationLogEvent>
  <type>7</type>
  <activationId>Vote for RA method [1, 2, 9]</activationId>
  <rule>Vote for RA method</rule>
  <declarations>$i=Institution [id=0, state=CFV, round=1, allocationMethod=QUEUE](2); $member=allocation.newagents.Member@5c1e10f(9); $pid=0(9); $r=1(2); $pool=CommonPool 0 [resourceLevel=476.16269154185125, maxLevel=500.0](1); $iid=0(9)</declarations>
  <ruleFlowGroup>vote</ruleFlowGroup>
</org.drools.audit.event.ActivationLogEvent>
<org.drools.audit.event.ActivationLogEvent>
  <type>6</type>
  <activationId>Vote for RA method [1, 2, 5]</activationId>
  <rule>Vote for RA method</rule>
  <declarations>$i=Institution [id=0, state=CFV, round=1, allocationMethod=QUEUE](2); $member=allocation.newagents.Head@5c1e10e(5); $pid=0(5); $r=1(2); $pool=CommonPool 0 [resourceLevel=476.16269154185125, maxLevel=500.0](1); $iid=0(5)</declarations>
  <ruleFlowGroup>vote</ruleFlowGroup>
</org.drools.audit.event.ActivationLogEvent>
<org.drools.audit.event.ActivationLogEvent>
  <type>4</type>
  <activationId>Count votes [109, 5, 104, 2]</activationId>
  <rule>Count votes</rule>
  <declarations>$ag=elf 0(104); $votes=[Vote [ballot=raMethod, value=1, voter=elf 4, round=1], Vote [ballot=raMethod, value=1, voter=elf 3, round=1], Vote [ballot=raMethod, value=1, voter=elf 2, round=1], Vote [ballot=raMethod, value=1, voter=elf 1, round=1]](109); $round=1(2); $b=raMethod(104); $iid=0(2)</declarations>
  <ruleFlowGroup>vote</ruleFlowGroup>
</org.drools.audit.event.ActivationLogEvent>
<org.drools.audit.event.ObjectLogEvent>
  <type>1</type>
  <factId>104</factId>
  <objectToString>Vote [ballot=raMethod, value=1, voter=elf 0, round=1]</objectToString>
</org.drools.audit.event.ObjectLogEvent>
<org.drools.audit.event.ActivationLogEvent>
  <type>7</type>
  <activationId>Vote for RA method [1, 2, 5]</activationId>
  <rule>Vote for RA method</rule>
  <declarations>$i=Institution [id=0, state=CFV, round=1, allocationMethod=QUEUE](2); $member=allocation.newagents.Head@5c1e10e(5); $pid=0(5); $r=1(2); $pool=CommonPool 0 [resourceLevel=476.16269154185125, maxLevel=500.0](1); $iid=0(5)</declarations>
  <ruleFlowGroup>vote</ruleFlowGroup>
</org.drools.audit.event.ActivationLogEvent>
<org.drools.audit.event.ActivationLogEvent>
  <type>6</type>
  <activationId>Count votes [109, 5, 104, 2]</activationId>
  <rule>Count votes</rule>
  <declarations>$ag=elf 0(104); $votes=[Vote [ballot=raMethod, value=1, voter=elf 4, round=1], Vote [ballot=raMethod, value=1, voter=elf 3, round=1], Vote [ballot=raMethod, value=1, voter=elf 2, round=1], Vote [ballot=raMethod, value=1, voter=elf 1, round=1], Vote [ballot=raMethod, value=1, voter=elf 0, round=1]](109); $round=1(2); $b=raMethod(104); $iid=0(2)</declarations>
  <ruleFlowGroup>vote</ruleFlowGroup>
</org.drools.audit.event.ActivationLogEvent>
<org.drools.audit.event.ActivationLogEvent>
  <type>4</type>
  <activationId>Declare winner and update Ra method [2, 115]</activationId>
  <rule>Declare winner and update Ra method</rule>
  <declarations>$i=Institution [id=0, state=CFV, round=1, allocationMethod=QUEUE](2); $iid=0(115); $vc=Declared [institution=0, ballot=raMethod, round=1, result={1=5}](115)</declarations>
  <ruleFlowGroup>vote</ruleFlowGroup>
</org.drools.audit.event.ActivationLogEvent>
<org.drools.audit.event.ActivationLogEvent>
  <type>5</type>
  <activationId>Count votes [81, 12, 80, 2]</activationId>
  <rule>Count votes</rule>
  <declarations>$ag=elf 4(80); $votes=[](81); $round=1(2); $b=raMethod(80); $iid=0(2)</declarations>
  <ruleFlowGroup>vote</ruleFlowGroup>
</org.drools.audit.event.ActivationLogEvent>
<org.drools.audit.event.ActivationLogEvent>
  <type>5</type>
  <activationId>Count votes [85, 11, 83, 2]</activationId>
  <rule>Count votes</rule>
  <declarations>$ag=elf 3(83); $votes=[](85); $round=1(2); $b=raMethod(83); $iid=0(2)</declarations>
  <ruleFlowGroup>vote</ruleFlowGroup>
</org.drools.audit.event.ActivationLogEvent>
<org.drools.audit.event.ActivationLogEvent>
  <type>5</type>
  <activationId>Count votes [91, 10, 88, 2]</activationId>
  <rule>Count votes</rule>
  <declarations>$ag=elf 2(88); $votes=[](91); $round=1(2); $b=raMethod(88); $iid=0(2)</declarations>
  <ruleFlowGroup>vote</ruleFlowGroup>
</org.drools.audit.event.ActivationLogEvent>
<org.drools.audit.event.ActivationLogEvent>
  <type>5</type>
  <activationId>Count votes [99, 9, 95, 2]</activationId>
  <rule>Count votes</rule>
  <declarations>$ag=elf 1(95); $votes=[](99); $round=1(2); $b=raMethod(95); $iid=0(2)</declarations>
  <ruleFlowGroup>vote</ruleFlowGroup>
</org.drools.audit.event.ActivationLogEvent>
<org.drools.audit.event.ActivationLogEvent>
  <type>4</type>
  <activationId>Echo Votes Counted [115]</activationId>
  <rule>Echo Votes Counted</rule>
  <declarations>$vc=Declared [institution=0, ballot=raMethod, round=1, result={1=5}](115)</declarations>
  <ruleFlowGroup>vote</ruleFlowGroup>
</org.drools.audit.event.ActivationLogEvent>
<org.drools.audit.event.ObjectLogEvent>
  <type>1</type>
  <factId>115</factId>
  <objectToString>Declared [institution=0, ballot=raMethod, round=1, result={1=5}]</objectToString>
</org.drools.audit.event.ObjectLogEvent>
<org.drools.audit.event.ActivationLogEvent>
  <type>7</type>
  <activationId>Count votes [109, 5, 104, 2]</activationId>
  <rule>Count votes</rule>
  <declarations>$ag=elf 0(104); $votes=[](109); $round=1(2); $b=raMethod(104); $iid=0(2)</declarations>
  <ruleFlowGroup>vote</ruleFlowGroup>
</org.drools.audit.event.ActivationLogEvent>
<org.drools.audit.event.ActivationLogEvent>
  <type>6</type>
  <activationId>Echo Votes Counted [115]</activationId>
  <rule>Echo Votes Counted</rule>
  <declarations>$vc=Declared [institution=0, ballot=raMethod, round=1, result={1=5}](115)</declarations>
  <ruleFlowGroup>vote</ruleFlowGroup>
</org.drools.audit.event.ActivationLogEvent>
<org.drools.audit.event.ActivationLogEvent>
  <type>7</type>
  <activationId>Echo Votes Counted [115]</activationId>
  <rule>Echo Votes Counted</rule>
  <declarations>$vc=Declared [institution=0, ballot=raMethod, round=1, result={1=5}](115)</declarations>
  <ruleFlowGroup>vote</ruleFlowGroup>
</org.drools.audit.event.ActivationLogEvent>
<org.drools.audit.event.ActivationLogEvent>
  <type>6</type>
  <activationId>Declare winner and update Ra method [2, 115]</activationId>
  <rule>Declare winner and update Ra method</rule>
  <declarations>$i=Institution [id=0, state=CFV, round=1, allocationMethod=QUEUE](2); $iid=0(115); $vc=Declared [institution=0, ballot=raMethod, round=1, result={1=5}](115)</declarations>
  <ruleFlowGroup>vote</ruleFlowGroup>
</org.drools.audit.event.ActivationLogEvent>
<org.drools.audit.event.ActivationLogEvent>
  <type>4</type>
  <activationId>Echo Declared [116]</activationId>
  <rule>Echo Declared</rule>
  <declarations>$d=Declared( institution=0, ballot=raMethod, round=1, result=1 )(116)</declarations>
  <ruleFlowGroup>vote</ruleFlowGroup>
</org.drools.audit.event.ActivationLogEvent>
<org.drools.audit.event.ObjectLogEvent>
  <type>1</type>
  <factId>116</factId>
  <objectToString>Declared( institution=0, ballot=raMethod, round=1, result=1 )</objectToString>
</org.drools.audit.event.ObjectLogEvent>
<org.drools.audit.event.ActivationLogEvent>
  <type>7</type>
  <activationId>Declare winner and update Ra method [2, 115]</activationId>
  <rule>Declare winner and update Ra method</rule>
  <declarations>$i=Institution [id=0, state=CFV, round=1, allocationMethod=QUEUE](2); $iid=0(115); $vc=Declared [institution=0, ballot=raMethod, round=1, result={1=5}](115)</declarations>
  <ruleFlowGroup>vote</ruleFlowGroup>
</org.drools.audit.event.ActivationLogEvent>
<org.drools.audit.event.ActivationLogEvent>
  <type>6</type>
  <activationId>Echo Declared [116]</activationId>
  <rule>Echo Declared</rule>
  <declarations>$d=Declared( institution=0, ballot=raMethod, round=1, result=1 )(116)</declarations>
  <ruleFlowGroup>vote</ruleFlowGroup>
</org.drools.audit.event.ActivationLogEvent>
<org.drools.audit.event.ActivationLogEvent>
  <type>7</type>
  <activationId>Echo Declared [116]</activationId>
  <rule>Echo Declared</rule>
  <declarations>$d=Declared( institution=0, ballot=raMethod, round=1, result=1 )(116)</declarations>
  <ruleFlowGroup>vote</ruleFlowGroup>
</org.drools.audit.event.ActivationLogEvent>
<org.drools.audit.event.RuleFlowGroupLogEvent>
  <type>14</type>
  <groupName>vote</groupName>
  <size>0</size>
</org.drools.audit.event.RuleFlowGroupLogEvent>
<org.drools.audit.event.RuleFlowGroupLogEvent>
  <type>15</type>
  <groupName>vote</groupName>
  <size>0</size>
</org.drools.audit.event.RuleFlowGroupLogEvent>
<org.drools.audit.event.RuleFlowNodeLogEvent>
  <type>26</type>
  <processId>allocation.Simulation</processId>
  <processName>Simulation</processName>
  <processInstanceId>2</processInstanceId>
  <nodeId>6</nodeId>
  <nodeName>Vote</nodeName>
  <nodeInstanceId>3</nodeInstanceId>
</org.drools.audit.event.RuleFlowNodeLogEvent>
<org.drools.audit.event.RuleFlowNodeLogEvent>
  <type>24</type>
  <processId>allocation.Simulation</processId>
  <processName>Simulation</processName>
  <processInstanceId>2</processInstanceId>
  <nodeId>7</nodeId>
  <nodeName>Demand</nodeName>
  <nodeInstanceId>4</nodeInstanceId>
</org.drools.audit.event.RuleFlowNodeLogEvent>
<org.drools.audit.event.RuleFlowGroupLogEvent>
  <type>12</type>
  <groupName>demand</groupName>
  <size>5</size>
</org.drools.audit.event.RuleFlowGroupLogEvent>
<org.drools.audit.event.RuleFlowGroupLogEvent>
  <type>13</type>
  <groupName>demand</groupName>
  <size>5</size>
</org.drools.audit.event.RuleFlowGroupLogEvent>
<org.drools.audit.event.RuleFlowNodeLogEvent>
  <type>25</type>
  <processId>allocation.Simulation</processId>
  <processName>Simulation</processName>
  <processInstanceId>2</processInstanceId>
  <nodeId>7</nodeId>
  <nodeName>Demand</nodeName>
  <nodeInstanceId>4</nodeInstanceId>
</org.drools.audit.event.RuleFlowNodeLogEvent>
<org.drools.audit.event.RuleFlowNodeLogEvent>
  <type>27</type>
  <processId>allocation.Simulation</processId>
  <processName>Simulation</processName>
  <processInstanceId>2</processInstanceId>
  <nodeId>6</nodeId>
  <nodeName>Vote</nodeName>
  <nodeInstanceId>3</nodeInstanceId>
</org.drools.audit.event.RuleFlowNodeLogEvent>
<org.drools.audit.event.ActivationLogEvent>
  <type>6</type>
  <activationId>Member Demands [12, 1, 2]</activationId>
  <rule>Member Demands</rule>
  <declarations>$member=allocation.newagents.Member@5c1e112(12); $inst=Institution [id=0, state=CFV, round=1, allocationMethod=QUEUE](2); $pools=[CommonPool 0 [resourceLevel=476.16269154185125, maxLevel=500.0]](2); $round=1(2); $pool=CommonPool 0 [resourceLevel=476.16269154185125, maxLevel=500.0](1); $iid=0(2)</declarations>
  <ruleFlowGroup>demand</ruleFlowGroup>
</org.drools.audit.event.ActivationLogEvent>
<org.drools.audit.event.ActivationLogEvent>
  <type>4</type>
  <activationId>Do allocation - raMethod QUEUE [6, 5, 1, 2]</activationId>
  <rule>Do allocation - raMethod QUEUE</rule>
  <declarations>$hd=allocation.newagents.Head@5c1e10e(5); $inst=Institution [id=0, state=CFV, round=1, allocationMethod=QUEUE](2); $pools=[CommonPool 0 [resourceLevel=476.16269154185125, maxLevel=500.0]](2); $round=1(2); $demands=[Demand [quantity=46.25815257197513]](6); $pool=CommonPool 0 [resourceLevel=476.16269154185125, maxLevel=500.0](1); $iid=0(2)</declarations>
  <ruleFlowGroup>allocate</ruleFlowGroup>
</org.drools.audit.event.ActivationLogEvent>
<org.drools.audit.event.ObjectLogEvent>
  <type>1</type>
  <factId>117</factId>
  <objectToString>Demand [quantity=46.25815257197513]</objectToString>
</org.drools.audit.event.ObjectLogEvent>
<org.drools.audit.event.ActivationLogEvent>
  <type>7</type>
  <activationId>Member Demands [12, 1, 2]</activationId>
  <rule>Member Demands</rule>
  <declarations>$member=allocation.newagents.Member@5c1e112(12); $inst=Institution [id=0, state=CFV, round=1, allocationMethod=QUEUE](2); $pools=[CommonPool 0 [resourceLevel=476.16269154185125, maxLevel=500.0]](2); $round=1(2); $pool=CommonPool 0 [resourceLevel=476.16269154185125, maxLevel=500.0](1); $iid=0(2)</declarations>
  <ruleFlowGroup>demand</ruleFlowGroup>
</org.drools.audit.event.ActivationLogEvent>
<org.drools.audit.event.ActivationLogEvent>
  <type>6</type>
  <activationId>Member Demands [11, 1, 2]</activationId>
  <rule>Member Demands</rule>
  <declarations>$member=allocation.newagents.Member@5c1e111(11); $inst=Institution [id=0, state=CFV, round=1, allocationMethod=QUEUE](2); $pools=[CommonPool 0 [resourceLevel=476.16269154185125, maxLevel=500.0]](2); $round=1(2); $pool=CommonPool 0 [resourceLevel=476.16269154185125, maxLevel=500.0](1); $iid=0(2)</declarations>
  <ruleFlowGroup>demand</ruleFlowGroup>
</org.drools.audit.event.ActivationLogEvent>
<org.drools.audit.event.ObjectLogEvent>
  <type>1</type>
  <factId>118</factId>
  <objectToString>Demand [quantity=51.15728759837802]</objectToString>
</org.drools.audit.event.ObjectLogEvent>
<org.drools.audit.event.ActivationLogEvent>
  <type>7</type>
  <activationId>Member Demands [11, 1, 2]</activationId>
  <rule>Member Demands</rule>
  <declarations>$member=allocation.newagents.Member@5c1e111(11); $inst=Institution [id=0, state=CFV, round=1, allocationMethod=QUEUE](2); $pools=[CommonPool 0 [resourceLevel=476.16269154185125, maxLevel=500.0]](2); $round=1(2); $pool=CommonPool 0 [resourceLevel=476.16269154185125, maxLevel=500.0](1); $iid=0(2)</declarations>
  <ruleFlowGroup>demand</ruleFlowGroup>
</org.drools.audit.event.ActivationLogEvent>
<org.drools.audit.event.ActivationLogEvent>
  <type>6</type>
  <activationId>Member Demands [10, 1, 2]</activationId>
  <rule>Member Demands</rule>
  <declarations>$member=allocation.newagents.Member@5c1e110(10); $inst=Institution [id=0, state=CFV, round=1, allocationMethod=QUEUE](2); $pools=[CommonPool 0 [resourceLevel=476.16269154185125, maxLevel=500.0]](2); $round=1(2); $pool=CommonPool 0 [resourceLevel=476.16269154185125, maxLevel=500.0](1); $iid=0(2)</declarations>
  <ruleFlowGroup>demand</ruleFlowGroup>
</org.drools.audit.event.ActivationLogEvent>
<org.drools.audit.event.ObjectLogEvent>
  <type>1</type>
  <factId>119</factId>
  <objectToString>Demand [quantity=0.0]</objectToString>
</org.drools.audit.event.ObjectLogEvent>
<org.drools.audit.event.ActivationLogEvent>
  <type>7</type>
  <activationId>Member Demands [10, 1, 2]</activationId>
  <rule>Member Demands</rule>
  <declarations>$member=allocation.newagents.Member@5c1e110(10); $inst=Institution [id=0, state=CFV, round=1, allocationMethod=QUEUE](2); $pools=[CommonPool 0 [resourceLevel=476.16269154185125, maxLevel=500.0]](2); $round=1(2); $pool=CommonPool 0 [resourceLevel=476.16269154185125, maxLevel=500.0](1); $iid=0(2)</declarations>
  <ruleFlowGroup>demand</ruleFlowGroup>
</org.drools.audit.event.ActivationLogEvent>
<org.drools.audit.event.ActivationLogEvent>
  <type>6</type>
  <activationId>Member Demands [9, 1, 2]</activationId>
  <rule>Member Demands</rule>
  <declarations>$member=allocation.newagents.Member@5c1e10f(9); $inst=Institution [id=0, state=CFV, round=1, allocationMethod=QUEUE](2); $pools=[CommonPool 0 [resourceLevel=476.16269154185125, maxLevel=500.0]](2); $round=1(2); $pool=CommonPool 0 [resourceLevel=476.16269154185125, maxLevel=500.0](1); $iid=0(2)</declarations>
  <ruleFlowGroup>demand</ruleFlowGroup>
</org.drools.audit.event.ActivationLogEvent>
<org.drools.audit.event.ObjectLogEvent>
  <type>1</type>
  <factId>120</factId>
  <objectToString>Demand [quantity=51.19919751091273]</objectToString>
</org.drools.audit.event.ObjectLogEvent>
<org.drools.audit.event.ActivationLogEvent>
  <type>7</type>
  <activationId>Member Demands [9, 1, 2]</activationId>
  <rule>Member Demands</rule>
  <declarations>$member=allocation.newagents.Member@5c1e10f(9); $inst=Institution [id=0, state=CFV, round=1, allocationMethod=QUEUE](2); $pools=[CommonPool 0 [resourceLevel=476.16269154185125, maxLevel=500.0]](2); $round=1(2); $pool=CommonPool 0 [resourceLevel=476.16269154185125, maxLevel=500.0](1); $iid=0(2)</declarations>
  <ruleFlowGroup>demand</ruleFlowGroup>
</org.drools.audit.event.ActivationLogEvent>
<org.drools.audit.event.ActivationLogEvent>
  <type>6</type>
  <activationId>Member Demands [5, 1, 2]</activationId>
  <rule>Member Demands</rule>
  <declarations>$member=allocation.newagents.Head@5c1e10e(5); $inst=Institution [id=0, state=CFV, round=1, allocationMethod=QUEUE](2); $pools=[CommonPool 0 [resourceLevel=476.16269154185125, maxLevel=500.0]](2); $round=1(2); $pool=CommonPool 0 [resourceLevel=476.16269154185125, maxLevel=500.0](1); $iid=0(2)</declarations>
  <ruleFlowGroup>demand</ruleFlowGroup>
</org.drools.audit.event.ActivationLogEvent>
<org.drools.audit.event.ObjectLogEvent>
  <type>1</type>
  <factId>121</factId>
  <objectToString>Demand [quantity=52.166307022016454]</objectToString>
</org.drools.audit.event.ObjectLogEvent>
<org.drools.audit.event.ActivationLogEvent>
  <type>7</type>
  <activationId>Member Demands [5, 1, 2]</activationId>
  <rule>Member Demands</rule>
  <declarations>$member=allocation.newagents.Head@5c1e10e(5); $inst=Institution [id=0, state=CFV, round=1, allocationMethod=QUEUE](2); $pools=[CommonPool 0 [resourceLevel=476.16269154185125, maxLevel=500.0]](2); $round=1(2); $pool=CommonPool 0 [resourceLevel=476.16269154185125, maxLevel=500.0](1); $iid=0(2)</declarations>
  <ruleFlowGroup>demand</ruleFlowGroup>
</org.drools.audit.event.ActivationLogEvent>
<org.drools.audit.event.RuleFlowGroupLogEvent>
  <type>14</type>
  <groupName>demand</groupName>
  <size>0</size>
</org.drools.audit.event.RuleFlowGroupLogEvent>
<org.drools.audit.event.RuleFlowGroupLogEvent>
  <type>15</type>
  <groupName>demand</groupName>
  <size>0</size>
</org.drools.audit.event.RuleFlowGroupLogEvent>
<org.drools.audit.event.RuleFlowNodeLogEvent>
  <type>26</type>
  <processId>allocation.Simulation</processId>
  <processName>Simulation</processName>
  <processInstanceId>2</processInstanceId>
  <nodeId>7</nodeId>
  <nodeName>Demand</nodeName>
  <nodeInstanceId>4</nodeInstanceId>
</org.drools.audit.event.RuleFlowNodeLogEvent>
<org.drools.audit.event.RuleFlowNodeLogEvent>
  <type>24</type>
  <processId>allocation.Simulation</processId>
  <processName>Simulation</processName>
  <processInstanceId>2</processInstanceId>
  <nodeId>8</nodeId>
  <nodeName>Allocate</nodeName>
  <nodeInstanceId>5</nodeInstanceId>
</org.drools.audit.event.RuleFlowNodeLogEvent>
<org.drools.audit.event.RuleFlowGroupLogEvent>
  <type>12</type>
  <groupName>allocate</groupName>
  <size>1</size>
</org.drools.audit.event.RuleFlowGroupLogEvent>
<org.drools.audit.event.RuleFlowGroupLogEvent>
  <type>13</type>
  <groupName>allocate</groupName>
  <size>1</size>
</org.drools.audit.event.RuleFlowGroupLogEvent>
<org.drools.audit.event.RuleFlowNodeLogEvent>
  <type>25</type>
  <processId>allocation.Simulation</processId>
  <processName>Simulation</processName>
  <processInstanceId>2</processInstanceId>
  <nodeId>8</nodeId>
  <nodeName>Allocate</nodeName>
  <nodeInstanceId>5</nodeInstanceId>
</org.drools.audit.event.RuleFlowNodeLogEvent>
<org.drools.audit.event.RuleFlowNodeLogEvent>
  <type>27</type>
  <processId>allocation.Simulation</processId>
  <processName>Simulation</processName>
  <processInstanceId>2</processInstanceId>
  <nodeId>7</nodeId>
  <nodeName>Demand</nodeName>
  <nodeInstanceId>4</nodeInstanceId>
</org.drools.audit.event.RuleFlowNodeLogEvent>
<org.drools.audit.event.ActivationLogEvent>
  <type>6</type>
  <activationId>Do allocation - raMethod QUEUE [6, 5, 1, 2]</activationId>
  <rule>Do allocation - raMethod QUEUE</rule>
  <declarations>$hd=allocation.newagents.Head@5c1e10e(5); $inst=Institution [id=0, state=CFV, round=1, allocationMethod=QUEUE](2); $pools=[CommonPool 0 [resourceLevel=476.16269154185125, maxLevel=500.0]](2); $round=1(2); $demands=[Demand [quantity=46.25815257197513], Demand [quantity=51.15728759837802], Demand [quantity=0.0], Demand [quantity=51.19919751091273], Demand [quantity=52.166307022016454]](6); $pool=CommonPool 0 [resourceLevel=476.16269154185125, maxLevel=500.0](1); $iid=0(2)</declarations>
  <ruleFlowGroup>allocate</ruleFlowGroup>
</org.drools.audit.event.ActivationLogEvent>
<org.drools.audit.event.ActivationLogEvent>
  <type>5</type>
  <activationId>Member appropriation - no allocation [1, 2, 11, 4]</activationId>
  <rule>Member appropriation - no allocation</rule>
  <declarations>$i=Institution [id=0, state=CFV, round=1, allocationMethod=QUEUE](2); $t=1(4); $member=allocation.newagents.Member@5c1e111(11); $pid=0(11); $round=1(2); $pool=CommonPool 0 [resourceLevel=476.16269154185125, maxLevel=500.0](1); $iid=0(11)</declarations>
  <ruleFlowGroup>appropriate</ruleFlowGroup>
</org.drools.audit.event.ActivationLogEvent>
<org.drools.audit.event.ActivationLogEvent>
  <type>4</type>
  <activationId>Member appropriation - allocated [122, 1, 2, 11]</activationId>
  <rule>Member appropriation - allocated</rule>
  <declarations>$all=Allocation [quantity=51.15728759837802, agent=elf 3, round=1](122); $i=Institution [id=0, state=CFV, round=1, allocationMethod=QUEUE](2); $member=allocation.newagents.Member@5c1e111(11); $pid=0(11); $round=1(2); $pool=CommonPool 0 [resourceLevel=476.16269154185125, maxLevel=500.0](1); $iid=0(11)</declarations>
  <ruleFlowGroup>appropriate</ruleFlowGroup>
</org.drools.audit.event.ActivationLogEvent>
<org.drools.audit.event.ObjectLogEvent>
  <type>1</type>
  <factId>122</factId>
  <objectToString>Allocation [quantity=51.15728759837802, agent=elf 3, round=1]</objectToString>
</org.drools.audit.event.ObjectLogEvent>
<org.drools.audit.event.ActivationLogEvent>
  <type>5</type>
  <activationId>Member appropriation - no allocation [1, 2, 9, 4]</activationId>
  <rule>Member appropriation - no allocation</rule>
  <declarations>$i=Institution [id=0, state=CFV, round=1, allocationMethod=QUEUE](2); $t=1(4); $member=allocation.newagents.Member@5c1e10f(9); $pid=0(9); $round=1(2); $pool=CommonPool 0 [resourceLevel=476.16269154185125, maxLevel=500.0](1); $iid=0(9)</declarations>
  <ruleFlowGroup>appropriate</ruleFlowGroup>
</org.drools.audit.event.ActivationLogEvent>
<org.drools.audit.event.ActivationLogEvent>
  <type>4</type>
  <activationId>Member appropriation - allocated [123, 1, 2, 9]</activationId>
  <rule>Member appropriation - allocated</rule>
  <declarations>$all=Allocation [quantity=51.19919751091273, agent=elf 1, round=1](123); $i=Institution [id=0, state=CFV, round=1, allocationMethod=QUEUE](2); $member=allocation.newagents.Member@5c1e10f(9); $pid=0(9); $round=1(2); $pool=CommonPool 0 [resourceLevel=476.16269154185125, maxLevel=500.0](1); $iid=0(9)</declarations>
  <ruleFlowGroup>appropriate</ruleFlowGroup>
</org.drools.audit.event.ActivationLogEvent>
<org.drools.audit.event.ObjectLogEvent>
  <type>1</type>
  <factId>123</factId>
  <objectToString>Allocation [quantity=51.19919751091273, agent=elf 1, round=1]</objectToString>
</org.drools.audit.event.ObjectLogEvent>
<org.drools.audit.event.ActivationLogEvent>
  <type>5</type>
  <activationId>Member appropriation - no allocation [1, 2, 5, 4]</activationId>
  <rule>Member appropriation - no allocation</rule>
  <declarations>$i=Institution [id=0, state=CFV, round=1, allocationMethod=QUEUE](2); $t=1(4); $member=allocation.newagents.Head@5c1e10e(5); $pid=0(5); $round=1(2); $pool=CommonPool 0 [resourceLevel=476.16269154185125, maxLevel=500.0](1); $iid=0(5)</declarations>
  <ruleFlowGroup>appropriate</ruleFlowGroup>
</org.drools.audit.event.ActivationLogEvent>
<org.drools.audit.event.ActivationLogEvent>
  <type>4</type>
  <activationId>Member appropriation - allocated [124, 1, 2, 5]</activationId>
  <rule>Member appropriation - allocated</rule>
  <declarations>$all=Allocation [quantity=52.166307022016454, agent=elf 0, round=1](124); $i=Institution [id=0, state=CFV, round=1, allocationMethod=QUEUE](2); $member=allocation.newagents.Head@5c1e10e(5); $pid=0(5); $round=1(2); $pool=CommonPool 0 [resourceLevel=476.16269154185125, maxLevel=500.0](1); $iid=0(5)</declarations>
  <ruleFlowGroup>appropriate</ruleFlowGroup>
</org.drools.audit.event.ActivationLogEvent>
<org.drools.audit.event.ObjectLogEvent>
  <type>1</type>
  <factId>124</factId>
  <objectToString>Allocation [quantity=52.166307022016454, agent=elf 0, round=1]</objectToString>
</org.drools.audit.event.ObjectLogEvent>
<org.drools.audit.event.ActivationLogEvent>
  <type>5</type>
  <activationId>Member appropriation - no allocation [1, 2, 10, 4]</activationId>
  <rule>Member appropriation - no allocation</rule>
  <declarations>$i=Institution [id=0, state=CFV, round=1, allocationMethod=QUEUE](2); $t=1(4); $member=allocation.newagents.Member@5c1e110(10); $pid=0(10); $round=1(2); $pool=CommonPool 0 [resourceLevel=476.16269154185125, maxLevel=500.0](1); $iid=0(10)</declarations>
  <ruleFlowGroup>appropriate</ruleFlowGroup>
</org.drools.audit.event.ActivationLogEvent>
<org.drools.audit.event.ActivationLogEvent>
  <type>4</type>
  <activationId>Member appropriation - allocated [125, 1, 2, 10]</activationId>
  <rule>Member appropriation - allocated</rule>
  <declarations>$all=Allocation [quantity=0.0, agent=elf 2, round=1](125); $i=Institution [id=0, state=CFV, round=1, allocationMethod=QUEUE](2); $member=allocation.newagents.Member@5c1e110(10); $pid=0(10); $round=1(2); $pool=CommonPool 0 [resourceLevel=476.16269154185125, maxLevel=500.0](1); $iid=0(10)</declarations>
  <ruleFlowGroup>appropriate</ruleFlowGroup>
</org.drools.audit.event.ActivationLogEvent>
<org.drools.audit.event.ObjectLogEvent>
  <type>1</type>
  <factId>125</factId>
  <objectToString>Allocation [quantity=0.0, agent=elf 2, round=1]</objectToString>
</org.drools.audit.event.ObjectLogEvent>
<org.drools.audit.event.ActivationLogEvent>
  <type>5</type>
  <activationId>Member appropriation - no allocation [1, 2, 12, 4]</activationId>
  <rule>Member appropriation - no allocation</rule>
  <declarations>$i=Institution [id=0, state=CFV, round=1, allocationMethod=QUEUE](2); $t=1(4); $member=allocation.newagents.Member@5c1e112(12); $pid=0(12); $round=1(2); $pool=CommonPool 0 [resourceLevel=476.16269154185125, maxLevel=500.0](1); $iid=0(12)</declarations>
  <ruleFlowGroup>appropriate</ruleFlowGroup>
</org.drools.audit.event.ActivationLogEvent>
<org.drools.audit.event.ActivationLogEvent>
  <type>4</type>
  <activationId>Member appropriation - allocated [126, 1, 2, 12]</activationId>
  <rule>Member appropriation - allocated</rule>
  <declarations>$all=Allocation [quantity=46.25815257197513, agent=elf 4, round=1](126); $i=Institution [id=0, state=CFV, round=1, allocationMethod=QUEUE](2); $member=allocation.newagents.Member@5c1e112(12); $pid=0(12); $round=1(2); $pool=CommonPool 0 [resourceLevel=476.16269154185125, maxLevel=500.0](1); $iid=0(12)</declarations>
  <ruleFlowGroup>appropriate</ruleFlowGroup>
</org.drools.audit.event.ActivationLogEvent>
<org.drools.audit.event.ObjectLogEvent>
  <type>1</type>
  <factId>126</factId>
  <objectToString>Allocation [quantity=46.25815257197513, agent=elf 4, round=1]</objectToString>
</org.drools.audit.event.ObjectLogEvent>
<org.drools.audit.event.ActivationLogEvent>
  <type>7</type>
  <activationId>Do allocation - raMethod QUEUE [6, 5, 1, 2]</activationId>
  <rule>Do allocation - raMethod QUEUE</rule>
  <declarations>$hd=allocation.newagents.Head@5c1e10e(5); $inst=Institution [id=0, state=CFV, round=1, allocationMethod=QUEUE](2); $pools=[CommonPool 0 [resourceLevel=476.16269154185125, maxLevel=500.0]](2); $round=1(2); $demands=[Demand [quantity=51.19919751091273], Demand [quantity=51.15728759837802], Demand [quantity=52.166307022016454], Demand [quantity=46.25815257197513], Demand [quantity=0.0]](6); $pool=CommonPool 0 [resourceLevel=476.16269154185125, maxLevel=500.0](1); $iid=0(2)</declarations>
  <ruleFlowGroup>allocate</ruleFlowGroup>
</org.drools.audit.event.ActivationLogEvent>
<org.drools.audit.event.RuleFlowGroupLogEvent>
  <type>14</type>
  <groupName>allocate</groupName>
  <size>0</size>
</org.drools.audit.event.RuleFlowGroupLogEvent>
<org.drools.audit.event.RuleFlowGroupLogEvent>
  <type>15</type>
  <groupName>allocate</groupName>
  <size>0</size>
</org.drools.audit.event.RuleFlowGroupLogEvent>
<org.drools.audit.event.RuleFlowNodeLogEvent>
  <type>26</type>
  <processId>allocation.Simulation</processId>
  <processName>Simulation</processName>
  <processInstanceId>2</processInstanceId>
  <nodeId>8</nodeId>
  <nodeName>Allocate</nodeName>
  <nodeInstanceId>5</nodeInstanceId>
</org.drools.audit.event.RuleFlowNodeLogEvent>
<org.drools.audit.event.RuleFlowNodeLogEvent>
  <type>24</type>
  <processId>allocation.Simulation</processId>
  <processName>Simulation</processName>
  <processInstanceId>2</processInstanceId>
  <nodeId>9</nodeId>
  <nodeName>Appropriate</nodeName>
  <nodeInstanceId>6</nodeInstanceId>
</org.drools.audit.event.RuleFlowNodeLogEvent>
<org.drools.audit.event.RuleFlowGroupLogEvent>
  <type>12</type>
  <groupName>appropriate</groupName>
  <size>8</size>
</org.drools.audit.event.RuleFlowGroupLogEvent>
<org.drools.audit.event.RuleFlowGroupLogEvent>
  <type>13</type>
  <groupName>appropriate</groupName>
  <size>8</size>
</org.drools.audit.event.RuleFlowGroupLogEvent>
<org.drools.audit.event.RuleFlowNodeLogEvent>
  <type>25</type>
  <processId>allocation.Simulation</processId>
  <processName>Simulation</processName>
  <processInstanceId>2</processInstanceId>
  <nodeId>9</nodeId>
  <nodeName>Appropriate</nodeName>
  <nodeInstanceId>6</nodeInstanceId>
</org.drools.audit.event.RuleFlowNodeLogEvent>
<org.drools.audit.event.RuleFlowNodeLogEvent>
  <type>27</type>
  <processId>allocation.Simulation</processId>
  <processName>Simulation</processName>
  <processInstanceId>2</processInstanceId>
  <nodeId>8</nodeId>
  <nodeName>Allocate</nodeName>
  <nodeInstanceId>5</nodeInstanceId>
</org.drools.audit.event.RuleFlowNodeLogEvent>
<org.drools.audit.event.ActivationLogEvent>
  <type>6</type>
  <activationId>Member appropriation - allocated [126, 1, 2, 12]</activationId>
  <rule>Member appropriation - allocated</rule>
  <declarations>$all=Allocation [quantity=46.25815257197513, agent=elf 4, round=1](126); $i=Institution [id=0, state=CFV, round=1, allocationMethod=QUEUE](2); $member=allocation.newagents.Member@5c1e112(12); $pid=0(12); $round=1(2); $pool=CommonPool 0 [resourceLevel=476.16269154185125, maxLevel=500.0](1); $iid=0(12)</declarations>
  <ruleFlowGroup>appropriate</ruleFlowGroup>
</org.drools.audit.event.ActivationLogEvent>
<org.drools.audit.event.ObjectLogEvent>
  <type>1</type>
  <factId>127</factId>
  <objectToString>Appropriated( agent=elf 4, round=1, quantity=46.25815257197513 )</objectToString>
</org.drools.audit.event.ObjectLogEvent>
<org.drools.audit.event.ActivationLogEvent>
  <type>4</type>
  <activationId>Vote for RA method [1, 2, 5]</activationId>
  <rule>Vote for RA method</rule>
  <declarations>$i=Institution [id=0, state=CFV, round=1, allocationMethod=QUEUE](2); $member=allocation.newagents.Head@5c1e10e(5); $pid=0(5); $r=1(2); $pool=CommonPool 0 [resourceLevel=429.9045389698761, maxLevel=500.0](1); $iid=0(5)</declarations>
  <ruleFlowGroup>vote</ruleFlowGroup>
</org.drools.audit.event.ActivationLogEvent>
<org.drools.audit.event.ActivationLogEvent>
  <type>4</type>
  <activationId>Vote for RA method [1, 2, 9]</activationId>
  <rule>Vote for RA method</rule>
  <declarations>$i=Institution [id=0, state=CFV, round=1, allocationMethod=QUEUE](2); $member=allocation.newagents.Member@5c1e10f(9); $pid=0(9); $r=1(2); $pool=CommonPool 0 [resourceLevel=429.9045389698761, maxLevel=500.0](1); $iid=0(9)</declarations>
  <ruleFlowGroup>vote</ruleFlowGroup>
</org.drools.audit.event.ActivationLogEvent>
<org.drools.audit.event.ActivationLogEvent>
  <type>4</type>
  <activationId>Vote for RA method [1, 2, 10]</activationId>
  <rule>Vote for RA method</rule>
  <declarations>$i=Institution [id=0, state=CFV, round=1, allocationMethod=QUEUE](2); $member=allocation.newagents.Member@5c1e110(10); $pid=0(10); $r=1(2); $pool=CommonPool 0 [resourceLevel=429.9045389698761, maxLevel=500.0](1); $iid=0(10)</declarations>
  <ruleFlowGroup>vote</ruleFlowGroup>
</org.drools.audit.event.ActivationLogEvent>
<org.drools.audit.event.ActivationLogEvent>
  <type>4</type>
  <activationId>Vote for RA method [1, 2, 11]</activationId>
  <rule>Vote for RA method</rule>
  <declarations>$i=Institution [id=0, state=CFV, round=1, allocationMethod=QUEUE](2); $member=allocation.newagents.Member@5c1e111(11); $pid=0(11); $r=1(2); $pool=CommonPool 0 [resourceLevel=429.9045389698761, maxLevel=500.0](1); $iid=0(11)</declarations>
  <ruleFlowGroup>vote</ruleFlowGroup>
</org.drools.audit.event.ActivationLogEvent>
<org.drools.audit.event.ActivationLogEvent>
  <type>4</type>
  <activationId>Vote for RA method [1, 2, 12]</activationId>
  <rule>Vote for RA method</rule>
  <declarations>$i=Institution [id=0, state=CFV, round=1, allocationMethod=QUEUE](2); $member=allocation.newagents.Member@5c1e112(12); $pid=0(12); $r=1(2); $pool=CommonPool 0 [resourceLevel=429.9045389698761, maxLevel=500.0](1); $iid=0(12)</declarations>
  <ruleFlowGroup>vote</ruleFlowGroup>
</org.drools.audit.event.ActivationLogEvent>
<org.drools.audit.event.ActivationLogEvent>
  <type>4</type>
  <activationId>Member Demands [5, 1, 2]</activationId>
  <rule>Member Demands</rule>
  <declarations>$member=allocation.newagents.Head@5c1e10e(5); $inst=Institution [id=0, state=CFV, round=1, allocationMethod=QUEUE](2); $pools=[CommonPool 0 [resourceLevel=429.9045389698761, maxLevel=500.0]](2); $round=1(2); $pool=CommonPool 0 [resourceLevel=429.9045389698761, maxLevel=500.0](1); $iid=0(2)</declarations>
  <ruleFlowGroup>demand</ruleFlowGroup>
</org.drools.audit.event.ActivationLogEvent>
<org.drools.audit.event.ActivationLogEvent>
  <type>4</type>
  <activationId>Member Demands [9, 1, 2]</activationId>
  <rule>Member Demands</rule>
  <declarations>$member=allocation.newagents.Member@5c1e10f(9); $inst=Institution [id=0, state=CFV, round=1, allocationMethod=QUEUE](2); $pools=[CommonPool 0 [resourceLevel=429.9045389698761, maxLevel=500.0]](2); $round=1(2); $pool=CommonPool 0 [resourceLevel=429.9045389698761, maxLevel=500.0](1); $iid=0(2)</declarations>
  <ruleFlowGroup>demand</ruleFlowGroup>
</org.drools.audit.event.ActivationLogEvent>
<org.drools.audit.event.ActivationLogEvent>
  <type>4</type>
  <activationId>Member Demands [10, 1, 2]</activationId>
  <rule>Member Demands</rule>
  <declarations>$member=allocation.newagents.Member@5c1e110(10); $inst=Institution [id=0, state=CFV, round=1, allocationMethod=QUEUE](2); $pools=[CommonPool 0 [resourceLevel=429.9045389698761, maxLevel=500.0]](2); $round=1(2); $pool=CommonPool 0 [resourceLevel=429.9045389698761, maxLevel=500.0](1); $iid=0(2)</declarations>
  <ruleFlowGroup>demand</ruleFlowGroup>
</org.drools.audit.event.ActivationLogEvent>
<org.drools.audit.event.ActivationLogEvent>
  <type>4</type>
  <activationId>Member Demands [11, 1, 2]</activationId>
  <rule>Member Demands</rule>
  <declarations>$member=allocation.newagents.Member@5c1e111(11); $inst=Institution [id=0, state=CFV, round=1, allocationMethod=QUEUE](2); $pools=[CommonPool 0 [resourceLevel=429.9045389698761, maxLevel=500.0]](2); $round=1(2); $pool=CommonPool 0 [resourceLevel=429.9045389698761, maxLevel=500.0](1); $iid=0(2)</declarations>
  <ruleFlowGroup>demand</ruleFlowGroup>
</org.drools.audit.event.ActivationLogEvent>
<org.drools.audit.event.ActivationLogEvent>
  <type>4</type>
  <activationId>Member Demands [12, 1, 2]</activationId>
  <rule>Member Demands</rule>
  <declarations>$member=allocation.newagents.Member@5c1e112(12); $inst=Institution [id=0, state=CFV, round=1, allocationMethod=QUEUE](2); $pools=[CommonPool 0 [resourceLevel=429.9045389698761, maxLevel=500.0]](2); $round=1(2); $pool=CommonPool 0 [resourceLevel=429.9045389698761, maxLevel=500.0](1); $iid=0(2)</declarations>
  <ruleFlowGroup>demand</ruleFlowGroup>
</org.drools.audit.event.ActivationLogEvent>
<org.drools.audit.event.ActivationLogEvent>
  <type>4</type>
  <activationId>Do allocation - raMethod QUEUE [6, 5, 1, 2]</activationId>
  <rule>Do allocation - raMethod QUEUE</rule>
  <declarations>$hd=allocation.newagents.Head@5c1e10e(5); $inst=Institution [id=0, state=CFV, round=1, allocationMethod=QUEUE](2); $pools=[CommonPool 0 [resourceLevel=429.9045389698761, maxLevel=500.0]](2); $round=1(2); $demands=[Demand [quantity=51.19919751091273], Demand [quantity=51.15728759837802], Demand [quantity=52.166307022016454], Demand [quantity=46.25815257197513], Demand [quantity=0.0]](6); $pool=CommonPool 0 [resourceLevel=429.9045389698761, maxLevel=500.0](1); $iid=0(2)</declarations>
  <ruleFlowGroup>allocate</ruleFlowGroup>
</org.drools.audit.event.ActivationLogEvent>
<org.drools.audit.event.ObjectLogEvent>
  <type>2</type>
  <factId>1</factId>
  <objectToString>CommonPool 0 [resourceLevel=429.9045389698761, maxLevel=500.0]</objectToString>
</org.drools.audit.event.ObjectLogEvent>
<org.drools.audit.event.ActivationLogEvent>
  <type>7</type>
  <activationId>Member appropriation - allocated [126, 1, 2, 12]</activationId>
  <rule>Member appropriation - allocated</rule>
  <declarations>$all=Allocation [quantity=46.25815257197513, agent=elf 4, round=1](126); $i=Institution [id=0, state=CFV, round=1, allocationMethod=QUEUE](2); $member=allocation.newagents.Member@5c1e112(12); $pid=0(12); $round=1(2); $pool=CommonPool 0 [resourceLevel=429.9045389698761, maxLevel=500.0](1); $iid=0(12)</declarations>
  <ruleFlowGroup>appropriate</ruleFlowGroup>
</org.drools.audit.event.ActivationLogEvent>
<org.drools.audit.event.ActivationLogEvent>
  <type>6</type>
  <activationId>Member appropriation - allocated [125, 1, 2, 10]</activationId>
  <rule>Member appropriation - allocated</rule>
  <declarations>$all=Allocation [quantity=0.0, agent=elf 2, round=1](125); $i=Institution [id=0, state=CFV, round=1, allocationMethod=QUEUE](2); $member=allocation.newagents.Member@5c1e110(10); $pid=0(10); $round=1(2); $pool=CommonPool 0 [resourceLevel=429.9045389698761, maxLevel=500.0](1); $iid=0(10)</declarations>
  <ruleFlowGroup>appropriate</ruleFlowGroup>
</org.drools.audit.event.ActivationLogEvent>
<org.drools.audit.event.ObjectLogEvent>
  <type>1</type>
  <factId>128</factId>
  <objectToString>Appropriated( agent=elf 2, round=1, quantity=0.0 )</objectToString>
</org.drools.audit.event.ObjectLogEvent>
<org.drools.audit.event.ObjectLogEvent>
  <type>2</type>
  <factId>1</factId>
  <objectToString>CommonPool 0 [resourceLevel=429.9045389698761, maxLevel=500.0]</objectToString>
</org.drools.audit.event.ObjectLogEvent>
<org.drools.audit.event.ActivationLogEvent>
  <type>7</type>
  <activationId>Member appropriation - allocated [125, 1, 2, 10]</activationId>
  <rule>Member appropriation - allocated</rule>
  <declarations>$all=Allocation [quantity=0.0, agent=elf 2, round=1](125); $i=Institution [id=0, state=CFV, round=1, allocationMethod=QUEUE](2); $member=allocation.newagents.Member@5c1e110(10); $pid=0(10); $round=1(2); $pool=CommonPool 0 [resourceLevel=429.9045389698761, maxLevel=500.0](1); $iid=0(10)</declarations>
  <ruleFlowGroup>appropriate</ruleFlowGroup>
</org.drools.audit.event.ActivationLogEvent>
<org.drools.audit.event.ActivationLogEvent>
  <type>6</type>
  <activationId>Member appropriation - allocated [124, 1, 2, 5]</activationId>
  <rule>Member appropriation - allocated</rule>
  <declarations>$all=Allocation [quantity=52.166307022016454, agent=elf 0, round=1](124); $i=Institution [id=0, state=CFV, round=1, allocationMethod=QUEUE](2); $member=allocation.newagents.Head@5c1e10e(5); $pid=0(5); $round=1(2); $pool=CommonPool 0 [resourceLevel=429.9045389698761, maxLevel=500.0](1); $iid=0(5)</declarations>
  <ruleFlowGroup>appropriate</ruleFlowGroup>
</org.drools.audit.event.ActivationLogEvent>
<org.drools.audit.event.ObjectLogEvent>
  <type>1</type>
  <factId>129</factId>
  <objectToString>Appropriated( agent=elf 0, round=1, quantity=52.166307022016454 )</objectToString>
</org.drools.audit.event.ObjectLogEvent>
<org.drools.audit.event.ObjectLogEvent>
  <type>2</type>
  <factId>1</factId>
  <objectToString>CommonPool 0 [resourceLevel=377.7382319478597, maxLevel=500.0]</objectToString>
</org.drools.audit.event.ObjectLogEvent>
<org.drools.audit.event.ActivationLogEvent>
  <type>7</type>
  <activationId>Member appropriation - allocated [124, 1, 2, 5]</activationId>
  <rule>Member appropriation - allocated</rule>
  <declarations>$all=Allocation [quantity=52.166307022016454, agent=elf 0, round=1](124); $i=Institution [id=0, state=CFV, round=1, allocationMethod=QUEUE](2); $member=allocation.newagents.Head@5c1e10e(5); $pid=0(5); $round=1(2); $pool=CommonPool 0 [resourceLevel=377.7382319478597, maxLevel=500.0](1); $iid=0(5)</declarations>
  <ruleFlowGroup>appropriate</ruleFlowGroup>
</org.drools.audit.event.ActivationLogEvent>
<org.drools.audit.event.ActivationLogEvent>
  <type>6</type>
  <activationId>Member appropriation - allocated [123, 1, 2, 9]</activationId>
  <rule>Member appropriation - allocated</rule>
  <declarations>$all=Allocation [quantity=51.19919751091273, agent=elf 1, round=1](123); $i=Institution [id=0, state=CFV, round=1, allocationMethod=QUEUE](2); $member=allocation.newagents.Member@5c1e10f(9); $pid=0(9); $round=1(2); $pool=CommonPool 0 [resourceLevel=377.7382319478597, maxLevel=500.0](1); $iid=0(9)</declarations>
  <ruleFlowGroup>appropriate</ruleFlowGroup>
</org.drools.audit.event.ActivationLogEvent>
<org.drools.audit.event.ObjectLogEvent>
  <type>1</type>
  <factId>130</factId>
  <objectToString>Appropriated( agent=elf 1, round=1, quantity=51.19919751091273 )</objectToString>
</org.drools.audit.event.ObjectLogEvent>
<org.drools.audit.event.ObjectLogEvent>
  <type>2</type>
  <factId>1</factId>
  <objectToString>CommonPool 0 [resourceLevel=326.53903443694696, maxLevel=500.0]</objectToString>
</org.drools.audit.event.ObjectLogEvent>
<org.drools.audit.event.ActivationLogEvent>
  <type>7</type>
  <activationId>Member appropriation - allocated [123, 1, 2, 9]</activationId>
  <rule>Member appropriation - allocated</rule>
  <declarations>$all=Allocation [quantity=51.19919751091273, agent=elf 1, round=1](123); $i=Institution [id=0, state=CFV, round=1, allocationMethod=QUEUE](2); $member=allocation.newagents.Member@5c1e10f(9); $pid=0(9); $round=1(2); $pool=CommonPool 0 [resourceLevel=326.53903443694696, maxLevel=500.0](1); $iid=0(9)</declarations>
  <ruleFlowGroup>appropriate</ruleFlowGroup>
</org.drools.audit.event.ActivationLogEvent>
<org.drools.audit.event.ActivationLogEvent>
  <type>6</type>
  <activationId>Member appropriation - allocated [122, 1, 2, 11]</activationId>
  <rule>Member appropriation - allocated</rule>
  <declarations>$all=Allocation [quantity=51.15728759837802, agent=elf 3, round=1](122); $i=Institution [id=0, state=CFV, round=1, allocationMethod=QUEUE](2); $member=allocation.newagents.Member@5c1e111(11); $pid=0(11); $round=1(2); $pool=CommonPool 0 [resourceLevel=326.53903443694696, maxLevel=500.0](1); $iid=0(11)</declarations>
  <ruleFlowGroup>appropriate</ruleFlowGroup>
</org.drools.audit.event.ActivationLogEvent>
<org.drools.audit.event.ObjectLogEvent>
  <type>1</type>
  <factId>131</factId>
  <objectToString>Appropriated( agent=elf 3, round=1, quantity=51.15728759837802 )</objectToString>
</org.drools.audit.event.ObjectLogEvent>
<org.drools.audit.event.ObjectLogEvent>
  <type>2</type>
  <factId>1</factId>
  <objectToString>CommonPool 0 [resourceLevel=275.3817468385689, maxLevel=500.0]</objectToString>
</org.drools.audit.event.ObjectLogEvent>
<org.drools.audit.event.ActivationLogEvent>
  <type>7</type>
  <activationId>Member appropriation - allocated [122, 1, 2, 11]</activationId>
  <rule>Member appropriation - allocated</rule>
  <declarations>$all=Allocation [quantity=51.15728759837802, agent=elf 3, round=1](122); $i=Institution [id=0, state=CFV, round=1, allocationMethod=QUEUE](2); $member=allocation.newagents.Member@5c1e111(11); $pid=0(11); $round=1(2); $pool=CommonPool 0 [resourceLevel=275.3817468385689, maxLevel=500.0](1); $iid=0(11)</declarations>
  <ruleFlowGroup>appropriate</ruleFlowGroup>
</org.drools.audit.event.ActivationLogEvent>
<org.drools.audit.event.ActivationLogEvent>
  <type>6</type>
  <activationId>Monitor agents [79, 78, 1, 5, 2]</activationId>
  <rule>Monitor agents</rule>
  <declarations>$members=[allocation.newagents.Head@5c1e10e, allocation.newagents.Member@5c1e10f, allocation.newagents.Member@5c1e111, allocation.newagents.Member@5c1e110, allocation.newagents.Member@5c1e112](78); $i=Institution [id=0, state=CFV, round=1, allocationMethod=QUEUE](2); $head=allocation.newagents.Head@5c1e10e(5); $pid=0(5); $round=1(2); $pool=CommonPool 0 [resourceLevel=275.3817468385689, maxLevel=500.0](1); $iid=0(2); $nonMembers=[allocation.newagents.NonMember@38f9281, allocation.newagents.NonMember@38f9280, allocation.newagents.Head@5c1e10e, allocation.newagents.Member@5c1e10f, allocation.newagents.Member@5c1e111, allocation.newagents.Member@5c1e110, allocation.newagents.Member@5c1e112](79)</declarations>
  <ruleFlowGroup>appropriate</ruleFlowGroup>
</org.drools.audit.event.ActivationLogEvent>
<org.drools.audit.event.ActivationLogEvent>
  <type>4</type>
  <activationId>Deduct member monitoring cost [1, 9, 132, 2]</activationId>
  <rule>Deduct member monitoring cost</rule>
  <declarations>$i=Institution [id=0, state=CFV, round=1, allocationMethod=QUEUE](2); $name=elf 1(132); $pid=0(9); $round=1(2); $pool=CommonPool 0 [resourceLevel=275.3817468385689, maxLevel=500.0](1); $m=Monitored( agent=elf 1, round=1 )(132); $iid=0(2)</declarations>
  <ruleFlowGroup>appropriate</ruleFlowGroup>
</org.drools.audit.event.ActivationLogEvent>
<org.drools.audit.event.ObjectLogEvent>
  <type>1</type>
  <factId>132</factId>
  <objectToString>Monitored( agent=elf 1, round=1 )</objectToString>
</org.drools.audit.event.ObjectLogEvent>
<org.drools.audit.event.ActivationLogEvent>
  <type>4</type>
  <activationId>Deduct member monitoring cost [1, 11, 133, 2]</activationId>
  <rule>Deduct member monitoring cost</rule>
  <declarations>$i=Institution [id=0, state=CFV, round=1, allocationMethod=QUEUE](2); $name=elf 3(133); $pid=0(11); $round=1(2); $pool=CommonPool 0 [resourceLevel=275.3817468385689, maxLevel=500.0](1); $m=Monitored( agent=elf 3, round=1 )(133); $iid=0(2)</declarations>
  <ruleFlowGroup>appropriate</ruleFlowGroup>
</org.drools.audit.event.ActivationLogEvent>
<org.drools.audit.event.ObjectLogEvent>
  <type>1</type>
  <factId>133</factId>
  <objectToString>Monitored( agent=elf 3, round=1 )</objectToString>
</org.drools.audit.event.ObjectLogEvent>
<org.drools.audit.event.ActivationLogEvent>
  <type>4</type>
  <activationId>Deduct member monitoring cost [1, 5, 134, 2]</activationId>
  <rule>Deduct member monitoring cost</rule>
  <declarations>$i=Institution [id=0, state=CFV, round=1, allocationMethod=QUEUE](2); $name=elf 0(134); $pid=0(5); $round=1(2); $pool=CommonPool 0 [resourceLevel=275.3817468385689, maxLevel=500.0](1); $m=Monitored( agent=elf 0, round=1 )(134); $iid=0(2)</declarations>
  <ruleFlowGroup>appropriate</ruleFlowGroup>
</org.drools.audit.event.ActivationLogEvent>
<org.drools.audit.event.ObjectLogEvent>
  <type>1</type>
  <factId>134</factId>
  <objectToString>Monitored( agent=elf 0, round=1 )</objectToString>
</org.drools.audit.event.ObjectLogEvent>
<org.drools.audit.event.ObjectLogEvent>
  <type>1</type>
  <factId>135</factId>
  <objectToString>TaskExecuted( institution=Institution [id=0, state=CFV, round=1, allocationMethod=QUEUE], task=monitor, round=1 )</objectToString>
</org.drools.audit.event.ObjectLogEvent>
<org.drools.audit.event.ActivationLogEvent>
  <type>7</type>
  <activationId>Monitor agents [79, 78, 1, 5, 2]</activationId>
  <rule>Monitor agents</rule>
  <declarations>$members=[allocation.newagents.Head@5c1e10e, allocation.newagents.Member@5c1e10f, allocation.newagents.Member@5c1e111, allocation.newagents.Member@5c1e110, allocation.newagents.Member@5c1e112](78); $i=Institution [id=0, state=CFV, round=1, allocationMethod=QUEUE](2); $head=allocation.newagents.Head@5c1e10e(5); $pid=0(5); $round=1(2); $pool=CommonPool 0 [resourceLevel=275.3817468385689, maxLevel=500.0](1); $iid=0(2); $nonMembers=[allocation.newagents.NonMember@38f9281, allocation.newagents.NonMember@38f9280, allocation.newagents.Head@5c1e10e, allocation.newagents.Member@5c1e10f, allocation.newagents.Member@5c1e111, allocation.newagents.Member@5c1e110, allocation.newagents.Member@5c1e112](79)</declarations>
  <ruleFlowGroup>appropriate</ruleFlowGroup>
</org.drools.audit.event.ActivationLogEvent>
<org.drools.audit.event.ActivationLogEvent>
  <type>6</type>
  <activationId>NonMember appropriation [1, 14, 4]</activationId>
  <rule>NonMember appropriation</rule>
  <declarations>$t=1(4); $pid=0(14); $nonmember=allocation.newagents.NonMember@38f9281(14); $pool=CommonPool 0 [resourceLevel=275.3817468385689, maxLevel=500.0](1)</declarations>
  <ruleFlowGroup>appropriate</ruleFlowGroup>
</org.drools.audit.event.ActivationLogEvent>
<org.drools.audit.event.ObjectLogEvent>
  <type>1</type>
  <factId>136</factId>
  <objectToString>Appropriated( agent=outelf 1, round=1, quantity=55.50693178301821 )</objectToString>
</org.drools.audit.event.ObjectLogEvent>
<org.drools.audit.event.ObjectLogEvent>
  <type>2</type>
  <factId>1</factId>
  <objectToString>CommonPool 0 [resourceLevel=219.8748150555507, maxLevel=500.0]</objectToString>
</org.drools.audit.event.ObjectLogEvent>
<org.drools.audit.event.ActivationLogEvent>
  <type>7</type>
  <activationId>NonMember appropriation [1, 14, 4]</activationId>
  <rule>NonMember appropriation</rule>
  <declarations>$t=1(4); $pid=0(14); $nonmember=allocation.newagents.NonMember@38f9281(14); $pool=CommonPool 0 [resourceLevel=219.8748150555507, maxLevel=500.0](1)</declarations>
  <ruleFlowGroup>appropriate</ruleFlowGroup>
</org.drools.audit.event.ActivationLogEvent>
<org.drools.audit.event.ActivationLogEvent>
  <type>6</type>
  <activationId>NonMember appropriation [1, 13, 4]</activationId>
  <rule>NonMember appropriation</rule>
  <declarations>$t=1(4); $pid=0(13); $nonmember=allocation.newagents.NonMember@38f9280(13); $pool=CommonPool 0 [resourceLevel=219.8748150555507, maxLevel=500.0](1)</declarations>
  <ruleFlowGroup>appropriate</ruleFlowGroup>
</org.drools.audit.event.ActivationLogEvent>
<org.drools.audit.event.ObjectLogEvent>
  <type>1</type>
  <factId>137</factId>
  <objectToString>Appropriated( agent=outelf 0, round=1, quantity=54.12718660948561 )</objectToString>
</org.drools.audit.event.ObjectLogEvent>
<org.drools.audit.event.ObjectLogEvent>
  <type>2</type>
  <factId>1</factId>
  <objectToString>CommonPool 0 [resourceLevel=165.74762844606508, maxLevel=500.0]</objectToString>
</org.drools.audit.event.ObjectLogEvent>
<org.drools.audit.event.ActivationLogEvent>
  <type>7</type>
  <activationId>NonMember appropriation [1, 13, 4]</activationId>
  <rule>NonMember appropriation</rule>
  <declarations>$t=1(4); $pid=0(13); $nonmember=allocation.newagents.NonMember@38f9280(13); $pool=CommonPool 0 [resourceLevel=165.74762844606508, maxLevel=500.0](1)</declarations>
  <ruleFlowGroup>appropriate</ruleFlowGroup>
</org.drools.audit.event.ActivationLogEvent>
<org.drools.audit.event.ActivationLogEvent>
  <type>6</type>
  <activationId>Deduct member monitoring cost [1, 5, 134, 2]</activationId>
  <rule>Deduct member monitoring cost</rule>
  <declarations>$i=Institution [id=0, state=CFV, round=1, allocationMethod=QUEUE](2); $name=elf 0(134); $pid=0(5); $round=1(2); $pool=CommonPool 0 [resourceLevel=165.74762844606508, maxLevel=500.0](1); $m=Monitored( agent=elf 0, round=1 )(134); $iid=0(2)</declarations>
  <ruleFlowGroup>appropriate</ruleFlowGroup>
</org.drools.audit.event.ActivationLogEvent>
<org.drools.audit.event.ObjectLogEvent>
  <type>2</type>
  <factId>1</factId>
  <objectToString>CommonPool 0 [resourceLevel=160.74762844606508, maxLevel=500.0]</objectToString>
</org.drools.audit.event.ObjectLogEvent>
<org.drools.audit.event.ObjectLogEvent>
  <type>1</type>
  <factId>138</factId>
  <objectToString>Deducted( monitor=Monitored( agent=elf 0, round=1 ) )</objectToString>
</org.drools.audit.event.ObjectLogEvent>
<org.drools.audit.event.ActivationLogEvent>
  <type>7</type>
  <activationId>Deduct member monitoring cost [1, 5, 134, 2]</activationId>
  <rule>Deduct member monitoring cost</rule>
  <declarations>$i=Institution [id=0, state=CFV, round=1, allocationMethod=QUEUE](2); $name=elf 0(134); $pid=0(5); $round=1(2); $pool=CommonPool 0 [resourceLevel=160.74762844606508, maxLevel=500.0](1); $m=Monitored( agent=elf 0, round=1 )(134); $iid=0(2)</declarations>
  <ruleFlowGroup>appropriate</ruleFlowGroup>
</org.drools.audit.event.ActivationLogEvent>
<org.drools.audit.event.ActivationLogEvent>
  <type>6</type>
  <activationId>Deduct member monitoring cost [1, 11, 133, 2]</activationId>
  <rule>Deduct member monitoring cost</rule>
  <declarations>$i=Institution [id=0, state=CFV, round=1, allocationMethod=QUEUE](2); $name=elf 3(133); $pid=0(11); $round=1(2); $pool=CommonPool 0 [resourceLevel=160.74762844606508, maxLevel=500.0](1); $m=Monitored( agent=elf 3, round=1 )(133); $iid=0(2)</declarations>
  <ruleFlowGroup>appropriate</ruleFlowGroup>
</org.drools.audit.event.ActivationLogEvent>
<org.drools.audit.event.ObjectLogEvent>
  <type>2</type>
  <factId>1</factId>
  <objectToString>CommonPool 0 [resourceLevel=155.74762844606508, maxLevel=500.0]</objectToString>
</org.drools.audit.event.ObjectLogEvent>
<org.drools.audit.event.ObjectLogEvent>
  <type>1</type>
  <factId>139</factId>
  <objectToString>Deducted( monitor=Monitored( agent=elf 3, round=1 ) )</objectToString>
</org.drools.audit.event.ObjectLogEvent>
<org.drools.audit.event.ActivationLogEvent>
  <type>7</type>
  <activationId>Deduct member monitoring cost [1, 11, 133, 2]</activationId>
  <rule>Deduct member monitoring cost</rule>
  <declarations>$i=Institution [id=0, state=CFV, round=1, allocationMethod=QUEUE](2); $name=elf 3(133); $pid=0(11); $round=1(2); $pool=CommonPool 0 [resourceLevel=155.74762844606508, maxLevel=500.0](1); $m=Monitored( agent=elf 3, round=1 )(133); $iid=0(2)</declarations>
  <ruleFlowGroup>appropriate</ruleFlowGroup>
</org.drools.audit.event.ActivationLogEvent>
<org.drools.audit.event.ActivationLogEvent>
  <type>6</type>
  <activationId>Deduct member monitoring cost [1, 9, 132, 2]</activationId>
  <rule>Deduct member monitoring cost</rule>
  <declarations>$i=Institution [id=0, state=CFV, round=1, allocationMethod=QUEUE](2); $name=elf 1(132); $pid=0(9); $round=1(2); $pool=CommonPool 0 [resourceLevel=155.74762844606508, maxLevel=500.0](1); $m=Monitored( agent=elf 1, round=1 )(132); $iid=0(2)</declarations>
  <ruleFlowGroup>appropriate</ruleFlowGroup>
</org.drools.audit.event.ActivationLogEvent>
<org.drools.audit.event.ObjectLogEvent>
  <type>2</type>
  <factId>1</factId>
  <objectToString>CommonPool 0 [resourceLevel=150.74762844606508, maxLevel=500.0]</objectToString>
</org.drools.audit.event.ObjectLogEvent>
<org.drools.audit.event.ObjectLogEvent>
  <type>1</type>
  <factId>140</factId>
  <objectToString>Deducted( monitor=Monitored( agent=elf 1, round=1 ) )</objectToString>
</org.drools.audit.event.ObjectLogEvent>
<org.drools.audit.event.ActivationLogEvent>
  <type>7</type>
  <activationId>Deduct member monitoring cost [1, 9, 132, 2]</activationId>
  <rule>Deduct member monitoring cost</rule>
  <declarations>$i=Institution [id=0, state=CFV, round=1, allocationMethod=QUEUE](2); $name=elf 1(132); $pid=0(9); $round=1(2); $pool=CommonPool 0 [resourceLevel=150.74762844606508, maxLevel=500.0](1); $m=Monitored( agent=elf 1, round=1 )(132); $iid=0(2)</declarations>
  <ruleFlowGroup>appropriate</ruleFlowGroup>
</org.drools.audit.event.ActivationLogEvent>
<org.drools.audit.event.RuleFlowGroupLogEvent>
  <type>14</type>
  <groupName>appropriate</groupName>
  <size>0</size>
</org.drools.audit.event.RuleFlowGroupLogEvent>
<org.drools.audit.event.RuleFlowGroupLogEvent>
  <type>15</type>
  <groupName>appropriate</groupName>
  <size>0</size>
</org.drools.audit.event.RuleFlowGroupLogEvent>
<org.drools.audit.event.RuleFlowNodeLogEvent>
  <type>26</type>
  <processId>allocation.Simulation</processId>
  <processName>Simulation</processName>
  <processInstanceId>2</processInstanceId>
  <nodeId>9</nodeId>
  <nodeName>Appropriate</nodeName>
  <nodeInstanceId>6</nodeInstanceId>
</org.drools.audit.event.RuleFlowNodeLogEvent>
<org.drools.audit.event.RuleFlowNodeLogEvent>
  <type>24</type>
  <processId>allocation.Simulation</processId>
  <processName>Simulation</processName>
  <processInstanceId>2</processInstanceId>
  <nodeId>10</nodeId>
  <nodeName>Report</nodeName>
  <nodeInstanceId>7</nodeInstanceId>
</org.drools.audit.event.RuleFlowNodeLogEvent>
<org.drools.audit.event.RuleFlowGroupLogEvent>
  <type>12</type>
  <groupName>report</groupName>
  <size>0</size>
</org.drools.audit.event.RuleFlowGroupLogEvent>
<org.drools.audit.event.RuleFlowGroupLogEvent>
  <type>13</type>
  <groupName>report</groupName>
  <size>0</size>
</org.drools.audit.event.RuleFlowGroupLogEvent>
<org.drools.audit.event.RuleFlowNodeLogEvent>
  <type>25</type>
  <processId>allocation.Simulation</processId>
  <processName>Simulation</processName>
  <processInstanceId>2</processInstanceId>
  <nodeId>10</nodeId>
  <nodeName>Report</nodeName>
  <nodeInstanceId>7</nodeInstanceId>
</org.drools.audit.event.RuleFlowNodeLogEvent>
<org.drools.audit.event.RuleFlowNodeLogEvent>
  <type>27</type>
  <processId>allocation.Simulation</processId>
  <processName>Simulation</processName>
  <processInstanceId>2</processInstanceId>
  <nodeId>9</nodeId>
  <nodeName>Appropriate</nodeName>
  <nodeInstanceId>6</nodeInstanceId>
</org.drools.audit.event.RuleFlowNodeLogEvent>
<org.drools.audit.event.RuleFlowGroupLogEvent>
  <type>14</type>
  <groupName>report</groupName>
  <size>0</size>
</org.drools.audit.event.RuleFlowGroupLogEvent>
<org.drools.audit.event.RuleFlowGroupLogEvent>
  <type>15</type>
  <groupName>report</groupName>
  <size>0</size>
</org.drools.audit.event.RuleFlowGroupLogEvent>
<org.drools.audit.event.RuleFlowNodeLogEvent>
  <type>26</type>
  <processId>allocation.Simulation</processId>
  <processName>Simulation</processName>
  <processInstanceId>2</processInstanceId>
  <nodeId>10</nodeId>
  <nodeName>Report</nodeName>
  <nodeInstanceId>7</nodeInstanceId>
</org.drools.audit.event.RuleFlowNodeLogEvent>
<org.drools.audit.event.RuleFlowNodeLogEvent>
  <type>24</type>
  <processId>allocation.Simulation</processId>
  <processName>Simulation</processName>
  <processInstanceId>2</processInstanceId>
  <nodeId>11</nodeId>
  <nodeName>Appeal</nodeName>
  <nodeInstanceId>8</nodeInstanceId>
</org.drools.audit.event.RuleFlowNodeLogEvent>
<org.drools.audit.event.RuleFlowGroupLogEvent>
  <type>12</type>
  <groupName>appeal</groupName>
  <size>0</size>
</org.drools.audit.event.RuleFlowGroupLogEvent>
<org.drools.audit.event.RuleFlowGroupLogEvent>
  <type>13</type>
  <groupName>appeal</groupName>
  <size>0</size>
</org.drools.audit.event.RuleFlowGroupLogEvent>
<org.drools.audit.event.RuleFlowNodeLogEvent>
  <type>25</type>
  <processId>allocation.Simulation</processId>
  <processName>Simulation</processName>
  <processInstanceId>2</processInstanceId>
  <nodeId>11</nodeId>
  <nodeName>Appeal</nodeName>
  <nodeInstanceId>8</nodeInstanceId>
</org.drools.audit.event.RuleFlowNodeLogEvent>
<org.drools.audit.event.RuleFlowNodeLogEvent>
  <type>27</type>
  <processId>allocation.Simulation</processId>
  <processName>Simulation</processName>
  <processInstanceId>2</processInstanceId>
  <nodeId>10</nodeId>
  <nodeName>Report</nodeName>
  <nodeInstanceId>7</nodeInstanceId>
</org.drools.audit.event.RuleFlowNodeLogEvent>
<org.drools.audit.event.RuleFlowGroupLogEvent>
  <type>14</type>
  <groupName>appeal</groupName>
  <size>0</size>
</org.drools.audit.event.RuleFlowGroupLogEvent>
<org.drools.audit.event.RuleFlowGroupLogEvent>
  <type>15</type>
  <groupName>appeal</groupName>
  <size>0</size>
</org.drools.audit.event.RuleFlowGroupLogEvent>
<org.drools.audit.event.RuleFlowNodeLogEvent>
  <type>26</type>
  <processId>allocation.Simulation</processId>
  <processName>Simulation</processName>
  <processInstanceId>2</processInstanceId>
  <nodeId>11</nodeId>
  <nodeName>Appeal</nodeName>
  <nodeInstanceId>8</nodeInstanceId>
</org.drools.audit.event.RuleFlowNodeLogEvent>
<org.drools.audit.event.RuleFlowNodeLogEvent>
  <type>24</type>
  <processId>allocation.Simulation</processId>
  <processName>Simulation</processName>
  <processInstanceId>2</processInstanceId>
  <nodeId>12</nodeId>
  <nodeName>Exclude</nodeName>
  <nodeInstanceId>9</nodeInstanceId>
</org.drools.audit.event.RuleFlowNodeLogEvent>
<org.drools.audit.event.RuleFlowGroupLogEvent>
  <type>12</type>
  <groupName>exclude</groupName>
  <size>0</size>
</org.drools.audit.event.RuleFlowGroupLogEvent>
<org.drools.audit.event.RuleFlowGroupLogEvent>
  <type>13</type>
  <groupName>exclude</groupName>
  <size>0</size>
</org.drools.audit.event.RuleFlowGroupLogEvent>
<org.drools.audit.event.RuleFlowNodeLogEvent>
  <type>25</type>
  <processId>allocation.Simulation</processId>
  <processName>Simulation</processName>
  <processInstanceId>2</processInstanceId>
  <nodeId>12</nodeId>
  <nodeName>Exclude</nodeName>
  <nodeInstanceId>9</nodeInstanceId>
</org.drools.audit.event.RuleFlowNodeLogEvent>
<org.drools.audit.event.RuleFlowNodeLogEvent>
  <type>27</type>
  <processId>allocation.Simulation</processId>
  <processName>Simulation</processName>
  <processInstanceId>2</processInstanceId>
  <nodeId>11</nodeId>
  <nodeName>Appeal</nodeName>
  <nodeInstanceId>8</nodeInstanceId>
</org.drools.audit.event.RuleFlowNodeLogEvent>
<org.drools.audit.event.RuleFlowGroupLogEvent>
  <type>14</type>
  <groupName>exclude</groupName>
  <size>0</size>
</org.drools.audit.event.RuleFlowGroupLogEvent>
<org.drools.audit.event.RuleFlowGroupLogEvent>
  <type>15</type>
  <groupName>exclude</groupName>
  <size>0</size>
</org.drools.audit.event.RuleFlowGroupLogEvent>
<org.drools.audit.event.RuleFlowNodeLogEvent>
  <type>26</type>
  <processId>allocation.Simulation</processId>
  <processName>Simulation</processName>
  <processInstanceId>2</processInstanceId>
  <nodeId>12</nodeId>
  <nodeName>Exclude</nodeName>
  <nodeInstanceId>9</nodeInstanceId>
</org.drools.audit.event.RuleFlowNodeLogEvent>
<org.drools.audit.event.RuleFlowNodeLogEvent>
  <type>24</type>
  <processId>allocation.Simulation</processId>
  <processName>Simulation</processName>
  <processInstanceId>2</processInstanceId>
  <nodeId>4</nodeId>
  <nodeName>End</nodeName>
  <nodeInstanceId>10</nodeInstanceId>
</org.drools.audit.event.RuleFlowNodeLogEvent>
<org.drools.audit.event.RuleFlowNodeLogEvent>
  <type>26</type>
  <processId>allocation.Simulation</processId>
  <processName>Simulation</processName>
  <processInstanceId>2</processInstanceId>
  <nodeId>4</nodeId>
  <nodeName>End</nodeName>
  <nodeInstanceId>10</nodeInstanceId>
</org.drools.audit.event.RuleFlowNodeLogEvent>
<org.drools.audit.event.RuleFlowLogEvent>
  <type>10</type>
  <processId>allocation.Simulation</processId>
  <processName>Simulation</processName>
  <processInstanceId>2</processInstanceId>
</org.drools.audit.event.RuleFlowLogEvent>
<org.drools.audit.event.RuleFlowLogEvent>
  <type>11</type>
  <processId>allocation.Simulation</processId>
  <processName>Simulation</processName>
  <processInstanceId>2</processInstanceId>
</org.drools.audit.event.RuleFlowLogEvent>
<org.drools.audit.event.RuleFlowNodeLogEvent>
  <type>27</type>
  <processId>allocation.Simulation</processId>
  <processName>Simulation</processName>
  <processInstanceId>2</processInstanceId>
  <nodeId>4</nodeId>
  <nodeName>End</nodeName>
  <nodeInstanceId>10</nodeInstanceId>
</org.drools.audit.event.RuleFlowNodeLogEvent>
<org.drools.audit.event.RuleFlowNodeLogEvent>
  <type>25</type>
  <processId>allocation.Simulation</processId>
  <processName>Simulation</processName>
  <processInstanceId>2</processInstanceId>
  <nodeId>4</nodeId>
  <nodeName>End</nodeName>
  <nodeInstanceId>10</nodeInstanceId>
</org.drools.audit.event.RuleFlowNodeLogEvent>
<org.drools.audit.event.RuleFlowNodeLogEvent>
  <type>27</type>
  <processId>allocation.Simulation</processId>
  <processName>Simulation</processName>
  <processInstanceId>2</processInstanceId>
  <nodeId>12</nodeId>
  <nodeName>Exclude</nodeName>
  <nodeInstanceId>9</nodeInstanceId>
</org.drools.audit.event.RuleFlowNodeLogEvent>
<org.drools.audit.event.ActivationLogEvent>
  <type>4</type>
  <activationId>Refill pool [2, 1, 4]</activationId>
  <rule>Refill pool</rule>
  <declarations>$t=2(4); $pool=CommonPool 0 [resourceLevel=150.74762844606508, maxLevel=500.0](1)</declarations>
  <ruleFlowGroup>init</ruleFlowGroup>
</org.drools.audit.event.ActivationLogEvent>
<org.drools.audit.event.ActivationLogEvent>
  <type>4</type>
  <activationId>NonMember appropriation [1, 13, 4]</activationId>
  <rule>NonMember appropriation</rule>
  <declarations>$t=2(4); $pid=0(13); $nonmember=allocation.newagents.NonMember@38f9280(13); $pool=CommonPool 0 [resourceLevel=150.74762844606508, maxLevel=500.0](1)</declarations>
  <ruleFlowGroup>appropriate</ruleFlowGroup>
</org.drools.audit.event.ActivationLogEvent>
<org.drools.audit.event.ActivationLogEvent>
  <type>4</type>
  <activationId>NonMember appropriation [1, 14, 4]</activationId>
  <rule>NonMember appropriation</rule>
  <declarations>$t=2(4); $pid=0(14); $nonmember=allocation.newagents.NonMember@38f9281(14); $pool=CommonPool 0 [resourceLevel=150.74762844606508, maxLevel=500.0](1)</declarations>
  <ruleFlowGroup>appropriate</ruleFlowGroup>
</org.drools.audit.event.ActivationLogEvent>
<org.drools.audit.event.ActivationLogEvent>
  <type>4</type>
  <activationId>Increment round [2, 4]</activationId>
  <rule>Increment round</rule>
  <declarations>$i=Institution [id=0, state=CFV, round=1, allocationMethod=QUEUE](2); $t=2(4)</declarations>
  <ruleFlowGroup>init</ruleFlowGroup>
</org.drools.audit.event.ActivationLogEvent>
<org.drools.audit.event.ActivationLogEvent>
  <type>4</type>
  <activationId>Call for votes [2, 5, 4]</activationId>
  <rule>Call for votes</rule>
  <declarations>$i=Institution [id=0, state=CFV, round=1, allocationMethod=QUEUE](2); $head=allocation.newagents.Head@5c1e10e(5); $iid=0(5)</declarations>
  <ruleFlowGroup>cfv</ruleFlowGroup>
</org.drools.audit.event.ActivationLogEvent>
<org.drools.audit.event.ObjectLogEvent>
  <type>2</type>
  <factId>4</factId>
  <objectToString>2</objectToString>
</org.drools.audit.event.ObjectLogEvent>
<org.drools.audit.event.RuleFlowLogEvent>
  <type>8</type>
  <processId>allocation.Simulation</processId>
  <processName>Simulation</processName>
  <processInstanceId>3</processInstanceId>
</org.drools.audit.event.RuleFlowLogEvent>
<org.drools.audit.event.RuleFlowNodeLogEvent>
  <type>24</type>
  <processId>allocation.Simulation</processId>
  <processName>Simulation</processName>
  <processInstanceId>3</processInstanceId>
  <nodeId>1</nodeId>
  <nodeName>Start</nodeName>
  <nodeInstanceId>0</nodeInstanceId>
</org.drools.audit.event.RuleFlowNodeLogEvent>
<org.drools.audit.event.RuleFlowNodeLogEvent>
  <type>26</type>
  <processId>allocation.Simulation</processId>
  <processName>Simulation</processName>
  <processInstanceId>3</processInstanceId>
  <nodeId>1</nodeId>
  <nodeName>Start</nodeName>
  <nodeInstanceId>0</nodeInstanceId>
</org.drools.audit.event.RuleFlowNodeLogEvent>
<org.drools.audit.event.RuleFlowNodeLogEvent>
  <type>24</type>
  <processId>allocation.Simulation</processId>
  <processName>Simulation</processName>
  <processInstanceId>3</processInstanceId>
  <nodeId>3</nodeId>
  <nodeName>Init</nodeName>
  <nodeInstanceId>1</nodeInstanceId>
</org.drools.audit.event.RuleFlowNodeLogEvent>
<org.drools.audit.event.RuleFlowGroupLogEvent>
  <type>12</type>
  <groupName>init</groupName>
  <size>3</size>
</org.drools.audit.event.RuleFlowGroupLogEvent>
<org.drools.audit.event.RuleFlowGroupLogEvent>
  <type>13</type>
  <groupName>init</groupName>
  <size>3</size>
</org.drools.audit.event.RuleFlowGroupLogEvent>
<org.drools.audit.event.RuleFlowNodeLogEvent>
  <type>25</type>
  <processId>allocation.Simulation</processId>
  <processName>Simulation</processName>
  <processInstanceId>3</processInstanceId>
  <nodeId>3</nodeId>
  <nodeName>Init</nodeName>
  <nodeInstanceId>1</nodeInstanceId>
</org.drools.audit.event.RuleFlowNodeLogEvent>
<org.drools.audit.event.RuleFlowNodeLogEvent>
  <type>27</type>
  <processId>allocation.Simulation</processId>
  <processName>Simulation</processName>
  <processInstanceId>3</processInstanceId>
  <nodeId>1</nodeId>
  <nodeName>Start</nodeName>
  <nodeInstanceId>0</nodeInstanceId>
</org.drools.audit.event.RuleFlowNodeLogEvent>
<org.drools.audit.event.RuleFlowNodeLogEvent>
  <type>25</type>
  <processId>allocation.Simulation</processId>
  <processName>Simulation</processName>
  <processInstanceId>3</processInstanceId>
  <nodeId>1</nodeId>
  <nodeName>Start</nodeName>
  <nodeInstanceId>0</nodeInstanceId>
</org.drools.audit.event.RuleFlowNodeLogEvent>
<org.drools.audit.event.RuleFlowLogEvent>
  <type>9</type>
  <processId>allocation.Simulation</processId>
  <processName>Simulation</processName>
  <processInstanceId>3</processInstanceId>
</org.drools.audit.event.RuleFlowLogEvent>
<org.drools.audit.event.ActivationLogEvent>
  <type>6</type>
  <activationId>Increment round [2, 4]</activationId>
  <rule>Increment round</rule>
  <declarations>$i=Institution [id=0, state=CFV, round=1, allocationMethod=QUEUE](2); $t=2(4)</declarations>
  <ruleFlowGroup>init</ruleFlowGroup>
</org.drools.audit.event.ActivationLogEvent>
<org.drools.audit.event.ActivationLogEvent>
  <type>5</type>
  <activationId>Do allocation - raMethod QUEUE [6, 5, 1, 2]</activationId>
  <rule>Do allocation - raMethod QUEUE</rule>
  <declarations>$hd=allocation.newagents.Head@5c1e10e(5); $inst=Institution [id=0, state=CFV, round=2, allocationMethod=QUEUE](2); $pools=[CommonPool 0 [resourceLevel=150.74762844606508, maxLevel=500.0]](2); $round=2(2); $demands=[](6); $pool=CommonPool 0 [resourceLevel=150.74762844606508, maxLevel=500.0](1); $iid=0(2)</declarations>
  <ruleFlowGroup>allocate</ruleFlowGroup>
</org.drools.audit.event.ActivationLogEvent>
<org.drools.audit.event.ActivationLogEvent>
  <type>4</type>
  <activationId>Monitor agents [142, 141, 1, 5, 2]</activationId>
  <rule>Monitor agents</rule>
  <declarations>$members=[allocation.newagents.Head@5c1e10e, allocation.newagents.Member@5c1e10f, allocation.newagents.Member@5c1e111, allocation.newagents.Member@5c1e110, allocation.newagents.Member@5c1e112](141); $i=Institution [id=0, state=CFV, round=2, allocationMethod=QUEUE](2); $head=allocation.newagents.Head@5c1e10e(5); $pid=0(5); $round=2(2); $pool=CommonPool 0 [resourceLevel=150.74762844606508, maxLevel=500.0](1); $iid=0(2); $nonMembers=[allocation.newagents.NonMember@38f9281, allocation.newagents.NonMember@38f9280, allocation.newagents.Head@5c1e10e, allocation.newagents.Member@5c1e10f, allocation.newagents.Member@5c1e111, allocation.newagents.Member@5c1e110, allocation.newagents.Member@5c1e112](142)</declarations>
  <ruleFlowGroup>appropriate</ruleFlowGroup>
</org.drools.audit.event.ActivationLogEvent>
<org.drools.audit.event.ActivationLogEvent>
  <type>4</type>
  <activationId>Member appropriation - no allocation [1, 2, 5, 4]</activationId>
  <rule>Member appropriation - no allocation</rule>
  <declarations>$i=Institution [id=0, state=CFV, round=2, allocationMethod=QUEUE](2); $t=2(4); $member=allocation.newagents.Head@5c1e10e(5); $pid=0(5); $round=2(2); $pool=CommonPool 0 [resourceLevel=150.74762844606508, maxLevel=500.0](1); $iid=0(5)</declarations>
  <ruleFlowGroup>appropriate</ruleFlowGroup>
</org.drools.audit.event.ActivationLogEvent>
<org.drools.audit.event.ActivationLogEvent>
  <type>4</type>
  <activationId>Member appropriation - no allocation [1, 2, 9, 4]</activationId>
  <rule>Member appropriation - no allocation</rule>
  <declarations>$i=Institution [id=0, state=CFV, round=2, allocationMethod=QUEUE](2); $t=2(4); $member=allocation.newagents.Member@5c1e10f(9); $pid=0(9); $round=2(2); $pool=CommonPool 0 [resourceLevel=150.74762844606508, maxLevel=500.0](1); $iid=0(9)</declarations>
  <ruleFlowGroup>appropriate</ruleFlowGroup>
</org.drools.audit.event.ActivationLogEvent>
<org.drools.audit.event.ActivationLogEvent>
  <type>4</type>
  <activationId>Member appropriation - no allocation [1, 2, 10, 4]</activationId>
  <rule>Member appropriation - no allocation</rule>
  <declarations>$i=Institution [id=0, state=CFV, round=2, allocationMethod=QUEUE](2); $t=2(4); $member=allocation.newagents.Member@5c1e110(10); $pid=0(10); $round=2(2); $pool=CommonPool 0 [resourceLevel=150.74762844606508, maxLevel=500.0](1); $iid=0(10)</declarations>
  <ruleFlowGroup>appropriate</ruleFlowGroup>
</org.drools.audit.event.ActivationLogEvent>
<org.drools.audit.event.ActivationLogEvent>
  <type>4</type>
  <activationId>Member appropriation - no allocation [1, 2, 11, 4]</activationId>
  <rule>Member appropriation - no allocation</rule>
  <declarations>$i=Institution [id=0, state=CFV, round=2, allocationMethod=QUEUE](2); $t=2(4); $member=allocation.newagents.Member@5c1e111(11); $pid=0(11); $round=2(2); $pool=CommonPool 0 [resourceLevel=150.74762844606508, maxLevel=500.0](1); $iid=0(11)</declarations>
  <ruleFlowGroup>appropriate</ruleFlowGroup>
</org.drools.audit.event.ActivationLogEvent>
<org.drools.audit.event.ActivationLogEvent>
  <type>4</type>
  <activationId>Member appropriation - no allocation [1, 2, 12, 4]</activationId>
  <rule>Member appropriation - no allocation</rule>
  <declarations>$i=Institution [id=0, state=CFV, round=2, allocationMethod=QUEUE](2); $t=2(4); $member=allocation.newagents.Member@5c1e112(12); $pid=0(12); $round=2(2); $pool=CommonPool 0 [resourceLevel=150.74762844606508, maxLevel=500.0](1); $iid=0(12)</declarations>
  <ruleFlowGroup>appropriate</ruleFlowGroup>
</org.drools.audit.event.ActivationLogEvent>
<org.drools.audit.event.ObjectLogEvent>
  <type>2</type>
  <factId>2</factId>
  <objectToString>Institution [id=0, state=CFV, round=2, allocationMethod=QUEUE]</objectToString>
</org.drools.audit.event.ObjectLogEvent>
<org.drools.audit.event.ActivationLogEvent>
  <type>7</type>
  <activationId>Increment round [2, 4]</activationId>
  <rule>Increment round</rule>
  <declarations>$i=Institution [id=0, state=CFV, round=2, allocationMethod=QUEUE](2); $t=2(4)</declarations>
  <ruleFlowGroup>init</ruleFlowGroup>
</org.drools.audit.event.ActivationLogEvent>
<org.drools.audit.event.ActivationLogEvent>
  <type>6</type>
  <activationId>Disable votes [2]</activationId>
  <rule>Disable votes</rule>
  <declarations>$inst=Institution [id=0, state=CFV, round=2, allocationMethod=QUEUE](2)</declarations>
  <ruleFlowGroup>init</ruleFlowGroup>
</org.drools.audit.event.ActivationLogEvent>
<org.drools.audit.event.ActivationLogEvent>
  <type>5</type>
  <activationId>Vote for RA method [1, 2, 5]</activationId>
  <rule>Vote for RA method</rule>
  <declarations>$i=Institution [id=0, state=CFV, round=2, allocationMethod=QUEUE](2); $member=allocation.newagents.Head@5c1e10e(5); $pid=0(5); $r=2(2); $pool=CommonPool 0 [resourceLevel=150.74762844606508, maxLevel=500.0](1); $iid=0(5)</declarations>
  <ruleFlowGroup>vote</ruleFlowGroup>
</org.drools.audit.event.ActivationLogEvent>
<org.drools.audit.event.ActivationLogEvent>
  <type>5</type>
  <activationId>Vote for RA method [1, 2, 9]</activationId>
  <rule>Vote for RA method</rule>
  <declarations>$i=Institution [id=0, state=CFV, round=2, allocationMethod=QUEUE](2); $member=allocation.newagents.Member@5c1e10f(9); $pid=0(9); $r=2(2); $pool=CommonPool 0 [resourceLevel=150.74762844606508, maxLevel=500.0](1); $iid=0(9)</declarations>
  <ruleFlowGroup>vote</ruleFlowGroup>
</org.drools.audit.event.ActivationLogEvent>
<org.drools.audit.event.ActivationLogEvent>
  <type>5</type>
  <activationId>Vote for RA method [1, 2, 10]</activationId>
  <rule>Vote for RA method</rule>
  <declarations>$i=Institution [id=0, state=CFV, round=2, allocationMethod=QUEUE](2); $member=allocation.newagents.Member@5c1e110(10); $pid=0(10); $r=2(2); $pool=CommonPool 0 [resourceLevel=150.74762844606508, maxLevel=500.0](1); $iid=0(10)</declarations>
  <ruleFlowGroup>vote</ruleFlowGroup>
</org.drools.audit.event.ActivationLogEvent>
<org.drools.audit.event.ActivationLogEvent>
  <type>5</type>
  <activationId>Vote for RA method [1, 2, 11]</activationId>
  <rule>Vote for RA method</rule>
  <declarations>$i=Institution [id=0, state=CFV, round=2, allocationMethod=QUEUE](2); $member=allocation.newagents.Member@5c1e111(11); $pid=0(11); $r=2(2); $pool=CommonPool 0 [resourceLevel=150.74762844606508, maxLevel=500.0](1); $iid=0(11)</declarations>
  <ruleFlowGroup>vote</ruleFlowGroup>
</org.drools.audit.event.ActivationLogEvent>
<org.drools.audit.event.ActivationLogEvent>
  <type>5</type>
  <activationId>Vote for RA method [1, 2, 12]</activationId>
  <rule>Vote for RA method</rule>
  <declarations>$i=Institution [id=0, state=CFV, round=2, allocationMethod=QUEUE](2); $member=allocation.newagents.Member@5c1e112(12); $pid=0(12); $r=2(2); $pool=CommonPool 0 [resourceLevel=150.74762844606508, maxLevel=500.0](1); $iid=0(12)</declarations>
  <ruleFlowGroup>vote</ruleFlowGroup>
</org.drools.audit.event.ActivationLogEvent>
<org.drools.audit.event.ObjectLogEvent>
  <type>2</type>
  <factId>2</factId>
  <objectToString>Institution [id=0, state=CFV, round=2, allocationMethod=QUEUE]</objectToString>
</org.drools.audit.event.ObjectLogEvent>
<org.drools.audit.event.ActivationLogEvent>
  <type>7</type>
  <activationId>Disable votes [2]</activationId>
  <rule>Disable votes</rule>
  <declarations>$inst=Institution [id=0, state=CFV, round=2, allocationMethod=QUEUE](2)</declarations>
  <ruleFlowGroup>init</ruleFlowGroup>
</org.drools.audit.event.ActivationLogEvent>
<org.drools.audit.event.ActivationLogEvent>
  <type>6</type>
  <activationId>Refill pool [2, 1, 4]</activationId>
  <rule>Refill pool</rule>
  <declarations>$t=2(4); $pool=CommonPool 0 [resourceLevel=150.74762844606508, maxLevel=500.0](1)</declarations>
  <ruleFlowGroup>init</ruleFlowGroup>
</org.drools.audit.event.ActivationLogEvent>
<org.drools.audit.event.ObjectLogEvent>
  <type>2</type>
  <factId>1</factId>
  <objectToString>CommonPool 0 [resourceLevel=400.74762844606505, maxLevel=500.0]</objectToString>
</org.drools.audit.event.ObjectLogEvent>
<org.drools.audit.event.ActivationLogEvent>
  <type>7</type>
  <activationId>Refill pool [2, 1, 4]</activationId>
  <rule>Refill pool</rule>
  <declarations>$t=2(4); $pool=CommonPool 0 [resourceLevel=400.74762844606505, maxLevel=500.0](1)</declarations>
  <ruleFlowGroup>init</ruleFlowGroup>
</org.drools.audit.event.ActivationLogEvent>
<org.drools.audit.event.RuleFlowGroupLogEvent>
  <type>14</type>
  <groupName>init</groupName>
  <size>0</size>
</org.drools.audit.event.RuleFlowGroupLogEvent>
<org.drools.audit.event.RuleFlowGroupLogEvent>
  <type>15</type>
  <groupName>init</groupName>
  <size>0</size>
</org.drools.audit.event.RuleFlowGroupLogEvent>
<org.drools.audit.event.RuleFlowNodeLogEvent>
  <type>26</type>
  <processId>allocation.Simulation</processId>
  <processName>Simulation</processName>
  <processInstanceId>3</processInstanceId>
  <nodeId>3</nodeId>
  <nodeName>Init</nodeName>
  <nodeInstanceId>1</nodeInstanceId>
</org.drools.audit.event.RuleFlowNodeLogEvent>
<org.drools.audit.event.RuleFlowNodeLogEvent>
  <type>24</type>
  <processId>allocation.Simulation</processId>
  <processName>Simulation</processName>
  <processInstanceId>3</processInstanceId>
  <nodeId>5</nodeId>
  <nodeName>CFV</nodeName>
  <nodeInstanceId>2</nodeInstanceId>
</org.drools.audit.event.RuleFlowNodeLogEvent>
<org.drools.audit.event.RuleFlowGroupLogEvent>
  <type>12</type>
  <groupName>cfv</groupName>
  <size>1</size>
</org.drools.audit.event.RuleFlowGroupLogEvent>
<org.drools.audit.event.RuleFlowGroupLogEvent>
  <type>13</type>
  <groupName>cfv</groupName>
  <size>1</size>
</org.drools.audit.event.RuleFlowGroupLogEvent>
<org.drools.audit.event.RuleFlowNodeLogEvent>
  <type>25</type>
  <processId>allocation.Simulation</processId>
  <processName>Simulation</processName>
  <processInstanceId>3</processInstanceId>
  <nodeId>5</nodeId>
  <nodeName>CFV</nodeName>
  <nodeInstanceId>2</nodeInstanceId>
</org.drools.audit.event.RuleFlowNodeLogEvent>
<org.drools.audit.event.RuleFlowNodeLogEvent>
  <type>27</type>
  <processId>allocation.Simulation</processId>
  <processName>Simulation</processName>
  <processInstanceId>3</processInstanceId>
  <nodeId>3</nodeId>
  <nodeName>Init</nodeName>
  <nodeInstanceId>1</nodeInstanceId>
</org.drools.audit.event.RuleFlowNodeLogEvent>
<org.drools.audit.event.ActivationLogEvent>
  <type>6</type>
  <activationId>Call for votes [2, 5, 4]</activationId>
  <rule>Call for votes</rule>
  <declarations>$i=Institution [id=0, state=CFV, round=2, allocationMethod=QUEUE](2); $head=allocation.newagents.Head@5c1e10e(5); $iid=0(5)</declarations>
  <ruleFlowGroup>cfv</ruleFlowGroup>
</org.drools.audit.event.ActivationLogEvent>
<org.drools.audit.event.ActivationLogEvent>
  <type>4</type>
  <activationId>Disable votes [2]</activationId>
  <rule>Disable votes</rule>
  <declarations>$inst=Institution [id=0, state=CFV, round=2, allocationMethod=QUEUE](2)</declarations>
  <ruleFlowGroup>init</ruleFlowGroup>
</org.drools.audit.event.ActivationLogEvent>
<org.drools.audit.event.ActivationLogEvent>
  <type>4</type>
  <activationId>Vote for RA method [1, 2, 5]</activationId>
  <rule>Vote for RA method</rule>
  <declarations>$i=Institution [id=0, state=CFV, round=2, allocationMethod=QUEUE](2); $member=allocation.newagents.Head@5c1e10e(5); $pid=0(5); $r=2(2); $pool=CommonPool 0 [resourceLevel=400.74762844606505, maxLevel=500.0](1); $iid=0(5)</declarations>
  <ruleFlowGroup>vote</ruleFlowGroup>
</org.drools.audit.event.ActivationLogEvent>
<org.drools.audit.event.ActivationLogEvent>
  <type>4</type>
  <activationId>Vote for RA method [1, 2, 9]</activationId>
  <rule>Vote for RA method</rule>
  <declarations>$i=Institution [id=0, state=CFV, round=2, allocationMethod=QUEUE](2); $member=allocation.newagents.Member@5c1e10f(9); $pid=0(9); $r=2(2); $pool=CommonPool 0 [resourceLevel=400.74762844606505, maxLevel=500.0](1); $iid=0(9)</declarations>
  <ruleFlowGroup>vote</ruleFlowGroup>
</org.drools.audit.event.ActivationLogEvent>
<org.drools.audit.event.ActivationLogEvent>
  <type>4</type>
  <activationId>Vote for RA method [1, 2, 10]</activationId>
  <rule>Vote for RA method</rule>
  <declarations>$i=Institution [id=0, state=CFV, round=2, allocationMethod=QUEUE](2); $member=allocation.newagents.Member@5c1e110(10); $pid=0(10); $r=2(2); $pool=CommonPool 0 [resourceLevel=400.74762844606505, maxLevel=500.0](1); $iid=0(10)</declarations>
  <ruleFlowGroup>vote</ruleFlowGroup>
</org.drools.audit.event.ActivationLogEvent>
<org.drools.audit.event.ActivationLogEvent>
  <type>4</type>
  <activationId>Vote for RA method [1, 2, 11]</activationId>
  <rule>Vote for RA method</rule>
  <declarations>$i=Institution [id=0, state=CFV, round=2, allocationMethod=QUEUE](2); $member=allocation.newagents.Member@5c1e111(11); $pid=0(11); $r=2(2); $pool=CommonPool 0 [resourceLevel=400.74762844606505, maxLevel=500.0](1); $iid=0(11)</declarations>
  <ruleFlowGroup>vote</ruleFlowGroup>
</org.drools.audit.event.ActivationLogEvent>
<org.drools.audit.event.ActivationLogEvent>
  <type>4</type>
  <activationId>Vote for RA method [1, 2, 12]</activationId>
  <rule>Vote for RA method</rule>
  <declarations>$i=Institution [id=0, state=CFV, round=2, allocationMethod=QUEUE](2); $member=allocation.newagents.Member@5c1e112(12); $pid=0(12); $r=2(2); $pool=CommonPool 0 [resourceLevel=400.74762844606505, maxLevel=500.0](1); $iid=0(12)</declarations>
  <ruleFlowGroup>vote</ruleFlowGroup>
</org.drools.audit.event.ActivationLogEvent>
<org.drools.audit.event.ObjectLogEvent>
  <type>2</type>
  <factId>2</factId>
  <objectToString>Institution [id=0, state=CFV, round=2, allocationMethod=QUEUE]</objectToString>
</org.drools.audit.event.ObjectLogEvent>
<org.drools.audit.event.ActivationLogEvent>
  <type>7</type>
  <activationId>Call for votes [2, 5, 4]</activationId>
  <rule>Call for votes</rule>
  <declarations>$i=Institution [id=0, state=CFV, round=2, allocationMethod=QUEUE](2); $head=allocation.newagents.Head@5c1e10e(5); $iid=0(5)</declarations>
  <ruleFlowGroup>cfv</ruleFlowGroup>
</org.drools.audit.event.ActivationLogEvent>
<org.drools.audit.event.RuleFlowGroupLogEvent>
  <type>14</type>
  <groupName>cfv</groupName>
  <size>0</size>
</org.drools.audit.event.RuleFlowGroupLogEvent>
<org.drools.audit.event.RuleFlowGroupLogEvent>
  <type>15</type>
  <groupName>cfv</groupName>
  <size>0</size>
</org.drools.audit.event.RuleFlowGroupLogEvent>
<org.drools.audit.event.RuleFlowNodeLogEvent>
  <type>26</type>
  <processId>allocation.Simulation</processId>
  <processName>Simulation</processName>
  <processInstanceId>3</processInstanceId>
  <nodeId>5</nodeId>
  <nodeName>CFV</nodeName>
  <nodeInstanceId>2</nodeInstanceId>
</org.drools.audit.event.RuleFlowNodeLogEvent>
<org.drools.audit.event.RuleFlowNodeLogEvent>
  <type>24</type>
  <processId>allocation.Simulation</processId>
  <processName>Simulation</processName>
  <processInstanceId>3</processInstanceId>
  <nodeId>6</nodeId>
  <nodeName>Vote</nodeName>
  <nodeInstanceId>3</nodeInstanceId>
</org.drools.audit.event.RuleFlowNodeLogEvent>
<org.drools.audit.event.RuleFlowGroupLogEvent>
  <type>12</type>
  <groupName>vote</groupName>
  <size>5</size>
</org.drools.audit.event.RuleFlowGroupLogEvent>
<org.drools.audit.event.RuleFlowGroupLogEvent>
  <type>13</type>
  <groupName>vote</groupName>
  <size>5</size>
</org.drools.audit.event.RuleFlowGroupLogEvent>
<org.drools.audit.event.RuleFlowNodeLogEvent>
  <type>25</type>
  <processId>allocation.Simulation</processId>
  <processName>Simulation</processName>
  <processInstanceId>3</processInstanceId>
  <nodeId>6</nodeId>
  <nodeName>Vote</nodeName>
  <nodeInstanceId>3</nodeInstanceId>
</org.drools.audit.event.RuleFlowNodeLogEvent>
<org.drools.audit.event.RuleFlowNodeLogEvent>
  <type>27</type>
  <processId>allocation.Simulation</processId>
  <processName>Simulation</processName>
  <processInstanceId>3</processInstanceId>
  <nodeId>5</nodeId>
  <nodeName>CFV</nodeName>
  <nodeInstanceId>2</nodeInstanceId>
</org.drools.audit.event.RuleFlowNodeLogEvent>
<org.drools.audit.event.ActivationLogEvent>
  <type>6</type>
  <activationId>Vote for RA method [1, 2, 12]</activationId>
  <rule>Vote for RA method</rule>
  <declarations>$i=Institution [id=0, state=CFV, round=2, allocationMethod=QUEUE](2); $member=allocation.newagents.Member@5c1e112(12); $pid=0(12); $r=2(2); $pool=CommonPool 0 [resourceLevel=400.74762844606505, maxLevel=500.0](1); $iid=0(12)</declarations>
  <ruleFlowGroup>vote</ruleFlowGroup>
</org.drools.audit.event.ActivationLogEvent>
<org.drools.audit.event.ActivationLogEvent>
  <type>4</type>
  <activationId>Count votes [144, 12, 143, 2]</activationId>
  <rule>Count votes</rule>
  <declarations>$ag=elf 4(143); $votes=[Vote [ballot=raMethod, value=1, voter=elf 4, round=2]](144); $round=2(2); $b=raMethod(143); $iid=0(2)</declarations>
  <ruleFlowGroup>vote</ruleFlowGroup>
</org.drools.audit.event.ActivationLogEvent>
<org.drools.audit.event.ObjectLogEvent>
  <type>1</type>
  <factId>143</factId>
  <objectToString>Vote [ballot=raMethod, value=1, voter=elf 4, round=2]</objectToString>
</org.drools.audit.event.ObjectLogEvent>
<org.drools.audit.event.ActivationLogEvent>
  <type>7</type>
  <activationId>Vote for RA method [1, 2, 12]</activationId>
  <rule>Vote for RA method</rule>
  <declarations>$i=Institution [id=0, state=CFV, round=2, allocationMethod=QUEUE](2); $member=allocation.newagents.Member@5c1e112(12); $pid=0(12); $r=2(2); $pool=CommonPool 0 [resourceLevel=400.74762844606505, maxLevel=500.0](1); $iid=0(12)</declarations>
  <ruleFlowGroup>vote</ruleFlowGroup>
</org.drools.audit.event.ActivationLogEvent>
<org.drools.audit.event.ActivationLogEvent>
  <type>6</type>
  <activationId>Vote for RA method [1, 2, 11]</activationId>
  <rule>Vote for RA method</rule>
  <declarations>$i=Institution [id=0, state=CFV, round=2, allocationMethod=QUEUE](2); $member=allocation.newagents.Member@5c1e111(11); $pid=0(11); $r=2(2); $pool=CommonPool 0 [resourceLevel=400.74762844606505, maxLevel=500.0](1); $iid=0(11)</declarations>
  <ruleFlowGroup>vote</ruleFlowGroup>
</org.drools.audit.event.ActivationLogEvent>
<org.drools.audit.event.ActivationLogEvent>
  <type>4</type>
  <activationId>Count votes [148, 11, 146, 2]</activationId>
  <rule>Count votes</rule>
  <declarations>$ag=elf 3(146); $votes=[Vote [ballot=raMethod, value=1, voter=elf 4, round=2]](148); $round=2(2); $b=raMethod(146); $iid=0(2)</declarations>
  <ruleFlowGroup>vote</ruleFlowGroup>
</org.drools.audit.event.ActivationLogEvent>
<org.drools.audit.event.ObjectLogEvent>
  <type>1</type>
  <factId>146</factId>
  <objectToString>Vote [ballot=raMethod, value=1, voter=elf 3, round=2]</objectToString>
</org.drools.audit.event.ObjectLogEvent>
<org.drools.audit.event.ActivationLogEvent>
  <type>7</type>
  <activationId>Vote for RA method [1, 2, 11]</activationId>
  <rule>Vote for RA method</rule>
  <declarations>$i=Institution [id=0, state=CFV, round=2, allocationMethod=QUEUE](2); $member=allocation.newagents.Member@5c1e111(11); $pid=0(11); $r=2(2); $pool=CommonPool 0 [resourceLevel=400.74762844606505, maxLevel=500.0](1); $iid=0(11)</declarations>
  <ruleFlowGroup>vote</ruleFlowGroup>
</org.drools.audit.event.ActivationLogEvent>
<org.drools.audit.event.ActivationLogEvent>
  <type>6</type>
  <activationId>Vote for RA method [1, 2, 10]</activationId>
  <rule>Vote for RA method</rule>
  <declarations>$i=Institution [id=0, state=CFV, round=2, allocationMethod=QUEUE](2); $member=allocation.newagents.Member@5c1e110(10); $pid=0(10); $r=2(2); $pool=CommonPool 0 [resourceLevel=400.74762844606505, maxLevel=500.0](1); $iid=0(10)</declarations>
  <ruleFlowGroup>vote</ruleFlowGroup>
</org.drools.audit.event.ActivationLogEvent>
<org.drools.audit.event.ActivationLogEvent>
  <type>4</type>
  <activationId>Count votes [154, 10, 151, 2]</activationId>
  <rule>Count votes</rule>
  <declarations>$ag=elf 2(151); $votes=[Vote [ballot=raMethod, value=1, voter=elf 4, round=2], Vote [ballot=raMethod, value=1, voter=elf 3, round=2]](154); $round=2(2); $b=raMethod(151); $iid=0(2)</declarations>
  <ruleFlowGroup>vote</ruleFlowGroup>
</org.drools.audit.event.ActivationLogEvent>
<org.drools.audit.event.ObjectLogEvent>
  <type>1</type>
  <factId>151</factId>
  <objectToString>Vote [ballot=raMethod, value=1, voter=elf 2, round=2]</objectToString>
</org.drools.audit.event.ObjectLogEvent>
<org.drools.audit.event.ActivationLogEvent>
  <type>7</type>
  <activationId>Vote for RA method [1, 2, 10]</activationId>
  <rule>Vote for RA method</rule>
  <declarations>$i=Institution [id=0, state=CFV, round=2, allocationMethod=QUEUE](2); $member=allocation.newagents.Member@5c1e110(10); $pid=0(10); $r=2(2); $pool=CommonPool 0 [resourceLevel=400.74762844606505, maxLevel=500.0](1); $iid=0(10)</declarations>
  <ruleFlowGroup>vote</ruleFlowGroup>
</org.drools.audit.event.ActivationLogEvent>
<org.drools.audit.event.ActivationLogEvent>
  <type>6</type>
  <activationId>Vote for RA method [1, 2, 9]</activationId>
  <rule>Vote for RA method</rule>
  <declarations>$i=Institution [id=0, state=CFV, round=2, allocationMethod=QUEUE](2); $member=allocation.newagents.Member@5c1e10f(9); $pid=0(9); $r=2(2); $pool=CommonPool 0 [resourceLevel=400.74762844606505, maxLevel=500.0](1); $iid=0(9)</declarations>
  <ruleFlowGroup>vote</ruleFlowGroup>
</org.drools.audit.event.ActivationLogEvent>
<org.drools.audit.event.ActivationLogEvent>
  <type>4</type>
  <activationId>Count votes [162, 9, 158, 2]</activationId>
  <rule>Count votes</rule>
  <declarations>$ag=elf 1(158); $votes=[Vote [ballot=raMethod, value=1, voter=elf 4, round=2], Vote [ballot=raMethod, value=1, voter=elf 3, round=2], Vote [ballot=raMethod, value=1, voter=elf 2, round=2]](162); $round=2(2); $b=raMethod(158); $iid=0(2)</declarations>
  <ruleFlowGroup>vote</ruleFlowGroup>
</org.drools.audit.event.ActivationLogEvent>
<org.drools.audit.event.ObjectLogEvent>
  <type>1</type>
  <factId>158</factId>
  <objectToString>Vote [ballot=raMethod, value=1, voter=elf 1, round=2]</objectToString>
</org.drools.audit.event.ObjectLogEvent>
<org.drools.audit.event.ActivationLogEvent>
  <type>7</type>
  <activationId>Vote for RA method [1, 2, 9]</activationId>
  <rule>Vote for RA method</rule>
  <declarations>$i=Institution [id=0, state=CFV, round=2, allocationMethod=QUEUE](2); $member=allocation.newagents.Member@5c1e10f(9); $pid=0(9); $r=2(2); $pool=CommonPool 0 [resourceLevel=400.74762844606505, maxLevel=500.0](1); $iid=0(9)</declarations>
  <ruleFlowGroup>vote</ruleFlowGroup>
</org.drools.audit.event.ActivationLogEvent>
<org.drools.audit.event.ActivationLogEvent>
  <type>6</type>
  <activationId>Vote for RA method [1, 2, 5]</activationId>
  <rule>Vote for RA method</rule>
  <declarations>$i=Institution [id=0, state=CFV, round=2, allocationMethod=QUEUE](2); $member=allocation.newagents.Head@5c1e10e(5); $pid=0(5); $r=2(2); $pool=CommonPool 0 [resourceLevel=400.74762844606505, maxLevel=500.0](1); $iid=0(5)</declarations>
  <ruleFlowGroup>vote</ruleFlowGroup>
</org.drools.audit.event.ActivationLogEvent>
<org.drools.audit.event.ActivationLogEvent>
  <type>4</type>
  <activationId>Count votes [172, 5, 167, 2]</activationId>
  <rule>Count votes</rule>
  <declarations>$ag=elf 0(167); $votes=[Vote [ballot=raMethod, value=1, voter=elf 4, round=2], Vote [ballot=raMethod, value=1, voter=elf 3, round=2], Vote [ballot=raMethod, value=1, voter=elf 2, round=2], Vote [ballot=raMethod, value=1, voter=elf 1, round=2]](172); $round=2(2); $b=raMethod(167); $iid=0(2)</declarations>
  <ruleFlowGroup>vote</ruleFlowGroup>
</org.drools.audit.event.ActivationLogEvent>
<org.drools.audit.event.ObjectLogEvent>
  <type>1</type>
  <factId>167</factId>
  <objectToString>Vote [ballot=raMethod, value=1, voter=elf 0, round=2]</objectToString>
</org.drools.audit.event.ObjectLogEvent>
<org.drools.audit.event.ActivationLogEvent>
  <type>7</type>
  <activationId>Vote for RA method [1, 2, 5]</activationId>
  <rule>Vote for RA method</rule>
  <declarations>$i=Institution [id=0, state=CFV, round=2, allocationMethod=QUEUE](2); $member=allocation.newagents.Head@5c1e10e(5); $pid=0(5); $r=2(2); $pool=CommonPool 0 [resourceLevel=400.74762844606505, maxLevel=500.0](1); $iid=0(5)</declarations>
  <ruleFlowGroup>vote</ruleFlowGroup>
</org.drools.audit.event.ActivationLogEvent>
<org.drools.audit.event.ActivationLogEvent>
  <type>6</type>
  <activationId>Count votes [172, 5, 167, 2]</activationId>
  <rule>Count votes</rule>
  <declarations>$ag=elf 0(167); $votes=[Vote [ballot=raMethod, value=1, voter=elf 4, round=2], Vote [ballot=raMethod, value=1, voter=elf 3, round=2], Vote [ballot=raMethod, value=1, voter=elf 2, round=2], Vote [ballot=raMethod, value=1, voter=elf 1, round=2], Vote [ballot=raMethod, value=1, voter=elf 0, round=2]](172); $round=2(2); $b=raMethod(167); $iid=0(2)</declarations>
  <ruleFlowGroup>vote</ruleFlowGroup>
</org.drools.audit.event.ActivationLogEvent>
<org.drools.audit.event.ActivationLogEvent>
  <type>4</type>
  <activationId>Declare winner and update Ra method [2, 178]</activationId>
  <rule>Declare winner and update Ra method</rule>
  <declarations>$i=Institution [id=0, state=CFV, round=2, allocationMethod=QUEUE](2); $iid=0(178); $vc=Declared [institution=0, ballot=raMethod, round=2, result={1=5}](178)</declarations>
  <ruleFlowGroup>vote</ruleFlowGroup>
</org.drools.audit.event.ActivationLogEvent>
<org.drools.audit.event.ActivationLogEvent>
  <type>5</type>
  <activationId>Count votes [144, 12, 143, 2]</activationId>
  <rule>Count votes</rule>
  <declarations>$ag=elf 4(143); $votes=[](144); $round=2(2); $b=raMethod(143); $iid=0(2)</declarations>
  <ruleFlowGroup>vote</ruleFlowGroup>
</org.drools.audit.event.ActivationLogEvent>
<org.drools.audit.event.ActivationLogEvent>
  <type>5</type>
  <activationId>Count votes [148, 11, 146, 2]</activationId>
  <rule>Count votes</rule>
  <declarations>$ag=elf 3(146); $votes=[](148); $round=2(2); $b=raMethod(146); $iid=0(2)</declarations>
  <ruleFlowGroup>vote</ruleFlowGroup>
</org.drools.audit.event.ActivationLogEvent>
<org.drools.audit.event.ActivationLogEvent>
  <type>5</type>
  <activationId>Count votes [154, 10, 151, 2]</activationId>
  <rule>Count votes</rule>
  <declarations>$ag=elf 2(151); $votes=[](154); $round=2(2); $b=raMethod(151); $iid=0(2)</declarations>
  <ruleFlowGroup>vote</ruleFlowGroup>
</org.drools.audit.event.ActivationLogEvent>
<org.drools.audit.event.ActivationLogEvent>
  <type>5</type>
  <activationId>Count votes [162, 9, 158, 2]</activationId>
  <rule>Count votes</rule>
  <declarations>$ag=elf 1(158); $votes=[](162); $round=2(2); $b=raMethod(158); $iid=0(2)</declarations>
  <ruleFlowGroup>vote</ruleFlowGroup>
</org.drools.audit.event.ActivationLogEvent>
<org.drools.audit.event.ActivationLogEvent>
  <type>4</type>
  <activationId>Echo Votes Counted [178]</activationId>
  <rule>Echo Votes Counted</rule>
  <declarations>$vc=Declared [institution=0, ballot=raMethod, round=2, result={1=5}](178)</declarations>
  <ruleFlowGroup>vote</ruleFlowGroup>
</org.drools.audit.event.ActivationLogEvent>
<org.drools.audit.event.ObjectLogEvent>
  <type>1</type>
  <factId>178</factId>
  <objectToString>Declared [institution=0, ballot=raMethod, round=2, result={1=5}]</objectToString>
</org.drools.audit.event.ObjectLogEvent>
<org.drools.audit.event.ActivationLogEvent>
  <type>7</type>
  <activationId>Count votes [172, 5, 167, 2]</activationId>
  <rule>Count votes</rule>
  <declarations>$ag=elf 0(167); $votes=[](172); $round=2(2); $b=raMethod(167); $iid=0(2)</declarations>
  <ruleFlowGroup>vote</ruleFlowGroup>
</org.drools.audit.event.ActivationLogEvent>
<org.drools.audit.event.ActivationLogEvent>
  <type>6</type>
  <activationId>Echo Votes Counted [178]</activationId>
  <rule>Echo Votes Counted</rule>
  <declarations>$vc=Declared [institution=0, ballot=raMethod, round=2, result={1=5}](178)</declarations>
  <ruleFlowGroup>vote</ruleFlowGroup>
</org.drools.audit.event.ActivationLogEvent>
<org.drools.audit.event.ActivationLogEvent>
  <type>7</type>
  <activationId>Echo Votes Counted [178]</activationId>
  <rule>Echo Votes Counted</rule>
  <declarations>$vc=Declared [institution=0, ballot=raMethod, round=2, result={1=5}](178)</declarations>
  <ruleFlowGroup>vote</ruleFlowGroup>
</org.drools.audit.event.ActivationLogEvent>
<org.drools.audit.event.ActivationLogEvent>
  <type>6</type>
  <activationId>Declare winner and update Ra method [2, 178]</activationId>
  <rule>Declare winner and update Ra method</rule>
  <declarations>$i=Institution [id=0, state=CFV, round=2, allocationMethod=QUEUE](2); $iid=0(178); $vc=Declared [institution=0, ballot=raMethod, round=2, result={1=5}](178)</declarations>
  <ruleFlowGroup>vote</ruleFlowGroup>
</org.drools.audit.event.ActivationLogEvent>
<org.drools.audit.event.ActivationLogEvent>
  <type>4</type>
  <activationId>Echo Declared [179]</activationId>
  <rule>Echo Declared</rule>
  <declarations>$d=Declared( institution=0, ballot=raMethod, round=2, result=1 )(179)</declarations>
  <ruleFlowGroup>vote</ruleFlowGroup>
</org.drools.audit.event.ActivationLogEvent>
<org.drools.audit.event.ObjectLogEvent>
  <type>1</type>
  <factId>179</factId>
  <objectToString>Declared( institution=0, ballot=raMethod, round=2, result=1 )</objectToString>
</org.drools.audit.event.ObjectLogEvent>
<org.drools.audit.event.ActivationLogEvent>
  <type>7</type>
  <activationId>Declare winner and update Ra method [2, 178]</activationId>
  <rule>Declare winner and update Ra method</rule>
  <declarations>$i=Institution [id=0, state=CFV, round=2, allocationMethod=QUEUE](2); $iid=0(178); $vc=Declared [institution=0, ballot=raMethod, round=2, result={1=5}](178)</declarations>
  <ruleFlowGroup>vote</ruleFlowGroup>
</org.drools.audit.event.ActivationLogEvent>
<org.drools.audit.event.ActivationLogEvent>
  <type>6</type>
  <activationId>Echo Declared [179]</activationId>
  <rule>Echo Declared</rule>
  <declarations>$d=Declared( institution=0, ballot=raMethod, round=2, result=1 )(179)</declarations>
  <ruleFlowGroup>vote</ruleFlowGroup>
</org.drools.audit.event.ActivationLogEvent>
<org.drools.audit.event.ActivationLogEvent>
  <type>7</type>
  <activationId>Echo Declared [179]</activationId>
  <rule>Echo Declared</rule>
  <declarations>$d=Declared( institution=0, ballot=raMethod, round=2, result=1 )(179)</declarations>
  <ruleFlowGroup>vote</ruleFlowGroup>
</org.drools.audit.event.ActivationLogEvent>
<org.drools.audit.event.RuleFlowGroupLogEvent>
  <type>14</type>
  <groupName>vote</groupName>
  <size>0</size>
</org.drools.audit.event.RuleFlowGroupLogEvent>
<org.drools.audit.event.RuleFlowGroupLogEvent>
  <type>15</type>
  <groupName>vote</groupName>
  <size>0</size>
</org.drools.audit.event.RuleFlowGroupLogEvent>
<org.drools.audit.event.RuleFlowNodeLogEvent>
  <type>26</type>
  <processId>allocation.Simulation</processId>
  <processName>Simulation</processName>
  <processInstanceId>3</processInstanceId>
  <nodeId>6</nodeId>
  <nodeName>Vote</nodeName>
  <nodeInstanceId>3</nodeInstanceId>
</org.drools.audit.event.RuleFlowNodeLogEvent>
<org.drools.audit.event.RuleFlowNodeLogEvent>
  <type>24</type>
  <processId>allocation.Simulation</processId>
  <processName>Simulation</processName>
  <processInstanceId>3</processInstanceId>
  <nodeId>7</nodeId>
  <nodeName>Demand</nodeName>
  <nodeInstanceId>4</nodeInstanceId>
</org.drools.audit.event.RuleFlowNodeLogEvent>
<org.drools.audit.event.RuleFlowGroupLogEvent>
  <type>12</type>
  <groupName>demand</groupName>
  <size>5</size>
</org.drools.audit.event.RuleFlowGroupLogEvent>
<org.drools.audit.event.RuleFlowGroupLogEvent>
  <type>13</type>
  <groupName>demand</groupName>
  <size>5</size>
</org.drools.audit.event.RuleFlowGroupLogEvent>
<org.drools.audit.event.RuleFlowNodeLogEvent>
  <type>25</type>
  <processId>allocation.Simulation</processId>
  <processName>Simulation</processName>
  <processInstanceId>3</processInstanceId>
  <nodeId>7</nodeId>
  <nodeName>Demand</nodeName>
  <nodeInstanceId>4</nodeInstanceId>
</org.drools.audit.event.RuleFlowNodeLogEvent>
<org.drools.audit.event.RuleFlowNodeLogEvent>
  <type>27</type>
  <processId>allocation.Simulation</processId>
  <processName>Simulation</processName>
  <processInstanceId>3</processInstanceId>
  <nodeId>6</nodeId>
  <nodeName>Vote</nodeName>
  <nodeInstanceId>3</nodeInstanceId>
</org.drools.audit.event.RuleFlowNodeLogEvent>
<org.drools.audit.event.ActivationLogEvent>
  <type>6</type>
  <activationId>Member Demands [12, 1, 2]</activationId>
  <rule>Member Demands</rule>
  <declarations>$member=allocation.newagents.Member@5c1e112(12); $inst=Institution [id=0, state=CFV, round=2, allocationMethod=QUEUE](2); $pools=[CommonPool 0 [resourceLevel=400.74762844606505, maxLevel=500.0]](2); $round=2(2); $pool=CommonPool 0 [resourceLevel=400.74762844606505, maxLevel=500.0](1); $iid=0(2)</declarations>
  <ruleFlowGroup>demand</ruleFlowGroup>
</org.drools.audit.event.ActivationLogEvent>
<org.drools.audit.event.ActivationLogEvent>
  <type>4</type>
  <activationId>Do allocation - raMethod QUEUE [6, 5, 1, 2]</activationId>
  <rule>Do allocation - raMethod QUEUE</rule>
  <declarations>$hd=allocation.newagents.Head@5c1e10e(5); $inst=Institution [id=0, state=CFV, round=2, allocationMethod=QUEUE](2); $pools=[CommonPool 0 [resourceLevel=400.74762844606505, maxLevel=500.0]](2); $round=2(2); $demands=[Demand [quantity=46.25815257197513]](6); $pool=CommonPool 0 [resourceLevel=400.74762844606505, maxLevel=500.0](1); $iid=0(2)</declarations>
  <ruleFlowGroup>allocate</ruleFlowGroup>
</org.drools.audit.event.ActivationLogEvent>
<org.drools.audit.event.ObjectLogEvent>
  <type>1</type>
  <factId>180</factId>
  <objectToString>Demand [quantity=46.25815257197513]</objectToString>
</org.drools.audit.event.ObjectLogEvent>
<org.drools.audit.event.ActivationLogEvent>
  <type>7</type>
  <activationId>Member Demands [12, 1, 2]</activationId>
  <rule>Member Demands</rule>
  <declarations>$member=allocation.newagents.Member@5c1e112(12); $inst=Institution [id=0, state=CFV, round=2, allocationMethod=QUEUE](2); $pools=[CommonPool 0 [resourceLevel=400.74762844606505, maxLevel=500.0]](2); $round=2(2); $pool=CommonPool 0 [resourceLevel=400.74762844606505, maxLevel=500.0](1); $iid=0(2)</declarations>
  <ruleFlowGroup>demand</ruleFlowGroup>
</org.drools.audit.event.ActivationLogEvent>
<org.drools.audit.event.ActivationLogEvent>
  <type>6</type>
  <activationId>Member Demands [11, 1, 2]</activationId>
  <rule>Member Demands</rule>
  <declarations>$member=allocation.newagents.Member@5c1e111(11); $inst=Institution [id=0, state=CFV, round=2, allocationMethod=QUEUE](2); $pools=[CommonPool 0 [resourceLevel=400.74762844606505, maxLevel=500.0]](2); $round=2(2); $pool=CommonPool 0 [resourceLevel=400.74762844606505, maxLevel=500.0](1); $iid=0(2)</declarations>
  <ruleFlowGroup>demand</ruleFlowGroup>
</org.drools.audit.event.ActivationLogEvent>
<org.drools.audit.event.ObjectLogEvent>
  <type>1</type>
  <factId>181</factId>
  <objectToString>Demand [quantity=51.15728759837802]</objectToString>
</org.drools.audit.event.ObjectLogEvent>
<org.drools.audit.event.ActivationLogEvent>
  <type>7</type>
  <activationId>Member Demands [11, 1, 2]</activationId>
  <rule>Member Demands</rule>
  <declarations>$member=allocation.newagents.Member@5c1e111(11); $inst=Institution [id=0, state=CFV, round=2, allocationMethod=QUEUE](2); $pools=[CommonPool 0 [resourceLevel=400.74762844606505, maxLevel=500.0]](2); $round=2(2); $pool=CommonPool 0 [resourceLevel=400.74762844606505, maxLevel=500.0](1); $iid=0(2)</declarations>
  <ruleFlowGroup>demand</ruleFlowGroup>
</org.drools.audit.event.ActivationLogEvent>
<org.drools.audit.event.ActivationLogEvent>
  <type>6</type>
  <activationId>Member Demands [10, 1, 2]</activationId>
  <rule>Member Demands</rule>
  <declarations>$member=allocation.newagents.Member@5c1e110(10); $inst=Institution [id=0, state=CFV, round=2, allocationMethod=QUEUE](2); $pools=[CommonPool 0 [resourceLevel=400.74762844606505, maxLevel=500.0]](2); $round=2(2); $pool=CommonPool 0 [resourceLevel=400.74762844606505, maxLevel=500.0](1); $iid=0(2)</declarations>
  <ruleFlowGroup>demand</ruleFlowGroup>
</org.drools.audit.event.ActivationLogEvent>
<org.drools.audit.event.ObjectLogEvent>
  <type>1</type>
  <factId>182</factId>
  <objectToString>Demand [quantity=53.05636375486642]</objectToString>
</org.drools.audit.event.ObjectLogEvent>
<org.drools.audit.event.ActivationLogEvent>
  <type>7</type>
  <activationId>Member Demands [10, 1, 2]</activationId>
  <rule>Member Demands</rule>
  <declarations>$member=allocation.newagents.Member@5c1e110(10); $inst=Institution [id=0, state=CFV, round=2, allocationMethod=QUEUE](2); $pools=[CommonPool 0 [resourceLevel=400.74762844606505, maxLevel=500.0]](2); $round=2(2); $pool=CommonPool 0 [resourceLevel=400.74762844606505, maxLevel=500.0](1); $iid=0(2)</declarations>
  <ruleFlowGroup>demand</ruleFlowGroup>
</org.drools.audit.event.ActivationLogEvent>
<org.drools.audit.event.ActivationLogEvent>
  <type>6</type>
  <activationId>Member Demands [9, 1, 2]</activationId>
  <rule>Member Demands</rule>
  <declarations>$member=allocation.newagents.Member@5c1e10f(9); $inst=Institution [id=0, state=CFV, round=2, allocationMethod=QUEUE](2); $pools=[CommonPool 0 [resourceLevel=400.74762844606505, maxLevel=500.0]](2); $round=2(2); $pool=CommonPool 0 [resourceLevel=400.74762844606505, maxLevel=500.0](1); $iid=0(2)</declarations>
  <ruleFlowGroup>demand</ruleFlowGroup>
</org.drools.audit.event.ActivationLogEvent>
<org.drools.audit.event.ObjectLogEvent>
  <type>1</type>
  <factId>183</factId>
  <objectToString>Demand [quantity=0.0]</objectToString>
</org.drools.audit.event.ObjectLogEvent>
<org.drools.audit.event.ActivationLogEvent>
  <type>7</type>
  <activationId>Member Demands [9, 1, 2]</activationId>
  <rule>Member Demands</rule>
  <declarations>$member=allocation.newagents.Member@5c1e10f(9); $inst=Institution [id=0, state=CFV, round=2, allocationMethod=QUEUE](2); $pools=[CommonPool 0 [resourceLevel=400.74762844606505, maxLevel=500.0]](2); $round=2(2); $pool=CommonPool 0 [resourceLevel=400.74762844606505, maxLevel=500.0](1); $iid=0(2)</declarations>
  <ruleFlowGroup>demand</ruleFlowGroup>
</org.drools.audit.event.ActivationLogEvent>
<org.drools.audit.event.ActivationLogEvent>
  <type>6</type>
  <activationId>Member Demands [5, 1, 2]</activationId>
  <rule>Member Demands</rule>
  <declarations>$member=allocation.newagents.Head@5c1e10e(5); $inst=Institution [id=0, state=CFV, round=2, allocationMethod=QUEUE](2); $pools=[CommonPool 0 [resourceLevel=400.74762844606505, maxLevel=500.0]](2); $round=2(2); $pool=CommonPool 0 [resourceLevel=400.74762844606505, maxLevel=500.0](1); $iid=0(2)</declarations>
  <ruleFlowGroup>demand</ruleFlowGroup>
</org.drools.audit.event.ActivationLogEvent>
<org.drools.audit.event.ObjectLogEvent>
  <type>1</type>
  <factId>184</factId>
  <objectToString>Demand [quantity=52.166307022016454]</objectToString>
</org.drools.audit.event.ObjectLogEvent>
<org.drools.audit.event.ActivationLogEvent>
  <type>7</type>
  <activationId>Member Demands [5, 1, 2]</activationId>
  <rule>Member Demands</rule>
  <declarations>$member=allocation.newagents.Head@5c1e10e(5); $inst=Institution [id=0, state=CFV, round=2, allocationMethod=QUEUE](2); $pools=[CommonPool 0 [resourceLevel=400.74762844606505, maxLevel=500.0]](2); $round=2(2); $pool=CommonPool 0 [resourceLevel=400.74762844606505, maxLevel=500.0](1); $iid=0(2)</declarations>
  <ruleFlowGroup>demand</ruleFlowGroup>
</org.drools.audit.event.ActivationLogEvent>
<org.drools.audit.event.RuleFlowGroupLogEvent>
  <type>14</type>
  <groupName>demand</groupName>
  <size>0</size>
</org.drools.audit.event.RuleFlowGroupLogEvent>
<org.drools.audit.event.RuleFlowGroupLogEvent>
  <type>15</type>
  <groupName>demand</groupName>
  <size>0</size>
</org.drools.audit.event.RuleFlowGroupLogEvent>
<org.drools.audit.event.RuleFlowNodeLogEvent>
  <type>26</type>
  <processId>allocation.Simulation</processId>
  <processName>Simulation</processName>
  <processInstanceId>3</processInstanceId>
  <nodeId>7</nodeId>
  <nodeName>Demand</nodeName>
  <nodeInstanceId>4</nodeInstanceId>
</org.drools.audit.event.RuleFlowNodeLogEvent>
<org.drools.audit.event.RuleFlowNodeLogEvent>
  <type>24</type>
  <processId>allocation.Simulation</processId>
  <processName>Simulation</processName>
  <processInstanceId>3</processInstanceId>
  <nodeId>8</nodeId>
  <nodeName>Allocate</nodeName>
  <nodeInstanceId>5</nodeInstanceId>
</org.drools.audit.event.RuleFlowNodeLogEvent>
<org.drools.audit.event.RuleFlowGroupLogEvent>
  <type>12</type>
  <groupName>allocate</groupName>
  <size>1</size>
</org.drools.audit.event.RuleFlowGroupLogEvent>
<org.drools.audit.event.RuleFlowGroupLogEvent>
  <type>13</type>
  <groupName>allocate</groupName>
  <size>1</size>
</org.drools.audit.event.RuleFlowGroupLogEvent>
<org.drools.audit.event.RuleFlowNodeLogEvent>
  <type>25</type>
  <processId>allocation.Simulation</processId>
  <processName>Simulation</processName>
  <processInstanceId>3</processInstanceId>
  <nodeId>8</nodeId>
  <nodeName>Allocate</nodeName>
  <nodeInstanceId>5</nodeInstanceId>
</org.drools.audit.event.RuleFlowNodeLogEvent>
<org.drools.audit.event.RuleFlowNodeLogEvent>
  <type>27</type>
  <processId>allocation.Simulation</processId>
  <processName>Simulation</processName>
  <processInstanceId>3</processInstanceId>
  <nodeId>7</nodeId>
  <nodeName>Demand</nodeName>
  <nodeInstanceId>4</nodeInstanceId>
</org.drools.audit.event.RuleFlowNodeLogEvent>
<org.drools.audit.event.ActivationLogEvent>
  <type>6</type>
  <activationId>Do allocation - raMethod QUEUE [6, 5, 1, 2]</activationId>
  <rule>Do allocation - raMethod QUEUE</rule>
  <declarations>$hd=allocation.newagents.Head@5c1e10e(5); $inst=Institution [id=0, state=CFV, round=2, allocationMethod=QUEUE](2); $pools=[CommonPool 0 [resourceLevel=400.74762844606505, maxLevel=500.0]](2); $round=2(2); $demands=[Demand [quantity=46.25815257197513], Demand [quantity=51.15728759837802], Demand [quantity=53.05636375486642], Demand [quantity=0.0], Demand [quantity=52.166307022016454]](6); $pool=CommonPool 0 [resourceLevel=400.74762844606505, maxLevel=500.0](1); $iid=0(2)</declarations>
  <ruleFlowGroup>allocate</ruleFlowGroup>
</org.drools.audit.event.ActivationLogEvent>
<org.drools.audit.event.ActivationLogEvent>
  <type>5</type>
  <activationId>Member appropriation - no allocation [1, 2, 11, 4]</activationId>
  <rule>Member appropriation - no allocation</rule>
  <declarations>$i=Institution [id=0, state=CFV, round=2, allocationMethod=QUEUE](2); $t=2(4); $member=allocation.newagents.Member@5c1e111(11); $pid=0(11); $round=2(2); $pool=CommonPool 0 [resourceLevel=400.74762844606505, maxLevel=500.0](1); $iid=0(11)</declarations>
  <ruleFlowGroup>appropriate</ruleFlowGroup>
</org.drools.audit.event.ActivationLogEvent>
<org.drools.audit.event.ActivationLogEvent>
  <type>4</type>
  <activationId>Member appropriation - allocated [185, 1, 2, 11]</activationId>
  <rule>Member appropriation - allocated</rule>
  <declarations>$all=Allocation [quantity=51.15728759837802, agent=elf 3, round=2](185); $i=Institution [id=0, state=CFV, round=2, allocationMethod=QUEUE](2); $member=allocation.newagents.Member@5c1e111(11); $pid=0(11); $round=2(2); $pool=CommonPool 0 [resourceLevel=400.74762844606505, maxLevel=500.0](1); $iid=0(11)</declarations>
  <ruleFlowGroup>appropriate</ruleFlowGroup>
</org.drools.audit.event.ActivationLogEvent>
<org.drools.audit.event.ObjectLogEvent>
  <type>1</type>
  <factId>185</factId>
  <objectToString>Allocation [quantity=51.15728759837802, agent=elf 3, round=2]</objectToString>
</org.drools.audit.event.ObjectLogEvent>
<org.drools.audit.event.ActivationLogEvent>
  <type>5</type>
  <activationId>Member appropriation - no allocation [1, 2, 9, 4]</activationId>
  <rule>Member appropriation - no allocation</rule>
  <declarations>$i=Institution [id=0, state=CFV, round=2, allocationMethod=QUEUE](2); $t=2(4); $member=allocation.newagents.Member@5c1e10f(9); $pid=0(9); $round=2(2); $pool=CommonPool 0 [resourceLevel=400.74762844606505, maxLevel=500.0](1); $iid=0(9)</declarations>
  <ruleFlowGroup>appropriate</ruleFlowGroup>
</org.drools.audit.event.ActivationLogEvent>
<org.drools.audit.event.ActivationLogEvent>
  <type>4</type>
  <activationId>Member appropriation - allocated [186, 1, 2, 9]</activationId>
  <rule>Member appropriation - allocated</rule>
  <declarations>$all=Allocation [quantity=0.0, agent=elf 1, round=2](186); $i=Institution [id=0, state=CFV, round=2, allocationMethod=QUEUE](2); $member=allocation.newagents.Member@5c1e10f(9); $pid=0(9); $round=2(2); $pool=CommonPool 0 [resourceLevel=400.74762844606505, maxLevel=500.0](1); $iid=0(9)</declarations>
  <ruleFlowGroup>appropriate</ruleFlowGroup>
</org.drools.audit.event.ActivationLogEvent>
<org.drools.audit.event.ObjectLogEvent>
  <type>1</type>
  <factId>186</factId>
  <objectToString>Allocation [quantity=0.0, agent=elf 1, round=2]</objectToString>
</org.drools.audit.event.ObjectLogEvent>
<org.drools.audit.event.ActivationLogEvent>
  <type>5</type>
  <activationId>Member appropriation - no allocation [1, 2, 10, 4]</activationId>
  <rule>Member appropriation - no allocation</rule>
  <declarations>$i=Institution [id=0, state=CFV, round=2, allocationMethod=QUEUE](2); $t=2(4); $member=allocation.newagents.Member@5c1e110(10); $pid=0(10); $round=2(2); $pool=CommonPool 0 [resourceLevel=400.74762844606505, maxLevel=500.0](1); $iid=0(10)</declarations>
  <ruleFlowGroup>appropriate</ruleFlowGroup>
</org.drools.audit.event.ActivationLogEvent>
<org.drools.audit.event.ActivationLogEvent>
  <type>4</type>
  <activationId>Member appropriation - allocated [187, 1, 2, 10]</activationId>
  <rule>Member appropriation - allocated</rule>
  <declarations>$all=Allocation [quantity=53.05636375486642, agent=elf 2, round=2](187); $i=Institution [id=0, state=CFV, round=2, allocationMethod=QUEUE](2); $member=allocation.newagents.Member@5c1e110(10); $pid=0(10); $round=2(2); $pool=CommonPool 0 [resourceLevel=400.74762844606505, maxLevel=500.0](1); $iid=0(10)</declarations>
  <ruleFlowGroup>appropriate</ruleFlowGroup>
</org.drools.audit.event.ActivationLogEvent>
<org.drools.audit.event.ObjectLogEvent>
  <type>1</type>
  <factId>187</factId>
  <objectToString>Allocation [quantity=53.05636375486642, agent=elf 2, round=2]</objectToString>
</org.drools.audit.event.ObjectLogEvent>
<org.drools.audit.event.ActivationLogEvent>
  <type>5</type>
  <activationId>Member appropriation - no allocation [1, 2, 5, 4]</activationId>
  <rule>Member appropriation - no allocation</rule>
  <declarations>$i=Institution [id=0, state=CFV, round=2, allocationMethod=QUEUE](2); $t=2(4); $member=allocation.newagents.Head@5c1e10e(5); $pid=0(5); $round=2(2); $pool=CommonPool 0 [resourceLevel=400.74762844606505, maxLevel=500.0](1); $iid=0(5)</declarations>
  <ruleFlowGroup>appropriate</ruleFlowGroup>
</org.drools.audit.event.ActivationLogEvent>
<org.drools.audit.event.ActivationLogEvent>
  <type>4</type>
  <activationId>Member appropriation - allocated [188, 1, 2, 5]</activationId>
  <rule>Member appropriation - allocated</rule>
  <declarations>$all=Allocation [quantity=52.166307022016454, agent=elf 0, round=2](188); $i=Institution [id=0, state=CFV, round=2, allocationMethod=QUEUE](2); $member=allocation.newagents.Head@5c1e10e(5); $pid=0(5); $round=2(2); $pool=CommonPool 0 [resourceLevel=400.74762844606505, maxLevel=500.0](1); $iid=0(5)</declarations>
  <ruleFlowGroup>appropriate</ruleFlowGroup>
</org.drools.audit.event.ActivationLogEvent>
<org.drools.audit.event.ObjectLogEvent>
  <type>1</type>
  <factId>188</factId>
  <objectToString>Allocation [quantity=52.166307022016454, agent=elf 0, round=2]</objectToString>
</org.drools.audit.event.ObjectLogEvent>
<org.drools.audit.event.ActivationLogEvent>
  <type>5</type>
  <activationId>Member appropriation - no allocation [1, 2, 12, 4]</activationId>
  <rule>Member appropriation - no allocation</rule>
  <declarations>$i=Institution [id=0, state=CFV, round=2, allocationMethod=QUEUE](2); $t=2(4); $member=allocation.newagents.Member@5c1e112(12); $pid=0(12); $round=2(2); $pool=CommonPool 0 [resourceLevel=400.74762844606505, maxLevel=500.0](1); $iid=0(12)</declarations>
  <ruleFlowGroup>appropriate</ruleFlowGroup>
</org.drools.audit.event.ActivationLogEvent>
<org.drools.audit.event.ActivationLogEvent>
  <type>4</type>
  <activationId>Member appropriation - allocated [189, 1, 2, 12]</activationId>
  <rule>Member appropriation - allocated</rule>
  <declarations>$all=Allocation [quantity=46.25815257197513, agent=elf 4, round=2](189); $i=Institution [id=0, state=CFV, round=2, allocationMethod=QUEUE](2); $member=allocation.newagents.Member@5c1e112(12); $pid=0(12); $round=2(2); $pool=CommonPool 0 [resourceLevel=400.74762844606505, maxLevel=500.0](1); $iid=0(12)</declarations>
  <ruleFlowGroup>appropriate</ruleFlowGroup>
</org.drools.audit.event.ActivationLogEvent>
<org.drools.audit.event.ObjectLogEvent>
  <type>1</type>
  <factId>189</factId>
  <objectToString>Allocation [quantity=46.25815257197513, agent=elf 4, round=2]</objectToString>
</org.drools.audit.event.ObjectLogEvent>
<org.drools.audit.event.ActivationLogEvent>
  <type>7</type>
  <activationId>Do allocation - raMethod QUEUE [6, 5, 1, 2]</activationId>
  <rule>Do allocation - raMethod QUEUE</rule>
  <declarations>$hd=allocation.newagents.Head@5c1e10e(5); $inst=Institution [id=0, state=CFV, round=2, allocationMethod=QUEUE](2); $pools=[CommonPool 0 [resourceLevel=400.74762844606505, maxLevel=500.0]](2); $round=2(2); $demands=[Demand [quantity=0.0], Demand [quantity=53.05636375486642], Demand [quantity=52.166307022016454], Demand [quantity=51.15728759837802], Demand [quantity=46.25815257197513]](6); $pool=CommonPool 0 [resourceLevel=400.74762844606505, maxLevel=500.0](1); $iid=0(2)</declarations>
  <ruleFlowGroup>allocate</ruleFlowGroup>
</org.drools.audit.event.ActivationLogEvent>
<org.drools.audit.event.RuleFlowGroupLogEvent>
  <type>14</type>
  <groupName>allocate</groupName>
  <size>0</size>
</org.drools.audit.event.RuleFlowGroupLogEvent>
<org.drools.audit.event.RuleFlowGroupLogEvent>
  <type>15</type>
  <groupName>allocate</groupName>
  <size>0</size>
</org.drools.audit.event.RuleFlowGroupLogEvent>
<org.drools.audit.event.RuleFlowNodeLogEvent>
  <type>26</type>
  <processId>allocation.Simulation</processId>
  <processName>Simulation</processName>
  <processInstanceId>3</processInstanceId>
  <nodeId>8</nodeId>
  <nodeName>Allocate</nodeName>
  <nodeInstanceId>5</nodeInstanceId>
</org.drools.audit.event.RuleFlowNodeLogEvent>
<org.drools.audit.event.RuleFlowNodeLogEvent>
  <type>24</type>
  <processId>allocation.Simulation</processId>
  <processName>Simulation</processName>
  <processInstanceId>3</processInstanceId>
  <nodeId>9</nodeId>
  <nodeName>Appropriate</nodeName>
  <nodeInstanceId>6</nodeInstanceId>
</org.drools.audit.event.RuleFlowNodeLogEvent>
<org.drools.audit.event.RuleFlowGroupLogEvent>
  <type>12</type>
  <groupName>appropriate</groupName>
  <size>8</size>
</org.drools.audit.event.RuleFlowGroupLogEvent>
<org.drools.audit.event.RuleFlowGroupLogEvent>
  <type>13</type>
  <groupName>appropriate</groupName>
  <size>8</size>
</org.drools.audit.event.RuleFlowGroupLogEvent>
<org.drools.audit.event.RuleFlowNodeLogEvent>
  <type>25</type>
  <processId>allocation.Simulation</processId>
  <processName>Simulation</processName>
  <processInstanceId>3</processInstanceId>
  <nodeId>9</nodeId>
  <nodeName>Appropriate</nodeName>
  <nodeInstanceId>6</nodeInstanceId>
</org.drools.audit.event.RuleFlowNodeLogEvent>
<org.drools.audit.event.RuleFlowNodeLogEvent>
  <type>27</type>
  <processId>allocation.Simulation</processId>
  <processName>Simulation</processName>
  <processInstanceId>3</processInstanceId>
  <nodeId>8</nodeId>
  <nodeName>Allocate</nodeName>
  <nodeInstanceId>5</nodeInstanceId>
</org.drools.audit.event.RuleFlowNodeLogEvent>
<org.drools.audit.event.ActivationLogEvent>
  <type>6</type>
  <activationId>Member appropriation - allocated [189, 1, 2, 12]</activationId>
  <rule>Member appropriation - allocated</rule>
  <declarations>$all=Allocation [quantity=46.25815257197513, agent=elf 4, round=2](189); $i=Institution [id=0, state=CFV, round=2, allocationMethod=QUEUE](2); $member=allocation.newagents.Member@5c1e112(12); $pid=0(12); $round=2(2); $pool=CommonPool 0 [resourceLevel=400.74762844606505, maxLevel=500.0](1); $iid=0(12)</declarations>
  <ruleFlowGroup>appropriate</ruleFlowGroup>
</org.drools.audit.event.ActivationLogEvent>
<org.drools.audit.event.ObjectLogEvent>
  <type>1</type>
  <factId>190</factId>
  <objectToString>Appropriated( agent=elf 4, round=2, quantity=46.25815257197513 )</objectToString>
</org.drools.audit.event.ObjectLogEvent>
<org.drools.audit.event.ActivationLogEvent>
  <type>4</type>
  <activationId>Vote for RA method [1, 2, 5]</activationId>
  <rule>Vote for RA method</rule>
  <declarations>$i=Institution [id=0, state=CFV, round=2, allocationMethod=QUEUE](2); $member=allocation.newagents.Head@5c1e10e(5); $pid=0(5); $r=2(2); $pool=CommonPool 0 [resourceLevel=354.4894758740899, maxLevel=500.0](1); $iid=0(5)</declarations>
  <ruleFlowGroup>vote</ruleFlowGroup>
</org.drools.audit.event.ActivationLogEvent>
<org.drools.audit.event.ActivationLogEvent>
  <type>4</type>
  <activationId>Vote for RA method [1, 2, 9]</activationId>
  <rule>Vote for RA method</rule>
  <declarations>$i=Institution [id=0, state=CFV, round=2, allocationMethod=QUEUE](2); $member=allocation.newagents.Member@5c1e10f(9); $pid=0(9); $r=2(2); $pool=CommonPool 0 [resourceLevel=354.4894758740899, maxLevel=500.0](1); $iid=0(9)</declarations>
  <ruleFlowGroup>vote</ruleFlowGroup>
</org.drools.audit.event.ActivationLogEvent>
<org.drools.audit.event.ActivationLogEvent>
  <type>4</type>
  <activationId>Vote for RA method [1, 2, 10]</activationId>
  <rule>Vote for RA method</rule>
  <declarations>$i=Institution [id=0, state=CFV, round=2, allocationMethod=QUEUE](2); $member=allocation.newagents.Member@5c1e110(10); $pid=0(10); $r=2(2); $pool=CommonPool 0 [resourceLevel=354.4894758740899, maxLevel=500.0](1); $iid=0(10)</declarations>
  <ruleFlowGroup>vote</ruleFlowGroup>
</org.drools.audit.event.ActivationLogEvent>
<org.drools.audit.event.ActivationLogEvent>
  <type>4</type>
  <activationId>Vote for RA method [1, 2, 11]</activationId>
  <rule>Vote for RA method</rule>
  <declarations>$i=Institution [id=0, state=CFV, round=2, allocationMethod=QUEUE](2); $member=allocation.newagents.Member@5c1e111(11); $pid=0(11); $r=2(2); $pool=CommonPool 0 [resourceLevel=354.4894758740899, maxLevel=500.0](1); $iid=0(11)</declarations>
  <ruleFlowGroup>vote</ruleFlowGroup>
</org.drools.audit.event.ActivationLogEvent>
<org.drools.audit.event.ActivationLogEvent>
  <type>4</type>
  <activationId>Vote for RA method [1, 2, 12]</activationId>
  <rule>Vote for RA method</rule>
  <declarations>$i=Institution [id=0, state=CFV, round=2, allocationMethod=QUEUE](2); $member=allocation.newagents.Member@5c1e112(12); $pid=0(12); $r=2(2); $pool=CommonPool 0 [resourceLevel=354.4894758740899, maxLevel=500.0](1); $iid=0(12)</declarations>
  <ruleFlowGroup>vote</ruleFlowGroup>
</org.drools.audit.event.ActivationLogEvent>
<org.drools.audit.event.ActivationLogEvent>
  <type>4</type>
  <activationId>Member Demands [5, 1, 2]</activationId>
  <rule>Member Demands</rule>
  <declarations>$member=allocation.newagents.Head@5c1e10e(5); $inst=Institution [id=0, state=CFV, round=2, allocationMethod=QUEUE](2); $pools=[CommonPool 0 [resourceLevel=354.4894758740899, maxLevel=500.0]](2); $round=2(2); $pool=CommonPool 0 [resourceLevel=354.4894758740899, maxLevel=500.0](1); $iid=0(2)</declarations>
  <ruleFlowGroup>demand</ruleFlowGroup>
</org.drools.audit.event.ActivationLogEvent>
<org.drools.audit.event.ActivationLogEvent>
  <type>4</type>
  <activationId>Member Demands [9, 1, 2]</activationId>
  <rule>Member Demands</rule>
  <declarations>$member=allocation.newagents.Member@5c1e10f(9); $inst=Institution [id=0, state=CFV, round=2, allocationMethod=QUEUE](2); $pools=[CommonPool 0 [resourceLevel=354.4894758740899, maxLevel=500.0]](2); $round=2(2); $pool=CommonPool 0 [resourceLevel=354.4894758740899, maxLevel=500.0](1); $iid=0(2)</declarations>
  <ruleFlowGroup>demand</ruleFlowGroup>
</org.drools.audit.event.ActivationLogEvent>
<org.drools.audit.event.ActivationLogEvent>
  <type>4</type>
  <activationId>Member Demands [10, 1, 2]</activationId>
  <rule>Member Demands</rule>
  <declarations>$member=allocation.newagents.Member@5c1e110(10); $inst=Institution [id=0, state=CFV, round=2, allocationMethod=QUEUE](2); $pools=[CommonPool 0 [resourceLevel=354.4894758740899, maxLevel=500.0]](2); $round=2(2); $pool=CommonPool 0 [resourceLevel=354.4894758740899, maxLevel=500.0](1); $iid=0(2)</declarations>
  <ruleFlowGroup>demand</ruleFlowGroup>
</org.drools.audit.event.ActivationLogEvent>
<org.drools.audit.event.ActivationLogEvent>
  <type>4</type>
  <activationId>Member Demands [11, 1, 2]</activationId>
  <rule>Member Demands</rule>
  <declarations>$member=allocation.newagents.Member@5c1e111(11); $inst=Institution [id=0, state=CFV, round=2, allocationMethod=QUEUE](2); $pools=[CommonPool 0 [resourceLevel=354.4894758740899, maxLevel=500.0]](2); $round=2(2); $pool=CommonPool 0 [resourceLevel=354.4894758740899, maxLevel=500.0](1); $iid=0(2)</declarations>
  <ruleFlowGroup>demand</ruleFlowGroup>
</org.drools.audit.event.ActivationLogEvent>
<org.drools.audit.event.ActivationLogEvent>
  <type>4</type>
  <activationId>Member Demands [12, 1, 2]</activationId>
  <rule>Member Demands</rule>
  <declarations>$member=allocation.newagents.Member@5c1e112(12); $inst=Institution [id=0, state=CFV, round=2, allocationMethod=QUEUE](2); $pools=[CommonPool 0 [resourceLevel=354.4894758740899, maxLevel=500.0]](2); $round=2(2); $pool=CommonPool 0 [resourceLevel=354.4894758740899, maxLevel=500.0](1); $iid=0(2)</declarations>
  <ruleFlowGroup>demand</ruleFlowGroup>
</org.drools.audit.event.ActivationLogEvent>
<org.drools.audit.event.ActivationLogEvent>
  <type>4</type>
  <activationId>Do allocation - raMethod QUEUE [6, 5, 1, 2]</activationId>
  <rule>Do allocation - raMethod QUEUE</rule>
  <declarations>$hd=allocation.newagents.Head@5c1e10e(5); $inst=Institution [id=0, state=CFV, round=2, allocationMethod=QUEUE](2); $pools=[CommonPool 0 [resourceLevel=354.4894758740899, maxLevel=500.0]](2); $round=2(2); $demands=[Demand [quantity=0.0], Demand [quantity=53.05636375486642], Demand [quantity=52.166307022016454], Demand [quantity=51.15728759837802], Demand [quantity=46.25815257197513]](6); $pool=CommonPool 0 [resourceLevel=354.4894758740899, maxLevel=500.0](1); $iid=0(2)</declarations>
  <ruleFlowGroup>allocate</ruleFlowGroup>
</org.drools.audit.event.ActivationLogEvent>
<org.drools.audit.event.ObjectLogEvent>
  <type>2</type>
  <factId>1</factId>
  <objectToString>CommonPool 0 [resourceLevel=354.4894758740899, maxLevel=500.0]</objectToString>
</org.drools.audit.event.ObjectLogEvent>
<org.drools.audit.event.ActivationLogEvent>
  <type>7</type>
  <activationId>Member appropriation - allocated [189, 1, 2, 12]</activationId>
  <rule>Member appropriation - allocated</rule>
  <declarations>$all=Allocation [quantity=46.25815257197513, agent=elf 4, round=2](189); $i=Institution [id=0, state=CFV, round=2, allocationMethod=QUEUE](2); $member=allocation.newagents.Member@5c1e112(12); $pid=0(12); $round=2(2); $pool=CommonPool 0 [resourceLevel=354.4894758740899, maxLevel=500.0](1); $iid=0(12)</declarations>
  <ruleFlowGroup>appropriate</ruleFlowGroup>
</org.drools.audit.event.ActivationLogEvent>
<org.drools.audit.event.ActivationLogEvent>
  <type>6</type>
  <activationId>Member appropriation - allocated [188, 1, 2, 5]</activationId>
  <rule>Member appropriation - allocated</rule>
  <declarations>$all=Allocation [quantity=52.166307022016454, agent=elf 0, round=2](188); $i=Institution [id=0, state=CFV, round=2, allocationMethod=QUEUE](2); $member=allocation.newagents.Head@5c1e10e(5); $pid=0(5); $round=2(2); $pool=CommonPool 0 [resourceLevel=354.4894758740899, maxLevel=500.0](1); $iid=0(5)</declarations>
  <ruleFlowGroup>appropriate</ruleFlowGroup>
</org.drools.audit.event.ActivationLogEvent>
<org.drools.audit.event.ObjectLogEvent>
  <type>1</type>
  <factId>191</factId>
  <objectToString>Appropriated( agent=elf 0, round=2, quantity=52.166307022016454 )</objectToString>
</org.drools.audit.event.ObjectLogEvent>
<org.drools.audit.event.ObjectLogEvent>
  <type>2</type>
  <factId>1</factId>
  <objectToString>CommonPool 0 [resourceLevel=302.3231688520735, maxLevel=500.0]</objectToString>
</org.drools.audit.event.ObjectLogEvent>
<org.drools.audit.event.ActivationLogEvent>
  <type>7</type>
  <activationId>Member appropriation - allocated [188, 1, 2, 5]</activationId>
  <rule>Member appropriation - allocated</rule>
  <declarations>$all=Allocation [quantity=52.166307022016454, agent=elf 0, round=2](188); $i=Institution [id=0, state=CFV, round=2, allocationMethod=QUEUE](2); $member=allocation.newagents.Head@5c1e10e(5); $pid=0(5); $round=2(2); $pool=CommonPool 0 [resourceLevel=302.3231688520735, maxLevel=500.0](1); $iid=0(5)</declarations>
  <ruleFlowGroup>appropriate</ruleFlowGroup>
</org.drools.audit.event.ActivationLogEvent>
<org.drools.audit.event.ActivationLogEvent>
  <type>6</type>
  <activationId>Member appropriation - allocated [187, 1, 2, 10]</activationId>
  <rule>Member appropriation - allocated</rule>
  <declarations>$all=Allocation [quantity=53.05636375486642, agent=elf 2, round=2](187); $i=Institution [id=0, state=CFV, round=2, allocationMethod=QUEUE](2); $member=allocation.newagents.Member@5c1e110(10); $pid=0(10); $round=2(2); $pool=CommonPool 0 [resourceLevel=302.3231688520735, maxLevel=500.0](1); $iid=0(10)</declarations>
  <ruleFlowGroup>appropriate</ruleFlowGroup>
</org.drools.audit.event.ActivationLogEvent>
<org.drools.audit.event.ObjectLogEvent>
  <type>1</type>
  <factId>192</factId>
  <objectToString>Appropriated( agent=elf 2, round=2, quantity=53.05636375486642 )</objectToString>
</org.drools.audit.event.ObjectLogEvent>
<org.drools.audit.event.ObjectLogEvent>
  <type>2</type>
  <factId>1</factId>
  <objectToString>CommonPool 0 [resourceLevel=249.26680509720705, maxLevel=500.0]</objectToString>
</org.drools.audit.event.ObjectLogEvent>
<org.drools.audit.event.ActivationLogEvent>
  <type>7</type>
  <activationId>Member appropriation - allocated [187, 1, 2, 10]</activationId>
  <rule>Member appropriation - allocated</rule>
  <declarations>$all=Allocation [quantity=53.05636375486642, agent=elf 2, round=2](187); $i=Institution [id=0, state=CFV, round=2, allocationMethod=QUEUE](2); $member=allocation.newagents.Member@5c1e110(10); $pid=0(10); $round=2(2); $pool=CommonPool 0 [resourceLevel=249.26680509720705, maxLevel=500.0](1); $iid=0(10)</declarations>
  <ruleFlowGroup>appropriate</ruleFlowGroup>
</org.drools.audit.event.ActivationLogEvent>
<org.drools.audit.event.ActivationLogEvent>
  <type>6</type>
  <activationId>Member appropriation - allocated [186, 1, 2, 9]</activationId>
  <rule>Member appropriation - allocated</rule>
  <declarations>$all=Allocation [quantity=0.0, agent=elf 1, round=2](186); $i=Institution [id=0, state=CFV, round=2, allocationMethod=QUEUE](2); $member=allocation.newagents.Member@5c1e10f(9); $pid=0(9); $round=2(2); $pool=CommonPool 0 [resourceLevel=249.26680509720705, maxLevel=500.0](1); $iid=0(9)</declarations>
  <ruleFlowGroup>appropriate</ruleFlowGroup>
</org.drools.audit.event.ActivationLogEvent>
<org.drools.audit.event.ObjectLogEvent>
  <type>1</type>
  <factId>193</factId>
  <objectToString>Appropriated( agent=elf 1, round=2, quantity=0.0 )</objectToString>
</org.drools.audit.event.ObjectLogEvent>
<org.drools.audit.event.ObjectLogEvent>
  <type>2</type>
  <factId>1</factId>
  <objectToString>CommonPool 0 [resourceLevel=249.26680509720705, maxLevel=500.0]</objectToString>
</org.drools.audit.event.ObjectLogEvent>
<org.drools.audit.event.ActivationLogEvent>
  <type>7</type>
  <activationId>Member appropriation - allocated [186, 1, 2, 9]</activationId>
  <rule>Member appropriation - allocated</rule>
  <declarations>$all=Allocation [quantity=0.0, agent=elf 1, round=2](186); $i=Institution [id=0, state=CFV, round=2, allocationMethod=QUEUE](2); $member=allocation.newagents.Member@5c1e10f(9); $pid=0(9); $round=2(2); $pool=CommonPool 0 [resourceLevel=249.26680509720705, maxLevel=500.0](1); $iid=0(9)</declarations>
  <ruleFlowGroup>appropriate</ruleFlowGroup>
</org.drools.audit.event.ActivationLogEvent>
<org.drools.audit.event.ActivationLogEvent>
  <type>6</type>
  <activationId>Member appropriation - allocated [185, 1, 2, 11]</activationId>
  <rule>Member appropriation - allocated</rule>
  <declarations>$all=Allocation [quantity=51.15728759837802, agent=elf 3, round=2](185); $i=Institution [id=0, state=CFV, round=2, allocationMethod=QUEUE](2); $member=allocation.newagents.Member@5c1e111(11); $pid=0(11); $round=2(2); $pool=CommonPool 0 [resourceLevel=249.26680509720705, maxLevel=500.0](1); $iid=0(11)</declarations>
  <ruleFlowGroup>appropriate</ruleFlowGroup>
</org.drools.audit.event.ActivationLogEvent>
<org.drools.audit.event.ObjectLogEvent>
  <type>1</type>
  <factId>194</factId>
  <objectToString>Appropriated( agent=elf 3, round=2, quantity=51.15728759837802 )</objectToString>
</org.drools.audit.event.ObjectLogEvent>
<org.drools.audit.event.ObjectLogEvent>
  <type>2</type>
  <factId>1</factId>
  <objectToString>CommonPool 0 [resourceLevel=198.10951749882904, maxLevel=500.0]</objectToString>
</org.drools.audit.event.ObjectLogEvent>
<org.drools.audit.event.ActivationLogEvent>
  <type>7</type>
  <activationId>Member appropriation - allocated [185, 1, 2, 11]</activationId>
  <rule>Member appropriation - allocated</rule>
  <declarations>$all=Allocation [quantity=51.15728759837802, agent=elf 3, round=2](185); $i=Institution [id=0, state=CFV, round=2, allocationMethod=QUEUE](2); $member=allocation.newagents.Member@5c1e111(11); $pid=0(11); $round=2(2); $pool=CommonPool 0 [resourceLevel=198.10951749882904, maxLevel=500.0](1); $iid=0(11)</declarations>
  <ruleFlowGroup>appropriate</ruleFlowGroup>
</org.drools.audit.event.ActivationLogEvent>
<org.drools.audit.event.ActivationLogEvent>
  <type>6</type>
  <activationId>Monitor agents [142, 141, 1, 5, 2]</activationId>
  <rule>Monitor agents</rule>
  <declarations>$members=[allocation.newagents.Head@5c1e10e, allocation.newagents.Member@5c1e10f, allocation.newagents.Member@5c1e111, allocation.newagents.Member@5c1e110, allocation.newagents.Member@5c1e112](141); $i=Institution [id=0, state=CFV, round=2, allocationMethod=QUEUE](2); $head=allocation.newagents.Head@5c1e10e(5); $pid=0(5); $round=2(2); $pool=CommonPool 0 [resourceLevel=198.10951749882904, maxLevel=500.0](1); $iid=0(2); $nonMembers=[allocation.newagents.NonMember@38f9281, allocation.newagents.NonMember@38f9280, allocation.newagents.Head@5c1e10e, allocation.newagents.Member@5c1e10f, allocation.newagents.Member@5c1e111, allocation.newagents.Member@5c1e110, allocation.newagents.Member@5c1e112](142)</declarations>
  <ruleFlowGroup>appropriate</ruleFlowGroup>
</org.drools.audit.event.ActivationLogEvent>
<org.drools.audit.event.ActivationLogEvent>
  <type>4</type>
  <activationId>Deduct member monitoring cost [1, 9, 195, 2]</activationId>
  <rule>Deduct member monitoring cost</rule>
  <declarations>$i=Institution [id=0, state=CFV, round=2, allocationMethod=QUEUE](2); $name=elf 1(195); $pid=0(9); $round=2(2); $pool=CommonPool 0 [resourceLevel=198.10951749882904, maxLevel=500.0](1); $m=Monitored( agent=elf 1, round=2 )(195); $iid=0(2)</declarations>
  <ruleFlowGroup>appropriate</ruleFlowGroup>
</org.drools.audit.event.ActivationLogEvent>
<org.drools.audit.event.ObjectLogEvent>
  <type>1</type>
  <factId>195</factId>
  <objectToString>Monitored( agent=elf 1, round=2 )</objectToString>
</org.drools.audit.event.ObjectLogEvent>
<org.drools.audit.event.ActivationLogEvent>
  <type>4</type>
  <activationId>Deduct member monitoring cost [1, 10, 196, 2]</activationId>
  <rule>Deduct member monitoring cost</rule>
  <declarations>$i=Institution [id=0, state=CFV, round=2, allocationMethod=QUEUE](2); $name=elf 2(196); $pid=0(10); $round=2(2); $pool=CommonPool 0 [resourceLevel=198.10951749882904, maxLevel=500.0](1); $m=Monitored( agent=elf 2, round=2 )(196); $iid=0(2)</declarations>
  <ruleFlowGroup>appropriate</ruleFlowGroup>
</org.drools.audit.event.ActivationLogEvent>
<org.drools.audit.event.ObjectLogEvent>
  <type>1</type>
  <factId>196</factId>
  <objectToString>Monitored( agent=elf 2, round=2 )</objectToString>
</org.drools.audit.event.ObjectLogEvent>
<org.drools.audit.event.ActivationLogEvent>
  <type>4</type>
  <activationId>Deduct member monitoring cost [1, 12, 197, 2]</activationId>
  <rule>Deduct member monitoring cost</rule>
  <declarations>$i=Institution [id=0, state=CFV, round=2, allocationMethod=QUEUE](2); $name=elf 4(197); $pid=0(12); $round=2(2); $pool=CommonPool 0 [resourceLevel=198.10951749882904, maxLevel=500.0](1); $m=Monitored( agent=elf 4, round=2 )(197); $iid=0(2)</declarations>
  <ruleFlowGroup>appropriate</ruleFlowGroup>
</org.drools.audit.event.ActivationLogEvent>
<org.drools.audit.event.ObjectLogEvent>
  <type>1</type>
  <factId>197</factId>
  <objectToString>Monitored( agent=elf 4, round=2 )</objectToString>
</org.drools.audit.event.ObjectLogEvent>
<org.drools.audit.event.ObjectLogEvent>
  <type>1</type>
  <factId>198</factId>
  <objectToString>TaskExecuted( institution=Institution [id=0, state=CFV, round=2, allocationMethod=QUEUE], task=monitor, round=2 )</objectToString>
</org.drools.audit.event.ObjectLogEvent>
<org.drools.audit.event.ActivationLogEvent>
  <type>7</type>
  <activationId>Monitor agents [142, 141, 1, 5, 2]</activationId>
  <rule>Monitor agents</rule>
  <declarations>$members=[allocation.newagents.Head@5c1e10e, allocation.newagents.Member@5c1e10f, allocation.newagents.Member@5c1e111, allocation.newagents.Member@5c1e110, allocation.newagents.Member@5c1e112](141); $i=Institution [id=0, state=CFV, round=2, allocationMethod=QUEUE](2); $head=allocation.newagents.Head@5c1e10e(5); $pid=0(5); $round=2(2); $pool=CommonPool 0 [resourceLevel=198.10951749882904, maxLevel=500.0](1); $iid=0(2); $nonMembers=[allocation.newagents.NonMember@38f9281, allocation.newagents.NonMember@38f9280, allocation.newagents.Head@5c1e10e, allocation.newagents.Member@5c1e10f, allocation.newagents.Member@5c1e111, allocation.newagents.Member@5c1e110, allocation.newagents.Member@5c1e112](142)</declarations>
  <ruleFlowGroup>appropriate</ruleFlowGroup>
</org.drools.audit.event.ActivationLogEvent>
<org.drools.audit.event.ActivationLogEvent>
  <type>6</type>
  <activationId>NonMember appropriation [1, 14, 4]</activationId>
  <rule>NonMember appropriation</rule>
  <declarations>$t=2(4); $pid=0(14); $nonmember=allocation.newagents.NonMember@38f9281(14); $pool=CommonPool 0 [resourceLevel=198.10951749882904, maxLevel=500.0](1)</declarations>
  <ruleFlowGroup>appropriate</ruleFlowGroup>
</org.drools.audit.event.ActivationLogEvent>
<org.drools.audit.event.ObjectLogEvent>
  <type>1</type>
  <factId>199</factId>
  <objectToString>Appropriated( agent=outelf 1, round=2, quantity=55.50693178301821 )</objectToString>
</org.drools.audit.event.ObjectLogEvent>
<org.drools.audit.event.ObjectLogEvent>
  <type>2</type>
  <factId>1</factId>
  <objectToString>CommonPool 0 [resourceLevel=142.60258571581082, maxLevel=500.0]</objectToString>
</org.drools.audit.event.ObjectLogEvent>
<org.drools.audit.event.ActivationLogEvent>
  <type>7</type>
  <activationId>NonMember appropriation [1, 14, 4]</activationId>
  <rule>NonMember appropriation</rule>
  <declarations>$t=2(4); $pid=0(14); $nonmember=allocation.newagents.NonMember@38f9281(14); $pool=CommonPool 0 [resourceLevel=142.60258571581082, maxLevel=500.0](1)</declarations>
  <ruleFlowGroup>appropriate</ruleFlowGroup>
</org.drools.audit.event.ActivationLogEvent>
<org.drools.audit.event.ActivationLogEvent>
  <type>6</type>
  <activationId>NonMember appropriation [1, 13, 4]</activationId>
  <rule>NonMember appropriation</rule>
  <declarations>$t=2(4); $pid=0(13); $nonmember=allocation.newagents.NonMember@38f9280(13); $pool=CommonPool 0 [resourceLevel=142.60258571581082, maxLevel=500.0](1)</declarations>
  <ruleFlowGroup>appropriate</ruleFlowGroup>
</org.drools.audit.event.ActivationLogEvent>
<org.drools.audit.event.ObjectLogEvent>
  <type>1</type>
  <factId>200</factId>
  <objectToString>Appropriated( agent=outelf 0, round=2, quantity=0.0 )</objectToString>
</org.drools.audit.event.ObjectLogEvent>
<org.drools.audit.event.ObjectLogEvent>
  <type>2</type>
  <factId>1</factId>
  <objectToString>CommonPool 0 [resourceLevel=142.60258571581082, maxLevel=500.0]</objectToString>
</org.drools.audit.event.ObjectLogEvent>
<org.drools.audit.event.ActivationLogEvent>
  <type>7</type>
  <activationId>NonMember appropriation [1, 13, 4]</activationId>
  <rule>NonMember appropriation</rule>
  <declarations>$t=2(4); $pid=0(13); $nonmember=allocation.newagents.NonMember@38f9280(13); $pool=CommonPool 0 [resourceLevel=142.60258571581082, maxLevel=500.0](1)</declarations>
  <ruleFlowGroup>appropriate</ruleFlowGroup>
</org.drools.audit.event.ActivationLogEvent>
<org.drools.audit.event.ActivationLogEvent>
  <type>6</type>
  <activationId>Deduct member monitoring cost [1, 12, 197, 2]</activationId>
  <rule>Deduct member monitoring cost</rule>
  <declarations>$i=Institution [id=0, state=CFV, round=2, allocationMethod=QUEUE](2); $name=elf 4(197); $pid=0(12); $round=2(2); $pool=CommonPool 0 [resourceLevel=142.60258571581082, maxLevel=500.0](1); $m=Monitored( agent=elf 4, round=2 )(197); $iid=0(2)</declarations>
  <ruleFlowGroup>appropriate</ruleFlowGroup>
</org.drools.audit.event.ActivationLogEvent>
<org.drools.audit.event.ObjectLogEvent>
  <type>2</type>
  <factId>1</factId>
  <objectToString>CommonPool 0 [resourceLevel=137.60258571581082, maxLevel=500.0]</objectToString>
</org.drools.audit.event.ObjectLogEvent>
<org.drools.audit.event.ObjectLogEvent>
  <type>1</type>
  <factId>201</factId>
  <objectToString>Deducted( monitor=Monitored( agent=elf 4, round=2 ) )</objectToString>
</org.drools.audit.event.ObjectLogEvent>
<org.drools.audit.event.ActivationLogEvent>
  <type>7</type>
  <activationId>Deduct member monitoring cost [1, 12, 197, 2]</activationId>
  <rule>Deduct member monitoring cost</rule>
  <declarations>$i=Institution [id=0, state=CFV, round=2, allocationMethod=QUEUE](2); $name=elf 4(197); $pid=0(12); $round=2(2); $pool=CommonPool 0 [resourceLevel=137.60258571581082, maxLevel=500.0](1); $m=Monitored( agent=elf 4, round=2 )(197); $iid=0(2)</declarations>
  <ruleFlowGroup>appropriate</ruleFlowGroup>
</org.drools.audit.event.ActivationLogEvent>
<org.drools.audit.event.ActivationLogEvent>
  <type>6</type>
  <activationId>Deduct member monitoring cost [1, 10, 196, 2]</activationId>
  <rule>Deduct member monitoring cost</rule>
  <declarations>$i=Institution [id=0, state=CFV, round=2, allocationMethod=QUEUE](2); $name=elf 2(196); $pid=0(10); $round=2(2); $pool=CommonPool 0 [resourceLevel=137.60258571581082, maxLevel=500.0](1); $m=Monitored( agent=elf 2, round=2 )(196); $iid=0(2)</declarations>
  <ruleFlowGroup>appropriate</ruleFlowGroup>
</org.drools.audit.event.ActivationLogEvent>
<org.drools.audit.event.ObjectLogEvent>
  <type>2</type>
  <factId>1</factId>
  <objectToString>CommonPool 0 [resourceLevel=132.60258571581082, maxLevel=500.0]</objectToString>
</org.drools.audit.event.ObjectLogEvent>
<org.drools.audit.event.ObjectLogEvent>
  <type>1</type>
  <factId>202</factId>
  <objectToString>Deducted( monitor=Monitored( agent=elf 2, round=2 ) )</objectToString>
</org.drools.audit.event.ObjectLogEvent>
<org.drools.audit.event.ActivationLogEvent>
  <type>7</type>
  <activationId>Deduct member monitoring cost [1, 10, 196, 2]</activationId>
  <rule>Deduct member monitoring cost</rule>
  <declarations>$i=Institution [id=0, state=CFV, round=2, allocationMethod=QUEUE](2); $name=elf 2(196); $pid=0(10); $round=2(2); $pool=CommonPool 0 [resourceLevel=132.60258571581082, maxLevel=500.0](1); $m=Monitored( agent=elf 2, round=2 )(196); $iid=0(2)</declarations>
  <ruleFlowGroup>appropriate</ruleFlowGroup>
</org.drools.audit.event.ActivationLogEvent>
<org.drools.audit.event.ActivationLogEvent>
  <type>6</type>
  <activationId>Deduct member monitoring cost [1, 9, 195, 2]</activationId>
  <rule>Deduct member monitoring cost</rule>
  <declarations>$i=Institution [id=0, state=CFV, round=2, allocationMethod=QUEUE](2); $name=elf 1(195); $pid=0(9); $round=2(2); $pool=CommonPool 0 [resourceLevel=132.60258571581082, maxLevel=500.0](1); $m=Monitored( agent=elf 1, round=2 )(195); $iid=0(2)</declarations>
  <ruleFlowGroup>appropriate</ruleFlowGroup>
</org.drools.audit.event.ActivationLogEvent>
<org.drools.audit.event.ObjectLogEvent>
  <type>2</type>
  <factId>1</factId>
  <objectToString>CommonPool 0 [resourceLevel=127.60258571581082, maxLevel=500.0]</objectToString>
</org.drools.audit.event.ObjectLogEvent>
<org.drools.audit.event.ObjectLogEvent>
  <type>1</type>
  <factId>203</factId>
  <objectToString>Deducted( monitor=Monitored( agent=elf 1, round=2 ) )</objectToString>
</org.drools.audit.event.ObjectLogEvent>
<org.drools.audit.event.ActivationLogEvent>
  <type>7</type>
  <activationId>Deduct member monitoring cost [1, 9, 195, 2]</activationId>
  <rule>Deduct member monitoring cost</rule>
  <declarations>$i=Institution [id=0, state=CFV, round=2, allocationMethod=QUEUE](2); $name=elf 1(195); $pid=0(9); $round=2(2); $pool=CommonPool 0 [resourceLevel=127.60258571581082, maxLevel=500.0](1); $m=Monitored( agent=elf 1, round=2 )(195); $iid=0(2)</declarations>
  <ruleFlowGroup>appropriate</ruleFlowGroup>
</org.drools.audit.event.ActivationLogEvent>
<org.drools.audit.event.RuleFlowGroupLogEvent>
  <type>14</type>
  <groupName>appropriate</groupName>
  <size>0</size>
</org.drools.audit.event.RuleFlowGroupLogEvent>
<org.drools.audit.event.RuleFlowGroupLogEvent>
  <type>15</type>
  <groupName>appropriate</groupName>
  <size>0</size>
</org.drools.audit.event.RuleFlowGroupLogEvent>
<org.drools.audit.event.RuleFlowNodeLogEvent>
  <type>26</type>
  <processId>allocation.Simulation</processId>
  <processName>Simulation</processName>
  <processInstanceId>3</processInstanceId>
  <nodeId>9</nodeId>
  <nodeName>Appropriate</nodeName>
  <nodeInstanceId>6</nodeInstanceId>
</org.drools.audit.event.RuleFlowNodeLogEvent>
<org.drools.audit.event.RuleFlowNodeLogEvent>
  <type>24</type>
  <processId>allocation.Simulation</processId>
  <processName>Simulation</processName>
  <processInstanceId>3</processInstanceId>
  <nodeId>10</nodeId>
  <nodeName>Report</nodeName>
  <nodeInstanceId>7</nodeInstanceId>
</org.drools.audit.event.RuleFlowNodeLogEvent>
<org.drools.audit.event.RuleFlowGroupLogEvent>
  <type>12</type>
  <groupName>report</groupName>
  <size>0</size>
</org.drools.audit.event.RuleFlowGroupLogEvent>
<org.drools.audit.event.RuleFlowGroupLogEvent>
  <type>13</type>
  <groupName>report</groupName>
  <size>0</size>
</org.drools.audit.event.RuleFlowGroupLogEvent>
<org.drools.audit.event.RuleFlowNodeLogEvent>
  <type>25</type>
  <processId>allocation.Simulation</processId>
  <processName>Simulation</processName>
  <processInstanceId>3</processInstanceId>
  <nodeId>10</nodeId>
  <nodeName>Report</nodeName>
  <nodeInstanceId>7</nodeInstanceId>
</org.drools.audit.event.RuleFlowNodeLogEvent>
<org.drools.audit.event.RuleFlowNodeLogEvent>
  <type>27</type>
  <processId>allocation.Simulation</processId>
  <processName>Simulation</processName>
  <processInstanceId>3</processInstanceId>
  <nodeId>9</nodeId>
  <nodeName>Appropriate</nodeName>
  <nodeInstanceId>6</nodeInstanceId>
</org.drools.audit.event.RuleFlowNodeLogEvent>
<org.drools.audit.event.RuleFlowGroupLogEvent>
  <type>14</type>
  <groupName>report</groupName>
  <size>0</size>
</org.drools.audit.event.RuleFlowGroupLogEvent>
<org.drools.audit.event.RuleFlowGroupLogEvent>
  <type>15</type>
  <groupName>report</groupName>
  <size>0</size>
</org.drools.audit.event.RuleFlowGroupLogEvent>
<org.drools.audit.event.RuleFlowNodeLogEvent>
  <type>26</type>
  <processId>allocation.Simulation</processId>
  <processName>Simulation</processName>
  <processInstanceId>3</processInstanceId>
  <nodeId>10</nodeId>
  <nodeName>Report</nodeName>
  <nodeInstanceId>7</nodeInstanceId>
</org.drools.audit.event.RuleFlowNodeLogEvent>
<org.drools.audit.event.RuleFlowNodeLogEvent>
  <type>24</type>
  <processId>allocation.Simulation</processId>
  <processName>Simulation</processName>
  <processInstanceId>3</processInstanceId>
  <nodeId>11</nodeId>
  <nodeName>Appeal</nodeName>
  <nodeInstanceId>8</nodeInstanceId>
</org.drools.audit.event.RuleFlowNodeLogEvent>
<org.drools.audit.event.RuleFlowGroupLogEvent>
  <type>12</type>
  <groupName>appeal</groupName>
  <size>0</size>
</org.drools.audit.event.RuleFlowGroupLogEvent>
<org.drools.audit.event.RuleFlowGroupLogEvent>
  <type>13</type>
  <groupName>appeal</groupName>
  <size>0</size>
</org.drools.audit.event.RuleFlowGroupLogEvent>
<org.drools.audit.event.RuleFlowNodeLogEvent>
  <type>25</type>
  <processId>allocation.Simulation</processId>
  <processName>Simulation</processName>
  <processInstanceId>3</processInstanceId>
  <nodeId>11</nodeId>
  <nodeName>Appeal</nodeName>
  <nodeInstanceId>8</nodeInstanceId>
</org.drools.audit.event.RuleFlowNodeLogEvent>
<org.drools.audit.event.RuleFlowNodeLogEvent>
  <type>27</type>
  <processId>allocation.Simulation</processId>
  <processName>Simulation</processName>
  <processInstanceId>3</processInstanceId>
  <nodeId>10</nodeId>
  <nodeName>Report</nodeName>
  <nodeInstanceId>7</nodeInstanceId>
</org.drools.audit.event.RuleFlowNodeLogEvent>
<org.drools.audit.event.RuleFlowGroupLogEvent>
  <type>14</type>
  <groupName>appeal</groupName>
  <size>0</size>
</org.drools.audit.event.RuleFlowGroupLogEvent>
<org.drools.audit.event.RuleFlowGroupLogEvent>
  <type>15</type>
  <groupName>appeal</groupName>
  <size>0</size>
</org.drools.audit.event.RuleFlowGroupLogEvent>
<org.drools.audit.event.RuleFlowNodeLogEvent>
  <type>26</type>
  <processId>allocation.Simulation</processId>
  <processName>Simulation</processName>
  <processInstanceId>3</processInstanceId>
  <nodeId>11</nodeId>
  <nodeName>Appeal</nodeName>
  <nodeInstanceId>8</nodeInstanceId>
</org.drools.audit.event.RuleFlowNodeLogEvent>
<org.drools.audit.event.RuleFlowNodeLogEvent>
  <type>24</type>
  <processId>allocation.Simulation</processId>
  <processName>Simulation</processName>
  <processInstanceId>3</processInstanceId>
  <nodeId>12</nodeId>
  <nodeName>Exclude</nodeName>
  <nodeInstanceId>9</nodeInstanceId>
</org.drools.audit.event.RuleFlowNodeLogEvent>
<org.drools.audit.event.RuleFlowGroupLogEvent>
  <type>12</type>
  <groupName>exclude</groupName>
  <size>0</size>
</org.drools.audit.event.RuleFlowGroupLogEvent>
<org.drools.audit.event.RuleFlowGroupLogEvent>
  <type>13</type>
  <groupName>exclude</groupName>
  <size>0</size>
</org.drools.audit.event.RuleFlowGroupLogEvent>
<org.drools.audit.event.RuleFlowNodeLogEvent>
  <type>25</type>
  <processId>allocation.Simulation</processId>
  <processName>Simulation</processName>
  <processInstanceId>3</processInstanceId>
  <nodeId>12</nodeId>
  <nodeName>Exclude</nodeName>
  <nodeInstanceId>9</nodeInstanceId>
</org.drools.audit.event.RuleFlowNodeLogEvent>
<org.drools.audit.event.RuleFlowNodeLogEvent>
  <type>27</type>
  <processId>allocation.Simulation</processId>
  <processName>Simulation</processName>
  <processInstanceId>3</processInstanceId>
  <nodeId>11</nodeId>
  <nodeName>Appeal</nodeName>
  <nodeInstanceId>8</nodeInstanceId>
</org.drools.audit.event.RuleFlowNodeLogEvent>
<org.drools.audit.event.RuleFlowGroupLogEvent>
  <type>14</type>
  <groupName>exclude</groupName>
  <size>0</size>
</org.drools.audit.event.RuleFlowGroupLogEvent>
<org.drools.audit.event.RuleFlowGroupLogEvent>
  <type>15</type>
  <groupName>exclude</groupName>
  <size>0</size>
</org.drools.audit.event.RuleFlowGroupLogEvent>
<org.drools.audit.event.RuleFlowNodeLogEvent>
  <type>26</type>
  <processId>allocation.Simulation</processId>
  <processName>Simulation</processName>
  <processInstanceId>3</processInstanceId>
  <nodeId>12</nodeId>
  <nodeName>Exclude</nodeName>
  <nodeInstanceId>9</nodeInstanceId>
</org.drools.audit.event.RuleFlowNodeLogEvent>
<org.drools.audit.event.RuleFlowNodeLogEvent>
  <type>24</type>
  <processId>allocation.Simulation</processId>
  <processName>Simulation</processName>
  <processInstanceId>3</processInstanceId>
  <nodeId>4</nodeId>
  <nodeName>End</nodeName>
  <nodeInstanceId>10</nodeInstanceId>
</org.drools.audit.event.RuleFlowNodeLogEvent>
<org.drools.audit.event.RuleFlowNodeLogEvent>
  <type>26</type>
  <processId>allocation.Simulation</processId>
  <processName>Simulation</processName>
  <processInstanceId>3</processInstanceId>
  <nodeId>4</nodeId>
  <nodeName>End</nodeName>
  <nodeInstanceId>10</nodeInstanceId>
</org.drools.audit.event.RuleFlowNodeLogEvent>
<org.drools.audit.event.RuleFlowLogEvent>
  <type>10</type>
  <processId>allocation.Simulation</processId>
  <processName>Simulation</processName>
  <processInstanceId>3</processInstanceId>
</org.drools.audit.event.RuleFlowLogEvent>
<org.drools.audit.event.RuleFlowLogEvent>
  <type>11</type>
  <processId>allocation.Simulation</processId>
  <processName>Simulation</processName>
  <processInstanceId>3</processInstanceId>
</org.drools.audit.event.RuleFlowLogEvent>
<org.drools.audit.event.RuleFlowNodeLogEvent>
  <type>27</type>
  <processId>allocation.Simulation</processId>
  <processName>Simulation</processName>
  <processInstanceId>3</processInstanceId>
  <nodeId>4</nodeId>
  <nodeName>End</nodeName>
  <nodeInstanceId>10</nodeInstanceId>
</org.drools.audit.event.RuleFlowNodeLogEvent>
<org.drools.audit.event.RuleFlowNodeLogEvent>
  <type>25</type>
  <processId>allocation.Simulation</processId>
  <processName>Simulation</processName>
  <processInstanceId>3</processInstanceId>
  <nodeId>4</nodeId>
  <nodeName>End</nodeName>
  <nodeInstanceId>10</nodeInstanceId>
</org.drools.audit.event.RuleFlowNodeLogEvent>
<org.drools.audit.event.RuleFlowNodeLogEvent>
  <type>27</type>
  <processId>allocation.Simulation</processId>
  <processName>Simulation</processName>
  <processInstanceId>3</processInstanceId>
  <nodeId>12</nodeId>
  <nodeName>Exclude</nodeName>
  <nodeInstanceId>9</nodeInstanceId>
</org.drools.audit.event.RuleFlowNodeLogEvent>
<org.drools.audit.event.ActivationLogEvent>
  <type>4</type>
  <activationId>Refill pool [2, 1, 4]</activationId>
  <rule>Refill pool</rule>
  <declarations>$t=3(4); $pool=CommonPool 0 [resourceLevel=127.60258571581082, maxLevel=500.0](1)</declarations>
  <ruleFlowGroup>init</ruleFlowGroup>
</org.drools.audit.event.ActivationLogEvent>
<org.drools.audit.event.ActivationLogEvent>
  <type>4</type>
  <activationId>NonMember appropriation [1, 13, 4]</activationId>
  <rule>NonMember appropriation</rule>
  <declarations>$t=3(4); $pid=0(13); $nonmember=allocation.newagents.NonMember@38f9280(13); $pool=CommonPool 0 [resourceLevel=127.60258571581082, maxLevel=500.0](1)</declarations>
  <ruleFlowGroup>appropriate</ruleFlowGroup>
</org.drools.audit.event.ActivationLogEvent>
<org.drools.audit.event.ActivationLogEvent>
  <type>4</type>
  <activationId>NonMember appropriation [1, 14, 4]</activationId>
  <rule>NonMember appropriation</rule>
  <declarations>$t=3(4); $pid=0(14); $nonmember=allocation.newagents.NonMember@38f9281(14); $pool=CommonPool 0 [resourceLevel=127.60258571581082, maxLevel=500.0](1)</declarations>
  <ruleFlowGroup>appropriate</ruleFlowGroup>
</org.drools.audit.event.ActivationLogEvent>
<org.drools.audit.event.ActivationLogEvent>
  <type>4</type>
  <activationId>Increment round [2, 4]</activationId>
  <rule>Increment round</rule>
  <declarations>$i=Institution [id=0, state=CFV, round=2, allocationMethod=QUEUE](2); $t=3(4)</declarations>
  <ruleFlowGroup>init</ruleFlowGroup>
</org.drools.audit.event.ActivationLogEvent>
<org.drools.audit.event.ActivationLogEvent>
  <type>4</type>
  <activationId>Call for votes [2, 5, 4]</activationId>
  <rule>Call for votes</rule>
  <declarations>$i=Institution [id=0, state=CFV, round=2, allocationMethod=QUEUE](2); $head=allocation.newagents.Head@5c1e10e(5); $iid=0(5)</declarations>
  <ruleFlowGroup>cfv</ruleFlowGroup>
</org.drools.audit.event.ActivationLogEvent>
<org.drools.audit.event.ObjectLogEvent>
  <type>2</type>
  <factId>4</factId>
  <objectToString>3</objectToString>
</org.drools.audit.event.ObjectLogEvent>
<org.drools.audit.event.RuleFlowLogEvent>
  <type>8</type>
  <processId>allocation.Simulation</processId>
  <processName>Simulation</processName>
  <processInstanceId>4</processInstanceId>
</org.drools.audit.event.RuleFlowLogEvent>
<org.drools.audit.event.RuleFlowNodeLogEvent>
  <type>24</type>
  <processId>allocation.Simulation</processId>
  <processName>Simulation</processName>
  <processInstanceId>4</processInstanceId>
  <nodeId>1</nodeId>
  <nodeName>Start</nodeName>
  <nodeInstanceId>0</nodeInstanceId>
</org.drools.audit.event.RuleFlowNodeLogEvent>
<org.drools.audit.event.RuleFlowNodeLogEvent>
  <type>26</type>
  <processId>allocation.Simulation</processId>
  <processName>Simulation</processName>
  <processInstanceId>4</processInstanceId>
  <nodeId>1</nodeId>
  <nodeName>Start</nodeName>
  <nodeInstanceId>0</nodeInstanceId>
</org.drools.audit.event.RuleFlowNodeLogEvent>
<org.drools.audit.event.RuleFlowNodeLogEvent>
  <type>24</type>
  <processId>allocation.Simulation</processId>
  <processName>Simulation</processName>
  <processInstanceId>4</processInstanceId>
  <nodeId>3</nodeId>
  <nodeName>Init</nodeName>
  <nodeInstanceId>1</nodeInstanceId>
</org.drools.audit.event.RuleFlowNodeLogEvent>
<org.drools.audit.event.RuleFlowGroupLogEvent>
  <type>12</type>
  <groupName>init</groupName>
  <size>3</size>
</org.drools.audit.event.RuleFlowGroupLogEvent>
<org.drools.audit.event.RuleFlowGroupLogEvent>
  <type>13</type>
  <groupName>init</groupName>
  <size>3</size>
</org.drools.audit.event.RuleFlowGroupLogEvent>
<org.drools.audit.event.RuleFlowNodeLogEvent>
  <type>25</type>
  <processId>allocation.Simulation</processId>
  <processName>Simulation</processName>
  <processInstanceId>4</processInstanceId>
  <nodeId>3</nodeId>
  <nodeName>Init</nodeName>
  <nodeInstanceId>1</nodeInstanceId>
</org.drools.audit.event.RuleFlowNodeLogEvent>
<org.drools.audit.event.RuleFlowNodeLogEvent>
  <type>27</type>
  <processId>allocation.Simulation</processId>
  <processName>Simulation</processName>
  <processInstanceId>4</processInstanceId>
  <nodeId>1</nodeId>
  <nodeName>Start</nodeName>
  <nodeInstanceId>0</nodeInstanceId>
</org.drools.audit.event.RuleFlowNodeLogEvent>
<org.drools.audit.event.RuleFlowNodeLogEvent>
  <type>25</type>
  <processId>allocation.Simulation</processId>
  <processName>Simulation</processName>
  <processInstanceId>4</processInstanceId>
  <nodeId>1</nodeId>
  <nodeName>Start</nodeName>
  <nodeInstanceId>0</nodeInstanceId>
</org.drools.audit.event.RuleFlowNodeLogEvent>
<org.drools.audit.event.RuleFlowLogEvent>
  <type>9</type>
  <processId>allocation.Simulation</processId>
  <processName>Simulation</processName>
  <processInstanceId>4</processInstanceId>
</org.drools.audit.event.RuleFlowLogEvent>
<org.drools.audit.event.ActivationLogEvent>
  <type>6</type>
  <activationId>Increment round [2, 4]</activationId>
  <rule>Increment round</rule>
  <declarations>$i=Institution [id=0, state=CFV, round=2, allocationMethod=QUEUE](2); $t=3(4)</declarations>
  <ruleFlowGroup>init</ruleFlowGroup>
</org.drools.audit.event.ActivationLogEvent>
<org.drools.audit.event.ActivationLogEvent>
  <type>5</type>
  <activationId>Do allocation - raMethod QUEUE [6, 5, 1, 2]</activationId>
  <rule>Do allocation - raMethod QUEUE</rule>
  <declarations>$hd=allocation.newagents.Head@5c1e10e(5); $inst=Institution [id=0, state=CFV, round=3, allocationMethod=QUEUE](2); $pools=[CommonPool 0 [resourceLevel=127.60258571581082, maxLevel=500.0]](2); $round=3(2); $demands=[](6); $pool=CommonPool 0 [resourceLevel=127.60258571581082, maxLevel=500.0](1); $iid=0(2)</declarations>
  <ruleFlowGroup>allocate</ruleFlowGroup>
</org.drools.audit.event.ActivationLogEvent>
<org.drools.audit.event.ActivationLogEvent>
  <type>4</type>
  <activationId>Monitor agents [205, 204, 1, 5, 2]</activationId>
  <rule>Monitor agents</rule>
  <declarations>$members=[allocation.newagents.Head@5c1e10e, allocation.newagents.Member@5c1e10f, allocation.newagents.Member@5c1e111, allocation.newagents.Member@5c1e110, allocation.newagents.Member@5c1e112](204); $i=Institution [id=0, state=CFV, round=3, allocationMethod=QUEUE](2); $head=allocation.newagents.Head@5c1e10e(5); $pid=0(5); $round=3(2); $pool=CommonPool 0 [resourceLevel=127.60258571581082, maxLevel=500.0](1); $iid=0(2); $nonMembers=[allocation.newagents.NonMember@38f9281, allocation.newagents.NonMember@38f9280, allocation.newagents.Head@5c1e10e, allocation.newagents.Member@5c1e10f, allocation.newagents.Member@5c1e111, allocation.newagents.Member@5c1e110, allocation.newagents.Member@5c1e112](205)</declarations>
  <ruleFlowGroup>appropriate</ruleFlowGroup>
</org.drools.audit.event.ActivationLogEvent>
<org.drools.audit.event.ActivationLogEvent>
  <type>4</type>
  <activationId>Member appropriation - no allocation [1, 2, 5, 4]</activationId>
  <rule>Member appropriation - no allocation</rule>
  <declarations>$i=Institution [id=0, state=CFV, round=3, allocationMethod=QUEUE](2); $t=3(4); $member=allocation.newagents.Head@5c1e10e(5); $pid=0(5); $round=3(2); $pool=CommonPool 0 [resourceLevel=127.60258571581082, maxLevel=500.0](1); $iid=0(5)</declarations>
  <ruleFlowGroup>appropriate</ruleFlowGroup>
</org.drools.audit.event.ActivationLogEvent>
<org.drools.audit.event.ActivationLogEvent>
  <type>4</type>
  <activationId>Member appropriation - no allocation [1, 2, 9, 4]</activationId>
  <rule>Member appropriation - no allocation</rule>
  <declarations>$i=Institution [id=0, state=CFV, round=3, allocationMethod=QUEUE](2); $t=3(4); $member=allocation.newagents.Member@5c1e10f(9); $pid=0(9); $round=3(2); $pool=CommonPool 0 [resourceLevel=127.60258571581082, maxLevel=500.0](1); $iid=0(9)</declarations>
  <ruleFlowGroup>appropriate</ruleFlowGroup>
</org.drools.audit.event.ActivationLogEvent>
<org.drools.audit.event.ActivationLogEvent>
  <type>4</type>
  <activationId>Member appropriation - no allocation [1, 2, 10, 4]</activationId>
  <rule>Member appropriation - no allocation</rule>
  <declarations>$i=Institution [id=0, state=CFV, round=3, allocationMethod=QUEUE](2); $t=3(4); $member=allocation.newagents.Member@5c1e110(10); $pid=0(10); $round=3(2); $pool=CommonPool 0 [resourceLevel=127.60258571581082, maxLevel=500.0](1); $iid=0(10)</declarations>
  <ruleFlowGroup>appropriate</ruleFlowGroup>
</org.drools.audit.event.ActivationLogEvent>
<org.drools.audit.event.ActivationLogEvent>
  <type>4</type>
  <activationId>Member appropriation - no allocation [1, 2, 11, 4]</activationId>
  <rule>Member appropriation - no allocation</rule>
  <declarations>$i=Institution [id=0, state=CFV, round=3, allocationMethod=QUEUE](2); $t=3(4); $member=allocation.newagents.Member@5c1e111(11); $pid=0(11); $round=3(2); $pool=CommonPool 0 [resourceLevel=127.60258571581082, maxLevel=500.0](1); $iid=0(11)</declarations>
  <ruleFlowGroup>appropriate</ruleFlowGroup>
</org.drools.audit.event.ActivationLogEvent>
<org.drools.audit.event.ActivationLogEvent>
  <type>4</type>
  <activationId>Member appropriation - no allocation [1, 2, 12, 4]</activationId>
  <rule>Member appropriation - no allocation</rule>
  <declarations>$i=Institution [id=0, state=CFV, round=3, allocationMethod=QUEUE](2); $t=3(4); $member=allocation.newagents.Member@5c1e112(12); $pid=0(12); $round=3(2); $pool=CommonPool 0 [resourceLevel=127.60258571581082, maxLevel=500.0](1); $iid=0(12)</declarations>
  <ruleFlowGroup>appropriate</ruleFlowGroup>
</org.drools.audit.event.ActivationLogEvent>
<org.drools.audit.event.ObjectLogEvent>
  <type>2</type>
  <factId>2</factId>
  <objectToString>Institution [id=0, state=CFV, round=3, allocationMethod=QUEUE]</objectToString>
</org.drools.audit.event.ObjectLogEvent>
<org.drools.audit.event.ActivationLogEvent>
  <type>7</type>
  <activationId>Increment round [2, 4]</activationId>
  <rule>Increment round</rule>
  <declarations>$i=Institution [id=0, state=CFV, round=3, allocationMethod=QUEUE](2); $t=3(4)</declarations>
  <ruleFlowGroup>init</ruleFlowGroup>
</org.drools.audit.event.ActivationLogEvent>
<org.drools.audit.event.ActivationLogEvent>
  <type>6</type>
  <activationId>Disable votes [2]</activationId>
  <rule>Disable votes</rule>
  <declarations>$inst=Institution [id=0, state=CFV, round=3, allocationMethod=QUEUE](2)</declarations>
  <ruleFlowGroup>init</ruleFlowGroup>
</org.drools.audit.event.ActivationLogEvent>
<org.drools.audit.event.ActivationLogEvent>
  <type>5</type>
  <activationId>Vote for RA method [1, 2, 5]</activationId>
  <rule>Vote for RA method</rule>
  <declarations>$i=Institution [id=0, state=CFV, round=3, allocationMethod=QUEUE](2); $member=allocation.newagents.Head@5c1e10e(5); $pid=0(5); $r=3(2); $pool=CommonPool 0 [resourceLevel=127.60258571581082, maxLevel=500.0](1); $iid=0(5)</declarations>
  <ruleFlowGroup>vote</ruleFlowGroup>
</org.drools.audit.event.ActivationLogEvent>
<org.drools.audit.event.ActivationLogEvent>
  <type>5</type>
  <activationId>Vote for RA method [1, 2, 9]</activationId>
  <rule>Vote for RA method</rule>
  <declarations>$i=Institution [id=0, state=CFV, round=3, allocationMethod=QUEUE](2); $member=allocation.newagents.Member@5c1e10f(9); $pid=0(9); $r=3(2); $pool=CommonPool 0 [resourceLevel=127.60258571581082, maxLevel=500.0](1); $iid=0(9)</declarations>
  <ruleFlowGroup>vote</ruleFlowGroup>
</org.drools.audit.event.ActivationLogEvent>
<org.drools.audit.event.ActivationLogEvent>
  <type>5</type>
  <activationId>Vote for RA method [1, 2, 10]</activationId>
  <rule>Vote for RA method</rule>
  <declarations>$i=Institution [id=0, state=CFV, round=3, allocationMethod=QUEUE](2); $member=allocation.newagents.Member@5c1e110(10); $pid=0(10); $r=3(2); $pool=CommonPool 0 [resourceLevel=127.60258571581082, maxLevel=500.0](1); $iid=0(10)</declarations>
  <ruleFlowGroup>vote</ruleFlowGroup>
</org.drools.audit.event.ActivationLogEvent>
<org.drools.audit.event.ActivationLogEvent>
  <type>5</type>
  <activationId>Vote for RA method [1, 2, 11]</activationId>
  <rule>Vote for RA method</rule>
  <declarations>$i=Institution [id=0, state=CFV, round=3, allocationMethod=QUEUE](2); $member=allocation.newagents.Member@5c1e111(11); $pid=0(11); $r=3(2); $pool=CommonPool 0 [resourceLevel=127.60258571581082, maxLevel=500.0](1); $iid=0(11)</declarations>
  <ruleFlowGroup>vote</ruleFlowGroup>
</org.drools.audit.event.ActivationLogEvent>
<org.drools.audit.event.ActivationLogEvent>
  <type>5</type>
  <activationId>Vote for RA method [1, 2, 12]</activationId>
  <rule>Vote for RA method</rule>
  <declarations>$i=Institution [id=0, state=CFV, round=3, allocationMethod=QUEUE](2); $member=allocation.newagents.Member@5c1e112(12); $pid=0(12); $r=3(2); $pool=CommonPool 0 [resourceLevel=127.60258571581082, maxLevel=500.0](1); $iid=0(12)</declarations>
  <ruleFlowGroup>vote</ruleFlowGroup>
</org.drools.audit.event.ActivationLogEvent>
<org.drools.audit.event.ObjectLogEvent>
  <type>2</type>
  <factId>2</factId>
  <objectToString>Institution [id=0, state=CFV, round=3, allocationMethod=QUEUE]</objectToString>
</org.drools.audit.event.ObjectLogEvent>
<org.drools.audit.event.ActivationLogEvent>
  <type>7</type>
  <activationId>Disable votes [2]</activationId>
  <rule>Disable votes</rule>
  <declarations>$inst=Institution [id=0, state=CFV, round=3, allocationMethod=QUEUE](2)</declarations>
  <ruleFlowGroup>init</ruleFlowGroup>
</org.drools.audit.event.ActivationLogEvent>
<org.drools.audit.event.ActivationLogEvent>
  <type>6</type>
  <activationId>Refill pool [2, 1, 4]</activationId>
  <rule>Refill pool</rule>
  <declarations>$t=3(4); $pool=CommonPool 0 [resourceLevel=127.60258571581082, maxLevel=500.0](1)</declarations>
  <ruleFlowGroup>init</ruleFlowGroup>
</org.drools.audit.event.ActivationLogEvent>
<org.drools.audit.event.ObjectLogEvent>
  <type>2</type>
  <factId>1</factId>
  <objectToString>CommonPool 0 [resourceLevel=377.60258571581085, maxLevel=500.0]</objectToString>
</org.drools.audit.event.ObjectLogEvent>
<org.drools.audit.event.ActivationLogEvent>
  <type>7</type>
  <activationId>Refill pool [2, 1, 4]</activationId>
  <rule>Refill pool</rule>
  <declarations>$t=3(4); $pool=CommonPool 0 [resourceLevel=377.60258571581085, maxLevel=500.0](1)</declarations>
  <ruleFlowGroup>init</ruleFlowGroup>
</org.drools.audit.event.ActivationLogEvent>
<org.drools.audit.event.RuleFlowGroupLogEvent>
  <type>14</type>
  <groupName>init</groupName>
  <size>0</size>
</org.drools.audit.event.RuleFlowGroupLogEvent>
<org.drools.audit.event.RuleFlowGroupLogEvent>
  <type>15</type>
  <groupName>init</groupName>
  <size>0</size>
</org.drools.audit.event.RuleFlowGroupLogEvent>
<org.drools.audit.event.RuleFlowNodeLogEvent>
  <type>26</type>
  <processId>allocation.Simulation</processId>
  <processName>Simulation</processName>
  <processInstanceId>4</processInstanceId>
  <nodeId>3</nodeId>
  <nodeName>Init</nodeName>
  <nodeInstanceId>1</nodeInstanceId>
</org.drools.audit.event.RuleFlowNodeLogEvent>
<org.drools.audit.event.RuleFlowNodeLogEvent>
  <type>24</type>
  <processId>allocation.Simulation</processId>
  <processName>Simulation</processName>
  <processInstanceId>4</processInstanceId>
  <nodeId>5</nodeId>
  <nodeName>CFV</nodeName>
  <nodeInstanceId>2</nodeInstanceId>
</org.drools.audit.event.RuleFlowNodeLogEvent>
<org.drools.audit.event.RuleFlowGroupLogEvent>
  <type>12</type>
  <groupName>cfv</groupName>
  <size>1</size>
</org.drools.audit.event.RuleFlowGroupLogEvent>
<org.drools.audit.event.RuleFlowGroupLogEvent>
  <type>13</type>
  <groupName>cfv</groupName>
  <size>1</size>
</org.drools.audit.event.RuleFlowGroupLogEvent>
<org.drools.audit.event.RuleFlowNodeLogEvent>
  <type>25</type>
  <processId>allocation.Simulation</processId>
  <processName>Simulation</processName>
  <processInstanceId>4</processInstanceId>
  <nodeId>5</nodeId>
  <nodeName>CFV</nodeName>
  <nodeInstanceId>2</nodeInstanceId>
</org.drools.audit.event.RuleFlowNodeLogEvent>
<org.drools.audit.event.RuleFlowNodeLogEvent>
  <type>27</type>
  <processId>allocation.Simulation</processId>
  <processName>Simulation</processName>
  <processInstanceId>4</processInstanceId>
  <nodeId>3</nodeId>
  <nodeName>Init</nodeName>
  <nodeInstanceId>1</nodeInstanceId>
</org.drools.audit.event.RuleFlowNodeLogEvent>
<org.drools.audit.event.ActivationLogEvent>
  <type>6</type>
  <activationId>Call for votes [2, 5, 4]</activationId>
  <rule>Call for votes</rule>
  <declarations>$i=Institution [id=0, state=CFV, round=3, allocationMethod=QUEUE](2); $head=allocation.newagents.Head@5c1e10e(5); $iid=0(5)</declarations>
  <ruleFlowGroup>cfv</ruleFlowGroup>
</org.drools.audit.event.ActivationLogEvent>
<org.drools.audit.event.ActivationLogEvent>
  <type>4</type>
  <activationId>Disable votes [2]</activationId>
  <rule>Disable votes</rule>
  <declarations>$inst=Institution [id=0, state=CFV, round=3, allocationMethod=QUEUE](2)</declarations>
  <ruleFlowGroup>init</ruleFlowGroup>
</org.drools.audit.event.ActivationLogEvent>
<org.drools.audit.event.ActivationLogEvent>
  <type>4</type>
  <activationId>Vote for RA method [1, 2, 5]</activationId>
  <rule>Vote for RA method</rule>
  <declarations>$i=Institution [id=0, state=CFV, round=3, allocationMethod=QUEUE](2); $member=allocation.newagents.Head@5c1e10e(5); $pid=0(5); $r=3(2); $pool=CommonPool 0 [resourceLevel=377.60258571581085, maxLevel=500.0](1); $iid=0(5)</declarations>
  <ruleFlowGroup>vote</ruleFlowGroup>
</org.drools.audit.event.ActivationLogEvent>
<org.drools.audit.event.ActivationLogEvent>
  <type>4</type>
  <activationId>Vote for RA method [1, 2, 9]</activationId>
  <rule>Vote for RA method</rule>
  <declarations>$i=Institution [id=0, state=CFV, round=3, allocationMethod=QUEUE](2); $member=allocation.newagents.Member@5c1e10f(9); $pid=0(9); $r=3(2); $pool=CommonPool 0 [resourceLevel=377.60258571581085, maxLevel=500.0](1); $iid=0(9)</declarations>
  <ruleFlowGroup>vote</ruleFlowGroup>
</org.drools.audit.event.ActivationLogEvent>
<org.drools.audit.event.ActivationLogEvent>
  <type>4</type>
  <activationId>Vote for RA method [1, 2, 10]</activationId>
  <rule>Vote for RA method</rule>
  <declarations>$i=Institution [id=0, state=CFV, round=3, allocationMethod=QUEUE](2); $member=allocation.newagents.Member@5c1e110(10); $pid=0(10); $r=3(2); $pool=CommonPool 0 [resourceLevel=377.60258571581085, maxLevel=500.0](1); $iid=0(10)</declarations>
  <ruleFlowGroup>vote</ruleFlowGroup>
</org.drools.audit.event.ActivationLogEvent>
<org.drools.audit.event.ActivationLogEvent>
  <type>4</type>
  <activationId>Vote for RA method [1, 2, 11]</activationId>
  <rule>Vote for RA method</rule>
  <declarations>$i=Institution [id=0, state=CFV, round=3, allocationMethod=QUEUE](2); $member=allocation.newagents.Member@5c1e111(11); $pid=0(11); $r=3(2); $pool=CommonPool 0 [resourceLevel=377.60258571581085, maxLevel=500.0](1); $iid=0(11)</declarations>
  <ruleFlowGroup>vote</ruleFlowGroup>
</org.drools.audit.event.ActivationLogEvent>
<org.drools.audit.event.ActivationLogEvent>
  <type>4</type>
  <activationId>Vote for RA method [1, 2, 12]</activationId>
  <rule>Vote for RA method</rule>
  <declarations>$i=Institution [id=0, state=CFV, round=3, allocationMethod=QUEUE](2); $member=allocation.newagents.Member@5c1e112(12); $pid=0(12); $r=3(2); $pool=CommonPool 0 [resourceLevel=377.60258571581085, maxLevel=500.0](1); $iid=0(12)</declarations>
  <ruleFlowGroup>vote</ruleFlowGroup>
</org.drools.audit.event.ActivationLogEvent>
<org.drools.audit.event.ObjectLogEvent>
  <type>2</type>
  <factId>2</factId>
  <objectToString>Institution [id=0, state=CFV, round=3, allocationMethod=QUEUE]</objectToString>
</org.drools.audit.event.ObjectLogEvent>
<org.drools.audit.event.ActivationLogEvent>
  <type>7</type>
  <activationId>Call for votes [2, 5, 4]</activationId>
  <rule>Call for votes</rule>
  <declarations>$i=Institution [id=0, state=CFV, round=3, allocationMethod=QUEUE](2); $head=allocation.newagents.Head@5c1e10e(5); $iid=0(5)</declarations>
  <ruleFlowGroup>cfv</ruleFlowGroup>
</org.drools.audit.event.ActivationLogEvent>
<org.drools.audit.event.RuleFlowGroupLogEvent>
  <type>14</type>
  <groupName>cfv</groupName>
  <size>0</size>
</org.drools.audit.event.RuleFlowGroupLogEvent>
<org.drools.audit.event.RuleFlowGroupLogEvent>
  <type>15</type>
  <groupName>cfv</groupName>
  <size>0</size>
</org.drools.audit.event.RuleFlowGroupLogEvent>
<org.drools.audit.event.RuleFlowNodeLogEvent>
  <type>26</type>
  <processId>allocation.Simulation</processId>
  <processName>Simulation</processName>
  <processInstanceId>4</processInstanceId>
  <nodeId>5</nodeId>
  <nodeName>CFV</nodeName>
  <nodeInstanceId>2</nodeInstanceId>
</org.drools.audit.event.RuleFlowNodeLogEvent>
<org.drools.audit.event.RuleFlowNodeLogEvent>
  <type>24</type>
  <processId>allocation.Simulation</processId>
  <processName>Simulation</processName>
  <processInstanceId>4</processInstanceId>
  <nodeId>6</nodeId>
  <nodeName>Vote</nodeName>
  <nodeInstanceId>3</nodeInstanceId>
</org.drools.audit.event.RuleFlowNodeLogEvent>
<org.drools.audit.event.RuleFlowGroupLogEvent>
  <type>12</type>
  <groupName>vote</groupName>
  <size>5</size>
</org.drools.audit.event.RuleFlowGroupLogEvent>
<org.drools.audit.event.RuleFlowGroupLogEvent>
  <type>13</type>
  <groupName>vote</groupName>
  <size>5</size>
</org.drools.audit.event.RuleFlowGroupLogEvent>
<org.drools.audit.event.RuleFlowNodeLogEvent>
  <type>25</type>
  <processId>allocation.Simulation</processId>
  <processName>Simulation</processName>
  <processInstanceId>4</processInstanceId>
  <nodeId>6</nodeId>
  <nodeName>Vote</nodeName>
  <nodeInstanceId>3</nodeInstanceId>
</org.drools.audit.event.RuleFlowNodeLogEvent>
<org.drools.audit.event.RuleFlowNodeLogEvent>
  <type>27</type>
  <processId>allocation.Simulation</processId>
  <processName>Simulation</processName>
  <processInstanceId>4</processInstanceId>
  <nodeId>5</nodeId>
  <nodeName>CFV</nodeName>
  <nodeInstanceId>2</nodeInstanceId>
</org.drools.audit.event.RuleFlowNodeLogEvent>
<org.drools.audit.event.ActivationLogEvent>
  <type>6</type>
  <activationId>Vote for RA method [1, 2, 12]</activationId>
  <rule>Vote for RA method</rule>
  <declarations>$i=Institution [id=0, state=CFV, round=3, allocationMethod=QUEUE](2); $member=allocation.newagents.Member@5c1e112(12); $pid=0(12); $r=3(2); $pool=CommonPool 0 [resourceLevel=377.60258571581085, maxLevel=500.0](1); $iid=0(12)</declarations>
  <ruleFlowGroup>vote</ruleFlowGroup>
</org.drools.audit.event.ActivationLogEvent>
<org.drools.audit.event.ActivationLogEvent>
  <type>4</type>
  <activationId>Count votes [207, 12, 206, 2]</activationId>
  <rule>Count votes</rule>
  <declarations>$ag=elf 4(206); $votes=[Vote [ballot=raMethod, value=1, voter=elf 4, round=3]](207); $round=3(2); $b=raMethod(206); $iid=0(2)</declarations>
  <ruleFlowGroup>vote</ruleFlowGroup>
</org.drools.audit.event.ActivationLogEvent>
<org.drools.audit.event.ObjectLogEvent>
  <type>1</type>
  <factId>206</factId>
  <objectToString>Vote [ballot=raMethod, value=1, voter=elf 4, round=3]</objectToString>
</org.drools.audit.event.ObjectLogEvent>
<org.drools.audit.event.ActivationLogEvent>
  <type>7</type>
  <activationId>Vote for RA method [1, 2, 12]</activationId>
  <rule>Vote for RA method</rule>
  <declarations>$i=Institution [id=0, state=CFV, round=3, allocationMethod=QUEUE](2); $member=allocation.newagents.Member@5c1e112(12); $pid=0(12); $r=3(2); $pool=CommonPool 0 [resourceLevel=377.60258571581085, maxLevel=500.0](1); $iid=0(12)</declarations>
  <ruleFlowGroup>vote</ruleFlowGroup>
</org.drools.audit.event.ActivationLogEvent>
<org.drools.audit.event.ActivationLogEvent>
  <type>6</type>
  <activationId>Vote for RA method [1, 2, 11]</activationId>
  <rule>Vote for RA method</rule>
  <declarations>$i=Institution [id=0, state=CFV, round=3, allocationMethod=QUEUE](2); $member=allocation.newagents.Member@5c1e111(11); $pid=0(11); $r=3(2); $pool=CommonPool 0 [resourceLevel=377.60258571581085, maxLevel=500.0](1); $iid=0(11)</declarations>
  <ruleFlowGroup>vote</ruleFlowGroup>
</org.drools.audit.event.ActivationLogEvent>
<org.drools.audit.event.ActivationLogEvent>
  <type>4</type>
  <activationId>Count votes [211, 11, 209, 2]</activationId>
  <rule>Count votes</rule>
  <declarations>$ag=elf 3(209); $votes=[Vote [ballot=raMethod, value=1, voter=elf 4, round=3]](211); $round=3(2); $b=raMethod(209); $iid=0(2)</declarations>
  <ruleFlowGroup>vote</ruleFlowGroup>
</org.drools.audit.event.ActivationLogEvent>
<org.drools.audit.event.ObjectLogEvent>
  <type>1</type>
  <factId>209</factId>
  <objectToString>Vote [ballot=raMethod, value=1, voter=elf 3, round=3]</objectToString>
</org.drools.audit.event.ObjectLogEvent>
<org.drools.audit.event.ActivationLogEvent>
  <type>7</type>
  <activationId>Vote for RA method [1, 2, 11]</activationId>
  <rule>Vote for RA method</rule>
  <declarations>$i=Institution [id=0, state=CFV, round=3, allocationMethod=QUEUE](2); $member=allocation.newagents.Member@5c1e111(11); $pid=0(11); $r=3(2); $pool=CommonPool 0 [resourceLevel=377.60258571581085, maxLevel=500.0](1); $iid=0(11)</declarations>
  <ruleFlowGroup>vote</ruleFlowGroup>
</org.drools.audit.event.ActivationLogEvent>
<org.drools.audit.event.ActivationLogEvent>
  <type>6</type>
  <activationId>Vote for RA method [1, 2, 10]</activationId>
  <rule>Vote for RA method</rule>
  <declarations>$i=Institution [id=0, state=CFV, round=3, allocationMethod=QUEUE](2); $member=allocation.newagents.Member@5c1e110(10); $pid=0(10); $r=3(2); $pool=CommonPool 0 [resourceLevel=377.60258571581085, maxLevel=500.0](1); $iid=0(10)</declarations>
  <ruleFlowGroup>vote</ruleFlowGroup>
</org.drools.audit.event.ActivationLogEvent>
<org.drools.audit.event.ActivationLogEvent>
  <type>4</type>
  <activationId>Count votes [217, 10, 214, 2]</activationId>
  <rule>Count votes</rule>
  <declarations>$ag=elf 2(214); $votes=[Vote [ballot=raMethod, value=1, voter=elf 4, round=3], Vote [ballot=raMethod, value=1, voter=elf 3, round=3]](217); $round=3(2); $b=raMethod(214); $iid=0(2)</declarations>
  <ruleFlowGroup>vote</ruleFlowGroup>
</org.drools.audit.event.ActivationLogEvent>
<org.drools.audit.event.ObjectLogEvent>
  <type>1</type>
  <factId>214</factId>
  <objectToString>Vote [ballot=raMethod, value=1, voter=elf 2, round=3]</objectToString>
</org.drools.audit.event.ObjectLogEvent>
<org.drools.audit.event.ActivationLogEvent>
  <type>7</type>
  <activationId>Vote for RA method [1, 2, 10]</activationId>
  <rule>Vote for RA method</rule>
  <declarations>$i=Institution [id=0, state=CFV, round=3, allocationMethod=QUEUE](2); $member=allocation.newagents.Member@5c1e110(10); $pid=0(10); $r=3(2); $pool=CommonPool 0 [resourceLevel=377.60258571581085, maxLevel=500.0](1); $iid=0(10)</declarations>
  <ruleFlowGroup>vote</ruleFlowGroup>
</org.drools.audit.event.ActivationLogEvent>
<org.drools.audit.event.ActivationLogEvent>
  <type>6</type>
  <activationId>Vote for RA method [1, 2, 9]</activationId>
  <rule>Vote for RA method</rule>
  <declarations>$i=Institution [id=0, state=CFV, round=3, allocationMethod=QUEUE](2); $member=allocation.newagents.Member@5c1e10f(9); $pid=0(9); $r=3(2); $pool=CommonPool 0 [resourceLevel=377.60258571581085, maxLevel=500.0](1); $iid=0(9)</declarations>
  <ruleFlowGroup>vote</ruleFlowGroup>
</org.drools.audit.event.ActivationLogEvent>
<org.drools.audit.event.ActivationLogEvent>
  <type>4</type>
  <activationId>Count votes [225, 9, 221, 2]</activationId>
  <rule>Count votes</rule>
  <declarations>$ag=elf 1(221); $votes=[Vote [ballot=raMethod, value=1, voter=elf 4, round=3], Vote [ballot=raMethod, value=1, voter=elf 3, round=3], Vote [ballot=raMethod, value=1, voter=elf 2, round=3]](225); $round=3(2); $b=raMethod(221); $iid=0(2)</declarations>
  <ruleFlowGroup>vote</ruleFlowGroup>
</org.drools.audit.event.ActivationLogEvent>
<org.drools.audit.event.ObjectLogEvent>
  <type>1</type>
  <factId>221</factId>
  <objectToString>Vote [ballot=raMethod, value=1, voter=elf 1, round=3]</objectToString>
</org.drools.audit.event.ObjectLogEvent>
<org.drools.audit.event.ActivationLogEvent>
  <type>7</type>
  <activationId>Vote for RA method [1, 2, 9]</activationId>
  <rule>Vote for RA method</rule>
  <declarations>$i=Institution [id=0, state=CFV, round=3, allocationMethod=QUEUE](2); $member=allocation.newagents.Member@5c1e10f(9); $pid=0(9); $r=3(2); $pool=CommonPool 0 [resourceLevel=377.60258571581085, maxLevel=500.0](1); $iid=0(9)</declarations>
  <ruleFlowGroup>vote</ruleFlowGroup>
</org.drools.audit.event.ActivationLogEvent>
<org.drools.audit.event.ActivationLogEvent>
  <type>6</type>
  <activationId>Vote for RA method [1, 2, 5]</activationId>
  <rule>Vote for RA method</rule>
  <declarations>$i=Institution [id=0, state=CFV, round=3, allocationMethod=QUEUE](2); $member=allocation.newagents.Head@5c1e10e(5); $pid=0(5); $r=3(2); $pool=CommonPool 0 [resourceLevel=377.60258571581085, maxLevel=500.0](1); $iid=0(5)</declarations>
  <ruleFlowGroup>vote</ruleFlowGroup>
</org.drools.audit.event.ActivationLogEvent>
<org.drools.audit.event.ActivationLogEvent>
  <type>4</type>
  <activationId>Count votes [235, 5, 230, 2]</activationId>
  <rule>Count votes</rule>
  <declarations>$ag=elf 0(230); $votes=[Vote [ballot=raMethod, value=1, voter=elf 4, round=3], Vote [ballot=raMethod, value=1, voter=elf 3, round=3], Vote [ballot=raMethod, value=1, voter=elf 2, round=3], Vote [ballot=raMethod, value=1, voter=elf 1, round=3]](235); $round=3(2); $b=raMethod(230); $iid=0(2)</declarations>
  <ruleFlowGroup>vote</ruleFlowGroup>
</org.drools.audit.event.ActivationLogEvent>
<org.drools.audit.event.ObjectLogEvent>
  <type>1</type>
  <factId>230</factId>
  <objectToString>Vote [ballot=raMethod, value=1, voter=elf 0, round=3]</objectToString>
</org.drools.audit.event.ObjectLogEvent>
<org.drools.audit.event.ActivationLogEvent>
  <type>7</type>
  <activationId>Vote for RA method [1, 2, 5]</activationId>
  <rule>Vote for RA method</rule>
  <declarations>$i=Institution [id=0, state=CFV, round=3, allocationMethod=QUEUE](2); $member=allocation.newagents.Head@5c1e10e(5); $pid=0(5); $r=3(2); $pool=CommonPool 0 [resourceLevel=377.60258571581085, maxLevel=500.0](1); $iid=0(5)</declarations>
  <ruleFlowGroup>vote</ruleFlowGroup>
</org.drools.audit.event.ActivationLogEvent>
<org.drools.audit.event.ActivationLogEvent>
  <type>6</type>
  <activationId>Count votes [235, 5, 230, 2]</activationId>
  <rule>Count votes</rule>
  <declarations>$ag=elf 0(230); $votes=[Vote [ballot=raMethod, value=1, voter=elf 4, round=3], Vote [ballot=raMethod, value=1, voter=elf 3, round=3], Vote [ballot=raMethod, value=1, voter=elf 2, round=3], Vote [ballot=raMethod, value=1, voter=elf 1, round=3], Vote [ballot=raMethod, value=1, voter=elf 0, round=3]](235); $round=3(2); $b=raMethod(230); $iid=0(2)</declarations>
  <ruleFlowGroup>vote</ruleFlowGroup>
</org.drools.audit.event.ActivationLogEvent>
<org.drools.audit.event.ActivationLogEvent>
  <type>4</type>
  <activationId>Declare winner and update Ra method [2, 241]</activationId>
  <rule>Declare winner and update Ra method</rule>
  <declarations>$i=Institution [id=0, state=CFV, round=3, allocationMethod=QUEUE](2); $iid=0(241); $vc=Declared [institution=0, ballot=raMethod, round=3, result={1=5}](241)</declarations>
  <ruleFlowGroup>vote</ruleFlowGroup>
</org.drools.audit.event.ActivationLogEvent>
<org.drools.audit.event.ActivationLogEvent>
  <type>5</type>
  <activationId>Count votes [207, 12, 206, 2]</activationId>
  <rule>Count votes</rule>
  <declarations>$ag=elf 4(206); $votes=[](207); $round=3(2); $b=raMethod(206); $iid=0(2)</declarations>
  <ruleFlowGroup>vote</ruleFlowGroup>
</org.drools.audit.event.ActivationLogEvent>
<org.drools.audit.event.ActivationLogEvent>
  <type>5</type>
  <activationId>Count votes [211, 11, 209, 2]</activationId>
  <rule>Count votes</rule>
  <declarations>$ag=elf 3(209); $votes=[](211); $round=3(2); $b=raMethod(209); $iid=0(2)</declarations>
  <ruleFlowGroup>vote</ruleFlowGroup>
</org.drools.audit.event.ActivationLogEvent>
<org.drools.audit.event.ActivationLogEvent>
  <type>5</type>
  <activationId>Count votes [217, 10, 214, 2]</activationId>
  <rule>Count votes</rule>
  <declarations>$ag=elf 2(214); $votes=[](217); $round=3(2); $b=raMethod(214); $iid=0(2)</declarations>
  <ruleFlowGroup>vote</ruleFlowGroup>
</org.drools.audit.event.ActivationLogEvent>
<org.drools.audit.event.ActivationLogEvent>
  <type>5</type>
  <activationId>Count votes [225, 9, 221, 2]</activationId>
  <rule>Count votes</rule>
  <declarations>$ag=elf 1(221); $votes=[](225); $round=3(2); $b=raMethod(221); $iid=0(2)</declarations>
  <ruleFlowGroup>vote</ruleFlowGroup>
</org.drools.audit.event.ActivationLogEvent>
<org.drools.audit.event.ActivationLogEvent>
  <type>4</type>
  <activationId>Echo Votes Counted [241]</activationId>
  <rule>Echo Votes Counted</rule>
  <declarations>$vc=Declared [institution=0, ballot=raMethod, round=3, result={1=5}](241)</declarations>
  <ruleFlowGroup>vote</ruleFlowGroup>
</org.drools.audit.event.ActivationLogEvent>
<org.drools.audit.event.ObjectLogEvent>
  <type>1</type>
  <factId>241</factId>
  <objectToString>Declared [institution=0, ballot=raMethod, round=3, result={1=5}]</objectToString>
</org.drools.audit.event.ObjectLogEvent>
<org.drools.audit.event.ActivationLogEvent>
  <type>7</type>
  <activationId>Count votes [235, 5, 230, 2]</activationId>
  <rule>Count votes</rule>
  <declarations>$ag=elf 0(230); $votes=[](235); $round=3(2); $b=raMethod(230); $iid=0(2)</declarations>
  <ruleFlowGroup>vote</ruleFlowGroup>
</org.drools.audit.event.ActivationLogEvent>
<org.drools.audit.event.ActivationLogEvent>
  <type>6</type>
  <activationId>Echo Votes Counted [241]</activationId>
  <rule>Echo Votes Counted</rule>
  <declarations>$vc=Declared [institution=0, ballot=raMethod, round=3, result={1=5}](241)</declarations>
  <ruleFlowGroup>vote</ruleFlowGroup>
</org.drools.audit.event.ActivationLogEvent>
<org.drools.audit.event.ActivationLogEvent>
  <type>7</type>
  <activationId>Echo Votes Counted [241]</activationId>
  <rule>Echo Votes Counted</rule>
  <declarations>$vc=Declared [institution=0, ballot=raMethod, round=3, result={1=5}](241)</declarations>
  <ruleFlowGroup>vote</ruleFlowGroup>
</org.drools.audit.event.ActivationLogEvent>
<org.drools.audit.event.ActivationLogEvent>
  <type>6</type>
  <activationId>Declare winner and update Ra method [2, 241]</activationId>
  <rule>Declare winner and update Ra method</rule>
  <declarations>$i=Institution [id=0, state=CFV, round=3, allocationMethod=QUEUE](2); $iid=0(241); $vc=Declared [institution=0, ballot=raMethod, round=3, result={1=5}](241)</declarations>
  <ruleFlowGroup>vote</ruleFlowGroup>
</org.drools.audit.event.ActivationLogEvent>
<org.drools.audit.event.ActivationLogEvent>
  <type>4</type>
  <activationId>Echo Declared [242]</activationId>
  <rule>Echo Declared</rule>
  <declarations>$d=Declared( institution=0, ballot=raMethod, round=3, result=1 )(242)</declarations>
  <ruleFlowGroup>vote</ruleFlowGroup>
</org.drools.audit.event.ActivationLogEvent>
<org.drools.audit.event.ObjectLogEvent>
  <type>1</type>
  <factId>242</factId>
  <objectToString>Declared( institution=0, ballot=raMethod, round=3, result=1 )</objectToString>
</org.drools.audit.event.ObjectLogEvent>
<org.drools.audit.event.ActivationLogEvent>
  <type>7</type>
  <activationId>Declare winner and update Ra method [2, 241]</activationId>
  <rule>Declare winner and update Ra method</rule>
  <declarations>$i=Institution [id=0, state=CFV, round=3, allocationMethod=QUEUE](2); $iid=0(241); $vc=Declared [institution=0, ballot=raMethod, round=3, result={1=5}](241)</declarations>
  <ruleFlowGroup>vote</ruleFlowGroup>
</org.drools.audit.event.ActivationLogEvent>
<org.drools.audit.event.ActivationLogEvent>
  <type>6</type>
  <activationId>Echo Declared [242]</activationId>
  <rule>Echo Declared</rule>
  <declarations>$d=Declared( institution=0, ballot=raMethod, round=3, result=1 )(242)</declarations>
  <ruleFlowGroup>vote</ruleFlowGroup>
</org.drools.audit.event.ActivationLogEvent>
<org.drools.audit.event.ActivationLogEvent>
  <type>7</type>
  <activationId>Echo Declared [242]</activationId>
  <rule>Echo Declared</rule>
  <declarations>$d=Declared( institution=0, ballot=raMethod, round=3, result=1 )(242)</declarations>
  <ruleFlowGroup>vote</ruleFlowGroup>
</org.drools.audit.event.ActivationLogEvent>
<org.drools.audit.event.RuleFlowGroupLogEvent>
  <type>14</type>
  <groupName>vote</groupName>
  <size>0</size>
</org.drools.audit.event.RuleFlowGroupLogEvent>
<org.drools.audit.event.RuleFlowGroupLogEvent>
  <type>15</type>
  <groupName>vote</groupName>
  <size>0</size>
</org.drools.audit.event.RuleFlowGroupLogEvent>
<org.drools.audit.event.RuleFlowNodeLogEvent>
  <type>26</type>
  <processId>allocation.Simulation</processId>
  <processName>Simulation</processName>
  <processInstanceId>4</processInstanceId>
  <nodeId>6</nodeId>
  <nodeName>Vote</nodeName>
  <nodeInstanceId>3</nodeInstanceId>
</org.drools.audit.event.RuleFlowNodeLogEvent>
<org.drools.audit.event.RuleFlowNodeLogEvent>
  <type>24</type>
  <processId>allocation.Simulation</processId>
  <processName>Simulation</processName>
  <processInstanceId>4</processInstanceId>
  <nodeId>7</nodeId>
  <nodeName>Demand</nodeName>
  <nodeInstanceId>4</nodeInstanceId>
</org.drools.audit.event.RuleFlowNodeLogEvent>
<org.drools.audit.event.RuleFlowGroupLogEvent>
  <type>12</type>
  <groupName>demand</groupName>
  <size>5</size>
</org.drools.audit.event.RuleFlowGroupLogEvent>
<org.drools.audit.event.RuleFlowGroupLogEvent>
  <type>13</type>
  <groupName>demand</groupName>
  <size>5</size>
</org.drools.audit.event.RuleFlowGroupLogEvent>
<org.drools.audit.event.RuleFlowNodeLogEvent>
  <type>25</type>
  <processId>allocation.Simulation</processId>
  <processName>Simulation</processName>
  <processInstanceId>4</processInstanceId>
  <nodeId>7</nodeId>
  <nodeName>Demand</nodeName>
  <nodeInstanceId>4</nodeInstanceId>
</org.drools.audit.event.RuleFlowNodeLogEvent>
<org.drools.audit.event.RuleFlowNodeLogEvent>
  <type>27</type>
  <processId>allocation.Simulation</processId>
  <processName>Simulation</processName>
  <processInstanceId>4</processInstanceId>
  <nodeId>6</nodeId>
  <nodeName>Vote</nodeName>
  <nodeInstanceId>3</nodeInstanceId>
</org.drools.audit.event.RuleFlowNodeLogEvent>
<org.drools.audit.event.ActivationLogEvent>
  <type>6</type>
  <activationId>Member Demands [12, 1, 2]</activationId>
  <rule>Member Demands</rule>
  <declarations>$member=allocation.newagents.Member@5c1e112(12); $inst=Institution [id=0, state=CFV, round=3, allocationMethod=QUEUE](2); $pools=[CommonPool 0 [resourceLevel=377.60258571581085, maxLevel=500.0]](2); $round=3(2); $pool=CommonPool 0 [resourceLevel=377.60258571581085, maxLevel=500.0](1); $iid=0(2)</declarations>
  <ruleFlowGroup>demand</ruleFlowGroup>
</org.drools.audit.event.ActivationLogEvent>
<org.drools.audit.event.ActivationLogEvent>
  <type>4</type>
  <activationId>Do allocation - raMethod QUEUE [6, 5, 1, 2]</activationId>
  <rule>Do allocation - raMethod QUEUE</rule>
  <declarations>$hd=allocation.newagents.Head@5c1e10e(5); $inst=Institution [id=0, state=CFV, round=3, allocationMethod=QUEUE](2); $pools=[CommonPool 0 [resourceLevel=377.60258571581085, maxLevel=500.0]](2); $round=3(2); $demands=[Demand [quantity=0.0]](6); $pool=CommonPool 0 [resourceLevel=377.60258571581085, maxLevel=500.0](1); $iid=0(2)</declarations>
  <ruleFlowGroup>allocate</ruleFlowGroup>
</org.drools.audit.event.ActivationLogEvent>
<org.drools.audit.event.ObjectLogEvent>
  <type>1</type>
  <factId>243</factId>
  <objectToString>Demand [quantity=0.0]</objectToString>
</org.drools.audit.event.ObjectLogEvent>
<org.drools.audit.event.ActivationLogEvent>
  <type>7</type>
  <activationId>Member Demands [12, 1, 2]</activationId>
  <rule>Member Demands</rule>
  <declarations>$member=allocation.newagents.Member@5c1e112(12); $inst=Institution [id=0, state=CFV, round=3, allocationMethod=QUEUE](2); $pools=[CommonPool 0 [resourceLevel=377.60258571581085, maxLevel=500.0]](2); $round=3(2); $pool=CommonPool 0 [resourceLevel=377.60258571581085, maxLevel=500.0](1); $iid=0(2)</declarations>
  <ruleFlowGroup>demand</ruleFlowGroup>
</org.drools.audit.event.ActivationLogEvent>
<org.drools.audit.event.ActivationLogEvent>
  <type>6</type>
  <activationId>Member Demands [11, 1, 2]</activationId>
  <rule>Member Demands</rule>
  <declarations>$member=allocation.newagents.Member@5c1e111(11); $inst=Institution [id=0, state=CFV, round=3, allocationMethod=QUEUE](2); $pools=[CommonPool 0 [resourceLevel=377.60258571581085, maxLevel=500.0]](2); $round=3(2); $pool=CommonPool 0 [resourceLevel=377.60258571581085, maxLevel=500.0](1); $iid=0(2)</declarations>
  <ruleFlowGroup>demand</ruleFlowGroup>
</org.drools.audit.event.ActivationLogEvent>
<org.drools.audit.event.ObjectLogEvent>
  <type>1</type>
  <factId>244</factId>
  <objectToString>Demand [quantity=51.15728759837802]</objectToString>
</org.drools.audit.event.ObjectLogEvent>
<org.drools.audit.event.ActivationLogEvent>
  <type>7</type>
  <activationId>Member Demands [11, 1, 2]</activationId>
  <rule>Member Demands</rule>
  <declarations>$member=allocation.newagents.Member@5c1e111(11); $inst=Institution [id=0, state=CFV, round=3, allocationMethod=QUEUE](2); $pools=[CommonPool 0 [resourceLevel=377.60258571581085, maxLevel=500.0]](2); $round=3(2); $pool=CommonPool 0 [resourceLevel=377.60258571581085, maxLevel=500.0](1); $iid=0(2)</declarations>
  <ruleFlowGroup>demand</ruleFlowGroup>
</org.drools.audit.event.ActivationLogEvent>
<org.drools.audit.event.ActivationLogEvent>
  <type>6</type>
  <activationId>Member Demands [10, 1, 2]</activationId>
  <rule>Member Demands</rule>
  <declarations>$member=allocation.newagents.Member@5c1e110(10); $inst=Institution [id=0, state=CFV, round=3, allocationMethod=QUEUE](2); $pools=[CommonPool 0 [resourceLevel=377.60258571581085, maxLevel=500.0]](2); $round=3(2); $pool=CommonPool 0 [resourceLevel=377.60258571581085, maxLevel=500.0](1); $iid=0(2)</declarations>
  <ruleFlowGroup>demand</ruleFlowGroup>
</org.drools.audit.event.ActivationLogEvent>
<org.drools.audit.event.ObjectLogEvent>
  <type>1</type>
  <factId>245</factId>
  <objectToString>Demand [quantity=0.0]</objectToString>
</org.drools.audit.event.ObjectLogEvent>
<org.drools.audit.event.ActivationLogEvent>
  <type>7</type>
  <activationId>Member Demands [10, 1, 2]</activationId>
  <rule>Member Demands</rule>
  <declarations>$member=allocation.newagents.Member@5c1e110(10); $inst=Institution [id=0, state=CFV, round=3, allocationMethod=QUEUE](2); $pools=[CommonPool 0 [resourceLevel=377.60258571581085, maxLevel=500.0]](2); $round=3(2); $pool=CommonPool 0 [resourceLevel=377.60258571581085, maxLevel=500.0](1); $iid=0(2)</declarations>
  <ruleFlowGroup>demand</ruleFlowGroup>
</org.drools.audit.event.ActivationLogEvent>
<org.drools.audit.event.ActivationLogEvent>
  <type>6</type>
  <activationId>Member Demands [9, 1, 2]</activationId>
  <rule>Member Demands</rule>
  <declarations>$member=allocation.newagents.Member@5c1e10f(9); $inst=Institution [id=0, state=CFV, round=3, allocationMethod=QUEUE](2); $pools=[CommonPool 0 [resourceLevel=377.60258571581085, maxLevel=500.0]](2); $round=3(2); $pool=CommonPool 0 [resourceLevel=377.60258571581085, maxLevel=500.0](1); $iid=0(2)</declarations>
  <ruleFlowGroup>demand</ruleFlowGroup>
</org.drools.audit.event.ActivationLogEvent>
<org.drools.audit.event.ObjectLogEvent>
  <type>1</type>
  <factId>246</factId>
  <objectToString>Demand [quantity=0.0]</objectToString>
</org.drools.audit.event.ObjectLogEvent>
<org.drools.audit.event.ActivationLogEvent>
  <type>7</type>
  <activationId>Member Demands [9, 1, 2]</activationId>
  <rule>Member Demands</rule>
  <declarations>$member=allocation.newagents.Member@5c1e10f(9); $inst=Institution [id=0, state=CFV, round=3, allocationMethod=QUEUE](2); $pools=[CommonPool 0 [resourceLevel=377.60258571581085, maxLevel=500.0]](2); $round=3(2); $pool=CommonPool 0 [resourceLevel=377.60258571581085, maxLevel=500.0](1); $iid=0(2)</declarations>
  <ruleFlowGroup>demand</ruleFlowGroup>
</org.drools.audit.event.ActivationLogEvent>
<org.drools.audit.event.ActivationLogEvent>
  <type>6</type>
  <activationId>Member Demands [5, 1, 2]</activationId>
  <rule>Member Demands</rule>
  <declarations>$member=allocation.newagents.Head@5c1e10e(5); $inst=Institution [id=0, state=CFV, round=3, allocationMethod=QUEUE](2); $pools=[CommonPool 0 [resourceLevel=377.60258571581085, maxLevel=500.0]](2); $round=3(2); $pool=CommonPool 0 [resourceLevel=377.60258571581085, maxLevel=500.0](1); $iid=0(2)</declarations>
  <ruleFlowGroup>demand</ruleFlowGroup>
</org.drools.audit.event.ActivationLogEvent>
<org.drools.audit.event.ObjectLogEvent>
  <type>1</type>
  <factId>247</factId>
  <objectToString>Demand [quantity=52.166307022016454]</objectToString>
</org.drools.audit.event.ObjectLogEvent>
<org.drools.audit.event.ActivationLogEvent>
  <type>7</type>
  <activationId>Member Demands [5, 1, 2]</activationId>
  <rule>Member Demands</rule>
  <declarations>$member=allocation.newagents.Head@5c1e10e(5); $inst=Institution [id=0, state=CFV, round=3, allocationMethod=QUEUE](2); $pools=[CommonPool 0 [resourceLevel=377.60258571581085, maxLevel=500.0]](2); $round=3(2); $pool=CommonPool 0 [resourceLevel=377.60258571581085, maxLevel=500.0](1); $iid=0(2)</declarations>
  <ruleFlowGroup>demand</ruleFlowGroup>
</org.drools.audit.event.ActivationLogEvent>
<org.drools.audit.event.RuleFlowGroupLogEvent>
  <type>14</type>
  <groupName>demand</groupName>
  <size>0</size>
</org.drools.audit.event.RuleFlowGroupLogEvent>
<org.drools.audit.event.RuleFlowGroupLogEvent>
  <type>15</type>
  <groupName>demand</groupName>
  <size>0</size>
</org.drools.audit.event.RuleFlowGroupLogEvent>
<org.drools.audit.event.RuleFlowNodeLogEvent>
  <type>26</type>
  <processId>allocation.Simulation</processId>
  <processName>Simulation</processName>
  <processInstanceId>4</processInstanceId>
  <nodeId>7</nodeId>
  <nodeName>Demand</nodeName>
  <nodeInstanceId>4</nodeInstanceId>
</org.drools.audit.event.RuleFlowNodeLogEvent>
<org.drools.audit.event.RuleFlowNodeLogEvent>
  <type>24</type>
  <processId>allocation.Simulation</processId>
  <processName>Simulation</processName>
  <processInstanceId>4</processInstanceId>
  <nodeId>8</nodeId>
  <nodeName>Allocate</nodeName>
  <nodeInstanceId>5</nodeInstanceId>
</org.drools.audit.event.RuleFlowNodeLogEvent>
<org.drools.audit.event.RuleFlowGroupLogEvent>
  <type>12</type>
  <groupName>allocate</groupName>
  <size>1</size>
</org.drools.audit.event.RuleFlowGroupLogEvent>
<org.drools.audit.event.RuleFlowGroupLogEvent>
  <type>13</type>
  <groupName>allocate</groupName>
  <size>1</size>
</org.drools.audit.event.RuleFlowGroupLogEvent>
<org.drools.audit.event.RuleFlowNodeLogEvent>
  <type>25</type>
  <processId>allocation.Simulation</processId>
  <processName>Simulation</processName>
  <processInstanceId>4</processInstanceId>
  <nodeId>8</nodeId>
  <nodeName>Allocate</nodeName>
  <nodeInstanceId>5</nodeInstanceId>
</org.drools.audit.event.RuleFlowNodeLogEvent>
<org.drools.audit.event.RuleFlowNodeLogEvent>
  <type>27</type>
  <processId>allocation.Simulation</processId>
  <processName>Simulation</processName>
  <processInstanceId>4</processInstanceId>
  <nodeId>7</nodeId>
  <nodeName>Demand</nodeName>
  <nodeInstanceId>4</nodeInstanceId>
</org.drools.audit.event.RuleFlowNodeLogEvent>
<org.drools.audit.event.ActivationLogEvent>
  <type>6</type>
  <activationId>Do allocation - raMethod QUEUE [6, 5, 1, 2]</activationId>
  <rule>Do allocation - raMethod QUEUE</rule>
  <declarations>$hd=allocation.newagents.Head@5c1e10e(5); $inst=Institution [id=0, state=CFV, round=3, allocationMethod=QUEUE](2); $pools=[CommonPool 0 [resourceLevel=377.60258571581085, maxLevel=500.0]](2); $round=3(2); $demands=[Demand [quantity=0.0], Demand [quantity=51.15728759837802], Demand [quantity=0.0], Demand [quantity=0.0], Demand [quantity=52.166307022016454]](6); $pool=CommonPool 0 [resourceLevel=377.60258571581085, maxLevel=500.0](1); $iid=0(2)</declarations>
  <ruleFlowGroup>allocate</ruleFlowGroup>
</org.drools.audit.event.ActivationLogEvent>
<org.drools.audit.event.ActivationLogEvent>
  <type>5</type>
  <activationId>Member appropriation - no allocation [1, 2, 9, 4]</activationId>
  <rule>Member appropriation - no allocation</rule>
  <declarations>$i=Institution [id=0, state=CFV, round=3, allocationMethod=QUEUE](2); $t=3(4); $member=allocation.newagents.Member@5c1e10f(9); $pid=0(9); $round=3(2); $pool=CommonPool 0 [resourceLevel=377.60258571581085, maxLevel=500.0](1); $iid=0(9)</declarations>
  <ruleFlowGroup>appropriate</ruleFlowGroup>
</org.drools.audit.event.ActivationLogEvent>
<org.drools.audit.event.ActivationLogEvent>
  <type>4</type>
  <activationId>Member appropriation - allocated [248, 1, 2, 9]</activationId>
  <rule>Member appropriation - allocated</rule>
  <declarations>$all=Allocation [quantity=0.0, agent=elf 1, round=3](248); $i=Institution [id=0, state=CFV, round=3, allocationMethod=QUEUE](2); $member=allocation.newagents.Member@5c1e10f(9); $pid=0(9); $round=3(2); $pool=CommonPool 0 [resourceLevel=377.60258571581085, maxLevel=500.0](1); $iid=0(9)</declarations>
  <ruleFlowGroup>appropriate</ruleFlowGroup>
</org.drools.audit.event.ActivationLogEvent>
<org.drools.audit.event.ObjectLogEvent>
  <type>1</type>
  <factId>248</factId>
  <objectToString>Allocation [quantity=0.0, agent=elf 1, round=3]</objectToString>
</org.drools.audit.event.ObjectLogEvent>
<org.drools.audit.event.ActivationLogEvent>
  <type>5</type>
  <activationId>Member appropriation - no allocation [1, 2, 10, 4]</activationId>
  <rule>Member appropriation - no allocation</rule>
  <declarations>$i=Institution [id=0, state=CFV, round=3, allocationMethod=QUEUE](2); $t=3(4); $member=allocation.newagents.Member@5c1e110(10); $pid=0(10); $round=3(2); $pool=CommonPool 0 [resourceLevel=377.60258571581085, maxLevel=500.0](1); $iid=0(10)</declarations>
  <ruleFlowGroup>appropriate</ruleFlowGroup>
</org.drools.audit.event.ActivationLogEvent>
<org.drools.audit.event.ActivationLogEvent>
  <type>4</type>
  <activationId>Member appropriation - allocated [249, 1, 2, 10]</activationId>
  <rule>Member appropriation - allocated</rule>
  <declarations>$all=Allocation [quantity=0.0, agent=elf 2, round=3](249); $i=Institution [id=0, state=CFV, round=3, allocationMethod=QUEUE](2); $member=allocation.newagents.Member@5c1e110(10); $pid=0(10); $round=3(2); $pool=CommonPool 0 [resourceLevel=377.60258571581085, maxLevel=500.0](1); $iid=0(10)</declarations>
  <ruleFlowGroup>appropriate</ruleFlowGroup>
</org.drools.audit.event.ActivationLogEvent>
<org.drools.audit.event.ObjectLogEvent>
  <type>1</type>
  <factId>249</factId>
  <objectToString>Allocation [quantity=0.0, agent=elf 2, round=3]</objectToString>
</org.drools.audit.event.ObjectLogEvent>
<org.drools.audit.event.ActivationLogEvent>
  <type>5</type>
  <activationId>Member appropriation - no allocation [1, 2, 12, 4]</activationId>
  <rule>Member appropriation - no allocation</rule>
  <declarations>$i=Institution [id=0, state=CFV, round=3, allocationMethod=QUEUE](2); $t=3(4); $member=allocation.newagents.Member@5c1e112(12); $pid=0(12); $round=3(2); $pool=CommonPool 0 [resourceLevel=377.60258571581085, maxLevel=500.0](1); $iid=0(12)</declarations>
  <ruleFlowGroup>appropriate</ruleFlowGroup>
</org.drools.audit.event.ActivationLogEvent>
<org.drools.audit.event.ActivationLogEvent>
  <type>4</type>
  <activationId>Member appropriation - allocated [250, 1, 2, 12]</activationId>
  <rule>Member appropriation - allocated</rule>
  <declarations>$all=Allocation [quantity=0.0, agent=elf 4, round=3](250); $i=Institution [id=0, state=CFV, round=3, allocationMethod=QUEUE](2); $member=allocation.newagents.Member@5c1e112(12); $pid=0(12); $round=3(2); $pool=CommonPool 0 [resourceLevel=377.60258571581085, maxLevel=500.0](1); $iid=0(12)</declarations>
  <ruleFlowGroup>appropriate</ruleFlowGroup>
</org.drools.audit.event.ActivationLogEvent>
<org.drools.audit.event.ObjectLogEvent>
  <type>1</type>
  <factId>250</factId>
  <objectToString>Allocation [quantity=0.0, agent=elf 4, round=3]</objectToString>
</org.drools.audit.event.ObjectLogEvent>
<org.drools.audit.event.ActivationLogEvent>
  <type>5</type>
  <activationId>Member appropriation - no allocation [1, 2, 5, 4]</activationId>
  <rule>Member appropriation - no allocation</rule>
  <declarations>$i=Institution [id=0, state=CFV, round=3, allocationMethod=QUEUE](2); $t=3(4); $member=allocation.newagents.Head@5c1e10e(5); $pid=0(5); $round=3(2); $pool=CommonPool 0 [resourceLevel=377.60258571581085, maxLevel=500.0](1); $iid=0(5)</declarations>
  <ruleFlowGroup>appropriate</ruleFlowGroup>
</org.drools.audit.event.ActivationLogEvent>
<org.drools.audit.event.ActivationLogEvent>
  <type>4</type>
  <activationId>Member appropriation - allocated [251, 1, 2, 5]</activationId>
  <rule>Member appropriation - allocated</rule>
  <declarations>$all=Allocation [quantity=52.166307022016454, agent=elf 0, round=3](251); $i=Institution [id=0, state=CFV, round=3, allocationMethod=QUEUE](2); $member=allocation.newagents.Head@5c1e10e(5); $pid=0(5); $round=3(2); $pool=CommonPool 0 [resourceLevel=377.60258571581085, maxLevel=500.0](1); $iid=0(5)</declarations>
  <ruleFlowGroup>appropriate</ruleFlowGroup>
</org.drools.audit.event.ActivationLogEvent>
<org.drools.audit.event.ObjectLogEvent>
  <type>1</type>
  <factId>251</factId>
  <objectToString>Allocation [quantity=52.166307022016454, agent=elf 0, round=3]</objectToString>
</org.drools.audit.event.ObjectLogEvent>
<org.drools.audit.event.ActivationLogEvent>
  <type>5</type>
  <activationId>Member appropriation - no allocation [1, 2, 11, 4]</activationId>
  <rule>Member appropriation - no allocation</rule>
  <declarations>$i=Institution [id=0, state=CFV, round=3, allocationMethod=QUEUE](2); $t=3(4); $member=allocation.newagents.Member@5c1e111(11); $pid=0(11); $round=3(2); $pool=CommonPool 0 [resourceLevel=377.60258571581085, maxLevel=500.0](1); $iid=0(11)</declarations>
  <ruleFlowGroup>appropriate</ruleFlowGroup>
</org.drools.audit.event.ActivationLogEvent>
<org.drools.audit.event.ActivationLogEvent>
  <type>4</type>
  <activationId>Member appropriation - allocated [252, 1, 2, 11]</activationId>
  <rule>Member appropriation - allocated</rule>
  <declarations>$all=Allocation [quantity=51.15728759837802, agent=elf 3, round=3](252); $i=Institution [id=0, state=CFV, round=3, allocationMethod=QUEUE](2); $member=allocation.newagents.Member@5c1e111(11); $pid=0(11); $round=3(2); $pool=CommonPool 0 [resourceLevel=377.60258571581085, maxLevel=500.0](1); $iid=0(11)</declarations>
  <ruleFlowGroup>appropriate</ruleFlowGroup>
</org.drools.audit.event.ActivationLogEvent>
<org.drools.audit.event.ObjectLogEvent>
  <type>1</type>
  <factId>252</factId>
  <objectToString>Allocation [quantity=51.15728759837802, agent=elf 3, round=3]</objectToString>
</org.drools.audit.event.ObjectLogEvent>
<org.drools.audit.event.ActivationLogEvent>
  <type>7</type>
  <activationId>Do allocation - raMethod QUEUE [6, 5, 1, 2]</activationId>
  <rule>Do allocation - raMethod QUEUE</rule>
  <declarations>$hd=allocation.newagents.Head@5c1e10e(5); $inst=Institution [id=0, state=CFV, round=3, allocationMethod=QUEUE](2); $pools=[CommonPool 0 [resourceLevel=377.60258571581085, maxLevel=500.0]](2); $round=3(2); $demands=[Demand [quantity=0.0], Demand [quantity=51.15728759837802], Demand [quantity=0.0], Demand [quantity=52.166307022016454], Demand [quantity=0.0]](6); $pool=CommonPool 0 [resourceLevel=377.60258571581085, maxLevel=500.0](1); $iid=0(2)</declarations>
  <ruleFlowGroup>allocate</ruleFlowGroup>
</org.drools.audit.event.ActivationLogEvent>
<org.drools.audit.event.RuleFlowGroupLogEvent>
  <type>14</type>
  <groupName>allocate</groupName>
  <size>0</size>
</org.drools.audit.event.RuleFlowGroupLogEvent>
<org.drools.audit.event.RuleFlowGroupLogEvent>
  <type>15</type>
  <groupName>allocate</groupName>
  <size>0</size>
</org.drools.audit.event.RuleFlowGroupLogEvent>
<org.drools.audit.event.RuleFlowNodeLogEvent>
  <type>26</type>
  <processId>allocation.Simulation</processId>
  <processName>Simulation</processName>
  <processInstanceId>4</processInstanceId>
  <nodeId>8</nodeId>
  <nodeName>Allocate</nodeName>
  <nodeInstanceId>5</nodeInstanceId>
</org.drools.audit.event.RuleFlowNodeLogEvent>
<org.drools.audit.event.RuleFlowNodeLogEvent>
  <type>24</type>
  <processId>allocation.Simulation</processId>
  <processName>Simulation</processName>
  <processInstanceId>4</processInstanceId>
  <nodeId>9</nodeId>
  <nodeName>Appropriate</nodeName>
  <nodeInstanceId>6</nodeInstanceId>
</org.drools.audit.event.RuleFlowNodeLogEvent>
<org.drools.audit.event.RuleFlowGroupLogEvent>
  <type>12</type>
  <groupName>appropriate</groupName>
  <size>8</size>
</org.drools.audit.event.RuleFlowGroupLogEvent>
<org.drools.audit.event.RuleFlowGroupLogEvent>
  <type>13</type>
  <groupName>appropriate</groupName>
  <size>8</size>
</org.drools.audit.event.RuleFlowGroupLogEvent>
<org.drools.audit.event.RuleFlowNodeLogEvent>
  <type>25</type>
  <processId>allocation.Simulation</processId>
  <processName>Simulation</processName>
  <processInstanceId>4</processInstanceId>
  <nodeId>9</nodeId>
  <nodeName>Appropriate</nodeName>
  <nodeInstanceId>6</nodeInstanceId>
</org.drools.audit.event.RuleFlowNodeLogEvent>
<org.drools.audit.event.RuleFlowNodeLogEvent>
  <type>27</type>
  <processId>allocation.Simulation</processId>
  <processName>Simulation</processName>
  <processInstanceId>4</processInstanceId>
  <nodeId>8</nodeId>
  <nodeName>Allocate</nodeName>
  <nodeInstanceId>5</nodeInstanceId>
</org.drools.audit.event.RuleFlowNodeLogEvent>
<org.drools.audit.event.ActivationLogEvent>
  <type>6</type>
  <activationId>Member appropriation - allocated [252, 1, 2, 11]</activationId>
  <rule>Member appropriation - allocated</rule>
  <declarations>$all=Allocation [quantity=51.15728759837802, agent=elf 3, round=3](252); $i=Institution [id=0, state=CFV, round=3, allocationMethod=QUEUE](2); $member=allocation.newagents.Member@5c1e111(11); $pid=0(11); $round=3(2); $pool=CommonPool 0 [resourceLevel=377.60258571581085, maxLevel=500.0](1); $iid=0(11)</declarations>
  <ruleFlowGroup>appropriate</ruleFlowGroup>
</org.drools.audit.event.ActivationLogEvent>
<org.drools.audit.event.ObjectLogEvent>
  <type>1</type>
  <factId>253</factId>
  <objectToString>Appropriated( agent=elf 3, round=3, quantity=51.15728759837802 )</objectToString>
</org.drools.audit.event.ObjectLogEvent>
<org.drools.audit.event.ActivationLogEvent>
  <type>4</type>
  <activationId>Vote for RA method [1, 2, 5]</activationId>
  <rule>Vote for RA method</rule>
  <declarations>$i=Institution [id=0, state=CFV, round=3, allocationMethod=QUEUE](2); $member=allocation.newagents.Head@5c1e10e(5); $pid=0(5); $r=3(2); $pool=CommonPool 0 [resourceLevel=326.4452981174328, maxLevel=500.0](1); $iid=0(5)</declarations>
  <ruleFlowGroup>vote</ruleFlowGroup>
</org.drools.audit.event.ActivationLogEvent>
<org.drools.audit.event.ActivationLogEvent>
  <type>4</type>
  <activationId>Vote for RA method [1, 2, 9]</activationId>
  <rule>Vote for RA method</rule>
  <declarations>$i=Institution [id=0, state=CFV, round=3, allocationMethod=QUEUE](2); $member=allocation.newagents.Member@5c1e10f(9); $pid=0(9); $r=3(2); $pool=CommonPool 0 [resourceLevel=326.4452981174328, maxLevel=500.0](1); $iid=0(9)</declarations>
  <ruleFlowGroup>vote</ruleFlowGroup>
</org.drools.audit.event.ActivationLogEvent>
<org.drools.audit.event.ActivationLogEvent>
  <type>4</type>
  <activationId>Vote for RA method [1, 2, 10]</activationId>
  <rule>Vote for RA method</rule>
  <declarations>$i=Institution [id=0, state=CFV, round=3, allocationMethod=QUEUE](2); $member=allocation.newagents.Member@5c1e110(10); $pid=0(10); $r=3(2); $pool=CommonPool 0 [resourceLevel=326.4452981174328, maxLevel=500.0](1); $iid=0(10)</declarations>
  <ruleFlowGroup>vote</ruleFlowGroup>
</org.drools.audit.event.ActivationLogEvent>
<org.drools.audit.event.ActivationLogEvent>
  <type>4</type>
  <activationId>Vote for RA method [1, 2, 11]</activationId>
  <rule>Vote for RA method</rule>
  <declarations>$i=Institution [id=0, state=CFV, round=3, allocationMethod=QUEUE](2); $member=allocation.newagents.Member@5c1e111(11); $pid=0(11); $r=3(2); $pool=CommonPool 0 [resourceLevel=326.4452981174328, maxLevel=500.0](1); $iid=0(11)</declarations>
  <ruleFlowGroup>vote</ruleFlowGroup>
</org.drools.audit.event.ActivationLogEvent>
<org.drools.audit.event.ActivationLogEvent>
  <type>4</type>
  <activationId>Vote for RA method [1, 2, 12]</activationId>
  <rule>Vote for RA method</rule>
  <declarations>$i=Institution [id=0, state=CFV, round=3, allocationMethod=QUEUE](2); $member=allocation.newagents.Member@5c1e112(12); $pid=0(12); $r=3(2); $pool=CommonPool 0 [resourceLevel=326.4452981174328, maxLevel=500.0](1); $iid=0(12)</declarations>
  <ruleFlowGroup>vote</ruleFlowGroup>
</org.drools.audit.event.ActivationLogEvent>
<org.drools.audit.event.ActivationLogEvent>
  <type>4</type>
  <activationId>Member Demands [5, 1, 2]</activationId>
  <rule>Member Demands</rule>
  <declarations>$member=allocation.newagents.Head@5c1e10e(5); $inst=Institution [id=0, state=CFV, round=3, allocationMethod=QUEUE](2); $pools=[CommonPool 0 [resourceLevel=326.4452981174328, maxLevel=500.0]](2); $round=3(2); $pool=CommonPool 0 [resourceLevel=326.4452981174328, maxLevel=500.0](1); $iid=0(2)</declarations>
  <ruleFlowGroup>demand</ruleFlowGroup>
</org.drools.audit.event.ActivationLogEvent>
<org.drools.audit.event.ActivationLogEvent>
  <type>4</type>
  <activationId>Member Demands [9, 1, 2]</activationId>
  <rule>Member Demands</rule>
  <declarations>$member=allocation.newagents.Member@5c1e10f(9); $inst=Institution [id=0, state=CFV, round=3, allocationMethod=QUEUE](2); $pools=[CommonPool 0 [resourceLevel=326.4452981174328, maxLevel=500.0]](2); $round=3(2); $pool=CommonPool 0 [resourceLevel=326.4452981174328, maxLevel=500.0](1); $iid=0(2)</declarations>
  <ruleFlowGroup>demand</ruleFlowGroup>
</org.drools.audit.event.ActivationLogEvent>
<org.drools.audit.event.ActivationLogEvent>
  <type>4</type>
  <activationId>Member Demands [10, 1, 2]</activationId>
  <rule>Member Demands</rule>
  <declarations>$member=allocation.newagents.Member@5c1e110(10); $inst=Institution [id=0, state=CFV, round=3, allocationMethod=QUEUE](2); $pools=[CommonPool 0 [resourceLevel=326.4452981174328, maxLevel=500.0]](2); $round=3(2); $pool=CommonPool 0 [resourceLevel=326.4452981174328, maxLevel=500.0](1); $iid=0(2)</declarations>
  <ruleFlowGroup>demand</ruleFlowGroup>
</org.drools.audit.event.ActivationLogEvent>
<org.drools.audit.event.ActivationLogEvent>
  <type>4</type>
  <activationId>Member Demands [11, 1, 2]</activationId>
  <rule>Member Demands</rule>
  <declarations>$member=allocation.newagents.Member@5c1e111(11); $inst=Institution [id=0, state=CFV, round=3, allocationMethod=QUEUE](2); $pools=[CommonPool 0 [resourceLevel=326.4452981174328, maxLevel=500.0]](2); $round=3(2); $pool=CommonPool 0 [resourceLevel=326.4452981174328, maxLevel=500.0](1); $iid=0(2)</declarations>
  <ruleFlowGroup>demand</ruleFlowGroup>
</org.drools.audit.event.ActivationLogEvent>
<org.drools.audit.event.ActivationLogEvent>
  <type>4</type>
  <activationId>Member Demands [12, 1, 2]</activationId>
  <rule>Member Demands</rule>
  <declarations>$member=allocation.newagents.Member@5c1e112(12); $inst=Institution [id=0, state=CFV, round=3, allocationMethod=QUEUE](2); $pools=[CommonPool 0 [resourceLevel=326.4452981174328, maxLevel=500.0]](2); $round=3(2); $pool=CommonPool 0 [resourceLevel=326.4452981174328, maxLevel=500.0](1); $iid=0(2)</declarations>
  <ruleFlowGroup>demand</ruleFlowGroup>
</org.drools.audit.event.ActivationLogEvent>
<org.drools.audit.event.ActivationLogEvent>
  <type>4</type>
  <activationId>Do allocation - raMethod QUEUE [6, 5, 1, 2]</activationId>
  <rule>Do allocation - raMethod QUEUE</rule>
  <declarations>$hd=allocation.newagents.Head@5c1e10e(5); $inst=Institution [id=0, state=CFV, round=3, allocationMethod=QUEUE](2); $pools=[CommonPool 0 [resourceLevel=326.4452981174328, maxLevel=500.0]](2); $round=3(2); $demands=[Demand [quantity=0.0], Demand [quantity=51.15728759837802], Demand [quantity=0.0], Demand [quantity=52.166307022016454], Demand [quantity=0.0]](6); $pool=CommonPool 0 [resourceLevel=326.4452981174328, maxLevel=500.0](1); $iid=0(2)</declarations>
  <ruleFlowGroup>allocate</ruleFlowGroup>
</org.drools.audit.event.ActivationLogEvent>
<org.drools.audit.event.ObjectLogEvent>
  <type>2</type>
  <factId>1</factId>
  <objectToString>CommonPool 0 [resourceLevel=326.4452981174328, maxLevel=500.0]</objectToString>
</org.drools.audit.event.ObjectLogEvent>
<org.drools.audit.event.ActivationLogEvent>
  <type>7</type>
  <activationId>Member appropriation - allocated [252, 1, 2, 11]</activationId>
  <rule>Member appropriation - allocated</rule>
  <declarations>$all=Allocation [quantity=51.15728759837802, agent=elf 3, round=3](252); $i=Institution [id=0, state=CFV, round=3, allocationMethod=QUEUE](2); $member=allocation.newagents.Member@5c1e111(11); $pid=0(11); $round=3(2); $pool=CommonPool 0 [resourceLevel=326.4452981174328, maxLevel=500.0](1); $iid=0(11)</declarations>
  <ruleFlowGroup>appropriate</ruleFlowGroup>
</org.drools.audit.event.ActivationLogEvent>
<org.drools.audit.event.ActivationLogEvent>
  <type>6</type>
  <activationId>Member appropriation - allocated [251, 1, 2, 5]</activationId>
  <rule>Member appropriation - allocated</rule>
  <declarations>$all=Allocation [quantity=52.166307022016454, agent=elf 0, round=3](251); $i=Institution [id=0, state=CFV, round=3, allocationMethod=QUEUE](2); $member=allocation.newagents.Head@5c1e10e(5); $pid=0(5); $round=3(2); $pool=CommonPool 0 [resourceLevel=326.4452981174328, maxLevel=500.0](1); $iid=0(5)</declarations>
  <ruleFlowGroup>appropriate</ruleFlowGroup>
</org.drools.audit.event.ActivationLogEvent>
<org.drools.audit.event.ObjectLogEvent>
  <type>1</type>
  <factId>254</factId>
  <objectToString>Appropriated( agent=elf 0, round=3, quantity=52.166307022016454 )</objectToString>
</org.drools.audit.event.ObjectLogEvent>
<org.drools.audit.event.ObjectLogEvent>
  <type>2</type>
  <factId>1</factId>
  <objectToString>CommonPool 0 [resourceLevel=274.27899109541636, maxLevel=500.0]</objectToString>
</org.drools.audit.event.ObjectLogEvent>
<org.drools.audit.event.ActivationLogEvent>
  <type>7</type>
  <activationId>Member appropriation - allocated [251, 1, 2, 5]</activationId>
  <rule>Member appropriation - allocated</rule>
  <declarations>$all=Allocation [quantity=52.166307022016454, agent=elf 0, round=3](251); $i=Institution [id=0, state=CFV, round=3, allocationMethod=QUEUE](2); $member=allocation.newagents.Head@5c1e10e(5); $pid=0(5); $round=3(2); $pool=CommonPool 0 [resourceLevel=274.27899109541636, maxLevel=500.0](1); $iid=0(5)</declarations>
  <ruleFlowGroup>appropriate</ruleFlowGroup>
</org.drools.audit.event.ActivationLogEvent>
<org.drools.audit.event.ActivationLogEvent>
  <type>6</type>
  <activationId>Member appropriation - allocated [250, 1, 2, 12]</activationId>
  <rule>Member appropriation - allocated</rule>
  <declarations>$all=Allocation [quantity=0.0, agent=elf 4, round=3](250); $i=Institution [id=0, state=CFV, round=3, allocationMethod=QUEUE](2); $member=allocation.newagents.Member@5c1e112(12); $pid=0(12); $round=3(2); $pool=CommonPool 0 [resourceLevel=274.27899109541636, maxLevel=500.0](1); $iid=0(12)</declarations>
  <ruleFlowGroup>appropriate</ruleFlowGroup>
</org.drools.audit.event.ActivationLogEvent>
<org.drools.audit.event.ObjectLogEvent>
  <type>1</type>
  <factId>255</factId>
  <objectToString>Appropriated( agent=elf 4, round=3, quantity=0.0 )</objectToString>
</org.drools.audit.event.ObjectLogEvent>
<org.drools.audit.event.ObjectLogEvent>
  <type>2</type>
  <factId>1</factId>
  <objectToString>CommonPool 0 [resourceLevel=274.27899109541636, maxLevel=500.0]</objectToString>
</org.drools.audit.event.ObjectLogEvent>
<org.drools.audit.event.ActivationLogEvent>
  <type>7</type>
  <activationId>Member appropriation - allocated [250, 1, 2, 12]</activationId>
  <rule>Member appropriation - allocated</rule>
  <declarations>$all=Allocation [quantity=0.0, agent=elf 4, round=3](250); $i=Institution [id=0, state=CFV, round=3, allocationMethod=QUEUE](2); $member=allocation.newagents.Member@5c1e112(12); $pid=0(12); $round=3(2); $pool=CommonPool 0 [resourceLevel=274.27899109541636, maxLevel=500.0](1); $iid=0(12)</declarations>
  <ruleFlowGroup>appropriate</ruleFlowGroup>
</org.drools.audit.event.ActivationLogEvent>
<org.drools.audit.event.ActivationLogEvent>
  <type>6</type>
  <activationId>Member appropriation - allocated [249, 1, 2, 10]</activationId>
  <rule>Member appropriation - allocated</rule>
  <declarations>$all=Allocation [quantity=0.0, agent=elf 2, round=3](249); $i=Institution [id=0, state=CFV, round=3, allocationMethod=QUEUE](2); $member=allocation.newagents.Member@5c1e110(10); $pid=0(10); $round=3(2); $pool=CommonPool 0 [resourceLevel=274.27899109541636, maxLevel=500.0](1); $iid=0(10)</declarations>
  <ruleFlowGroup>appropriate</ruleFlowGroup>
</org.drools.audit.event.ActivationLogEvent>
<org.drools.audit.event.ObjectLogEvent>
  <type>1</type>
  <factId>256</factId>
  <objectToString>Appropriated( agent=elf 2, round=3, quantity=0.0 )</objectToString>
</org.drools.audit.event.ObjectLogEvent>
<org.drools.audit.event.ObjectLogEvent>
  <type>2</type>
  <factId>1</factId>
  <objectToString>CommonPool 0 [resourceLevel=274.27899109541636, maxLevel=500.0]</objectToString>
</org.drools.audit.event.ObjectLogEvent>
<org.drools.audit.event.ActivationLogEvent>
  <type>7</type>
  <activationId>Member appropriation - allocated [249, 1, 2, 10]</activationId>
  <rule>Member appropriation - allocated</rule>
  <declarations>$all=Allocation [quantity=0.0, agent=elf 2, round=3](249); $i=Institution [id=0, state=CFV, round=3, allocationMethod=QUEUE](2); $member=allocation.newagents.Member@5c1e110(10); $pid=0(10); $round=3(2); $pool=CommonPool 0 [resourceLevel=274.27899109541636, maxLevel=500.0](1); $iid=0(10)</declarations>
  <ruleFlowGroup>appropriate</ruleFlowGroup>
</org.drools.audit.event.ActivationLogEvent>
<org.drools.audit.event.ActivationLogEvent>
  <type>6</type>
  <activationId>Member appropriation - allocated [248, 1, 2, 9]</activationId>
  <rule>Member appropriation - allocated</rule>
  <declarations>$all=Allocation [quantity=0.0, agent=elf 1, round=3](248); $i=Institution [id=0, state=CFV, round=3, allocationMethod=QUEUE](2); $member=allocation.newagents.Member@5c1e10f(9); $pid=0(9); $round=3(2); $pool=CommonPool 0 [resourceLevel=274.27899109541636, maxLevel=500.0](1); $iid=0(9)</declarations>
  <ruleFlowGroup>appropriate</ruleFlowGroup>
</org.drools.audit.event.ActivationLogEvent>
<org.drools.audit.event.ObjectLogEvent>
  <type>1</type>
  <factId>257</factId>
  <objectToString>Appropriated( agent=elf 1, round=3, quantity=0.0 )</objectToString>
</org.drools.audit.event.ObjectLogEvent>
<org.drools.audit.event.ObjectLogEvent>
  <type>2</type>
  <factId>1</factId>
  <objectToString>CommonPool 0 [resourceLevel=274.27899109541636, maxLevel=500.0]</objectToString>
</org.drools.audit.event.ObjectLogEvent>
<org.drools.audit.event.ActivationLogEvent>
  <type>7</type>
  <activationId>Member appropriation - allocated [248, 1, 2, 9]</activationId>
  <rule>Member appropriation - allocated</rule>
  <declarations>$all=Allocation [quantity=0.0, agent=elf 1, round=3](248); $i=Institution [id=0, state=CFV, round=3, allocationMethod=QUEUE](2); $member=allocation.newagents.Member@5c1e10f(9); $pid=0(9); $round=3(2); $pool=CommonPool 0 [resourceLevel=274.27899109541636, maxLevel=500.0](1); $iid=0(9)</declarations>
  <ruleFlowGroup>appropriate</ruleFlowGroup>
</org.drools.audit.event.ActivationLogEvent>
<org.drools.audit.event.ActivationLogEvent>
  <type>6</type>
  <activationId>Monitor agents [205, 204, 1, 5, 2]</activationId>
  <rule>Monitor agents</rule>
  <declarations>$members=[allocation.newagents.Head@5c1e10e, allocation.newagents.Member@5c1e10f, allocation.newagents.Member@5c1e111, allocation.newagents.Member@5c1e110, allocation.newagents.Member@5c1e112](204); $i=Institution [id=0, state=CFV, round=3, allocationMethod=QUEUE](2); $head=allocation.newagents.Head@5c1e10e(5); $pid=0(5); $round=3(2); $pool=CommonPool 0 [resourceLevel=274.27899109541636, maxLevel=500.0](1); $iid=0(2); $nonMembers=[allocation.newagents.NonMember@38f9281, allocation.newagents.NonMember@38f9280, allocation.newagents.Head@5c1e10e, allocation.newagents.Member@5c1e10f, allocation.newagents.Member@5c1e111, allocation.newagents.Member@5c1e110, allocation.newagents.Member@5c1e112](205)</declarations>
  <ruleFlowGroup>appropriate</ruleFlowGroup>
</org.drools.audit.event.ActivationLogEvent>
<org.drools.audit.event.ActivationLogEvent>
  <type>4</type>
  <activationId>Deduct member monitoring cost [1, 9, 258, 2]</activationId>
  <rule>Deduct member monitoring cost</rule>
  <declarations>$i=Institution [id=0, state=CFV, round=3, allocationMethod=QUEUE](2); $name=elf 1(258); $pid=0(9); $round=3(2); $pool=CommonPool 0 [resourceLevel=274.27899109541636, maxLevel=500.0](1); $m=Monitored( agent=elf 1, round=3 )(258); $iid=0(2)</declarations>
  <ruleFlowGroup>appropriate</ruleFlowGroup>
</org.drools.audit.event.ActivationLogEvent>
<org.drools.audit.event.ObjectLogEvent>
  <type>1</type>
  <factId>258</factId>
  <objectToString>Monitored( agent=elf 1, round=3 )</objectToString>
</org.drools.audit.event.ObjectLogEvent>
<org.drools.audit.event.ActivationLogEvent>
  <type>4</type>
  <activationId>Deduct member monitoring cost [1, 10, 259, 2]</activationId>
  <rule>Deduct member monitoring cost</rule>
  <declarations>$i=Institution [id=0, state=CFV, round=3, allocationMethod=QUEUE](2); $name=elf 2(259); $pid=0(10); $round=3(2); $pool=CommonPool 0 [resourceLevel=274.27899109541636, maxLevel=500.0](1); $m=Monitored( agent=elf 2, round=3 )(259); $iid=0(2)</declarations>
  <ruleFlowGroup>appropriate</ruleFlowGroup>
</org.drools.audit.event.ActivationLogEvent>
<org.drools.audit.event.ObjectLogEvent>
  <type>1</type>
  <factId>259</factId>
  <objectToString>Monitored( agent=elf 2, round=3 )</objectToString>
</org.drools.audit.event.ObjectLogEvent>
<org.drools.audit.event.ActivationLogEvent>
  <type>4</type>
  <activationId>Deduct member monitoring cost [1, 11, 260, 2]</activationId>
  <rule>Deduct member monitoring cost</rule>
  <declarations>$i=Institution [id=0, state=CFV, round=3, allocationMethod=QUEUE](2); $name=elf 3(260); $pid=0(11); $round=3(2); $pool=CommonPool 0 [resourceLevel=274.27899109541636, maxLevel=500.0](1); $m=Monitored( agent=elf 3, round=3 )(260); $iid=0(2)</declarations>
  <ruleFlowGroup>appropriate</ruleFlowGroup>
</org.drools.audit.event.ActivationLogEvent>
<org.drools.audit.event.ObjectLogEvent>
  <type>1</type>
  <factId>260</factId>
  <objectToString>Monitored( agent=elf 3, round=3 )</objectToString>
</org.drools.audit.event.ObjectLogEvent>
<org.drools.audit.event.ActivationLogEvent>
  <type>4</type>
  <activationId>Deduct member monitoring cost [1, 12, 261, 2]</activationId>
  <rule>Deduct member monitoring cost</rule>
  <declarations>$i=Institution [id=0, state=CFV, round=3, allocationMethod=QUEUE](2); $name=elf 4(261); $pid=0(12); $round=3(2); $pool=CommonPool 0 [resourceLevel=274.27899109541636, maxLevel=500.0](1); $m=Monitored( agent=elf 4, round=3 )(261); $iid=0(2)</declarations>
  <ruleFlowGroup>appropriate</ruleFlowGroup>
</org.drools.audit.event.ActivationLogEvent>
<org.drools.audit.event.ObjectLogEvent>
  <type>1</type>
  <factId>261</factId>
  <objectToString>Monitored( agent=elf 4, round=3 )</objectToString>
</org.drools.audit.event.ObjectLogEvent>
<org.drools.audit.event.ActivationLogEvent>
  <type>4</type>
  <activationId>Deduct nonmember monitoring cost [14, 262, 2, 1]</activationId>
  <rule>Deduct nonmember monitoring cost</rule>
  <declarations>$i=Institution [id=0, state=CFV, round=3, allocationMethod=QUEUE](2); $name=outelf 1(262); $pid=0(1); $round=3(2); $m=Monitored( agent=outelf 1, round=3 )(262); $pool=CommonPool 0 [resourceLevel=274.27899109541636, maxLevel=500.0](1)</declarations>
  <ruleFlowGroup>appropriate</ruleFlowGroup>
</org.drools.audit.event.ActivationLogEvent>
<org.drools.audit.event.ObjectLogEvent>
  <type>1</type>
  <factId>262</factId>
  <objectToString>Monitored( agent=outelf 1, round=3 )</objectToString>
</org.drools.audit.event.ObjectLogEvent>
<org.drools.audit.event.ActivationLogEvent>
  <type>4</type>
  <activationId>Deduct member monitoring cost [1, 5, 263, 2]</activationId>
  <rule>Deduct member monitoring cost</rule>
  <declarations>$i=Institution [id=0, state=CFV, round=3, allocationMethod=QUEUE](2); $name=elf 0(263); $pid=0(5); $round=3(2); $pool=CommonPool 0 [resourceLevel=274.27899109541636, maxLevel=500.0](1); $m=Monitored( agent=elf 0, round=3 )(263); $iid=0(2)</declarations>
  <ruleFlowGroup>appropriate</ruleFlowGroup>
</org.drools.audit.event.ActivationLogEvent>
<org.drools.audit.event.ObjectLogEvent>
  <type>1</type>
  <factId>263</factId>
  <objectToString>Monitored( agent=elf 0, round=3 )</objectToString>
</org.drools.audit.event.ObjectLogEvent>
<org.drools.audit.event.ActivationLogEvent>
  <type>4</type>
  <activationId>Deduct nonmember monitoring cost [13, 264, 2, 1]</activationId>
  <rule>Deduct nonmember monitoring cost</rule>
  <declarations>$i=Institution [id=0, state=CFV, round=3, allocationMethod=QUEUE](2); $name=outelf 0(264); $pid=0(1); $round=3(2); $m=Monitored( agent=outelf 0, round=3 )(264); $pool=CommonPool 0 [resourceLevel=274.27899109541636, maxLevel=500.0](1)</declarations>
  <ruleFlowGroup>appropriate</ruleFlowGroup>
</org.drools.audit.event.ActivationLogEvent>
<org.drools.audit.event.ObjectLogEvent>
  <type>1</type>
  <factId>264</factId>
  <objectToString>Monitored( agent=outelf 0, round=3 )</objectToString>
</org.drools.audit.event.ObjectLogEvent>
<org.drools.audit.event.ObjectLogEvent>
  <type>1</type>
  <factId>265</factId>
  <objectToString>TaskExecuted( institution=Institution [id=0, state=CFV, round=3, allocationMethod=QUEUE], task=monitor, round=3 )</objectToString>
</org.drools.audit.event.ObjectLogEvent>
<org.drools.audit.event.ActivationLogEvent>
  <type>7</type>
  <activationId>Monitor agents [205, 204, 1, 5, 2]</activationId>
  <rule>Monitor agents</rule>
  <declarations>$members=[allocation.newagents.Head@5c1e10e, allocation.newagents.Member@5c1e10f, allocation.newagents.Member@5c1e111, allocation.newagents.Member@5c1e110, allocation.newagents.Member@5c1e112](204); $i=Institution [id=0, state=CFV, round=3, allocationMethod=QUEUE](2); $head=allocation.newagents.Head@5c1e10e(5); $pid=0(5); $round=3(2); $pool=CommonPool 0 [resourceLevel=274.27899109541636, maxLevel=500.0](1); $iid=0(2); $nonMembers=[allocation.newagents.NonMember@38f9281, allocation.newagents.NonMember@38f9280, allocation.newagents.Head@5c1e10e, allocation.newagents.Member@5c1e10f, allocation.newagents.Member@5c1e111, allocation.newagents.Member@5c1e110, allocation.newagents.Member@5c1e112](205)</declarations>
  <ruleFlowGroup>appropriate</ruleFlowGroup>
</org.drools.audit.event.ActivationLogEvent>
<org.drools.audit.event.ActivationLogEvent>
  <type>6</type>
  <activationId>NonMember appropriation [1, 14, 4]</activationId>
  <rule>NonMember appropriation</rule>
  <declarations>$t=3(4); $pid=0(14); $nonmember=allocation.newagents.NonMember@38f9281(14); $pool=CommonPool 0 [resourceLevel=274.27899109541636, maxLevel=500.0](1)</declarations>
  <ruleFlowGroup>appropriate</ruleFlowGroup>
</org.drools.audit.event.ActivationLogEvent>
<org.drools.audit.event.ObjectLogEvent>
  <type>1</type>
  <factId>266</factId>
  <objectToString>Appropriated( agent=outelf 1, round=3, quantity=0.0 )</objectToString>
</org.drools.audit.event.ObjectLogEvent>
<org.drools.audit.event.ObjectLogEvent>
  <type>2</type>
  <factId>1</factId>
  <objectToString>CommonPool 0 [resourceLevel=274.27899109541636, maxLevel=500.0]</objectToString>
</org.drools.audit.event.ObjectLogEvent>
<org.drools.audit.event.ActivationLogEvent>
  <type>7</type>
  <activationId>NonMember appropriation [1, 14, 4]</activationId>
  <rule>NonMember appropriation</rule>
  <declarations>$t=3(4); $pid=0(14); $nonmember=allocation.newagents.NonMember@38f9281(14); $pool=CommonPool 0 [resourceLevel=274.27899109541636, maxLevel=500.0](1)</declarations>
  <ruleFlowGroup>appropriate</ruleFlowGroup>
</org.drools.audit.event.ActivationLogEvent>
<org.drools.audit.event.ActivationLogEvent>
  <type>6</type>
  <activationId>NonMember appropriation [1, 13, 4]</activationId>
  <rule>NonMember appropriation</rule>
  <declarations>$t=3(4); $pid=0(13); $nonmember=allocation.newagents.NonMember@38f9280(13); $pool=CommonPool 0 [resourceLevel=274.27899109541636, maxLevel=500.0](1)</declarations>
  <ruleFlowGroup>appropriate</ruleFlowGroup>
</org.drools.audit.event.ActivationLogEvent>
<org.drools.audit.event.ObjectLogEvent>
  <type>1</type>
  <factId>267</factId>
  <objectToString>Appropriated( agent=outelf 0, round=3, quantity=0.0 )</objectToString>
</org.drools.audit.event.ObjectLogEvent>
<org.drools.audit.event.ObjectLogEvent>
  <type>2</type>
  <factId>1</factId>
  <objectToString>CommonPool 0 [resourceLevel=274.27899109541636, maxLevel=500.0]</objectToString>
</org.drools.audit.event.ObjectLogEvent>
<org.drools.audit.event.ActivationLogEvent>
  <type>7</type>
  <activationId>NonMember appropriation [1, 13, 4]</activationId>
  <rule>NonMember appropriation</rule>
  <declarations>$t=3(4); $pid=0(13); $nonmember=allocation.newagents.NonMember@38f9280(13); $pool=CommonPool 0 [resourceLevel=274.27899109541636, maxLevel=500.0](1)</declarations>
  <ruleFlowGroup>appropriate</ruleFlowGroup>
</org.drools.audit.event.ActivationLogEvent>
<org.drools.audit.event.ActivationLogEvent>
  <type>6</type>
  <activationId>Deduct nonmember monitoring cost [13, 264, 2, 1]</activationId>
  <rule>Deduct nonmember monitoring cost</rule>
  <declarations>$i=Institution [id=0, state=CFV, round=3, allocationMethod=QUEUE](2); $name=outelf 0(264); $pid=0(1); $round=3(2); $m=Monitored( agent=outelf 0, round=3 )(264); $pool=CommonPool 0 [resourceLevel=274.27899109541636, maxLevel=500.0](1)</declarations>
  <ruleFlowGroup>appropriate</ruleFlowGroup>
</org.drools.audit.event.ActivationLogEvent>
<org.drools.audit.event.ObjectLogEvent>
  <type>2</type>
  <factId>1</factId>
  <objectToString>CommonPool 0 [resourceLevel=269.27899109541636, maxLevel=500.0]</objectToString>
</org.drools.audit.event.ObjectLogEvent>
<org.drools.audit.event.ObjectLogEvent>
  <type>1</type>
  <factId>268</factId>
  <objectToString>Deducted( monitor=Monitored( agent=outelf 0, round=3 ) )</objectToString>
</org.drools.audit.event.ObjectLogEvent>
<org.drools.audit.event.ActivationLogEvent>
  <type>7</type>
  <activationId>Deduct nonmember monitoring cost [13, 264, 2, 1]</activationId>
  <rule>Deduct nonmember monitoring cost</rule>
  <declarations>$i=Institution [id=0, state=CFV, round=3, allocationMethod=QUEUE](2); $name=outelf 0(264); $pid=0(1); $round=3(2); $m=Monitored( agent=outelf 0, round=3 )(264); $pool=CommonPool 0 [resourceLevel=269.27899109541636, maxLevel=500.0](1)</declarations>
  <ruleFlowGroup>appropriate</ruleFlowGroup>
</org.drools.audit.event.ActivationLogEvent>
<org.drools.audit.event.ActivationLogEvent>
  <type>6</type>
  <activationId>Deduct member monitoring cost [1, 5, 263, 2]</activationId>
  <rule>Deduct member monitoring cost</rule>
  <declarations>$i=Institution [id=0, state=CFV, round=3, allocationMethod=QUEUE](2); $name=elf 0(263); $pid=0(5); $round=3(2); $pool=CommonPool 0 [resourceLevel=269.27899109541636, maxLevel=500.0](1); $m=Monitored( agent=elf 0, round=3 )(263); $iid=0(2)</declarations>
  <ruleFlowGroup>appropriate</ruleFlowGroup>
</org.drools.audit.event.ActivationLogEvent>
<org.drools.audit.event.ObjectLogEvent>
  <type>2</type>
  <factId>1</factId>
  <objectToString>CommonPool 0 [resourceLevel=264.27899109541636, maxLevel=500.0]</objectToString>
</org.drools.audit.event.ObjectLogEvent>
<org.drools.audit.event.ObjectLogEvent>
  <type>1</type>
  <factId>269</factId>
  <objectToString>Deducted( monitor=Monitored( agent=elf 0, round=3 ) )</objectToString>
</org.drools.audit.event.ObjectLogEvent>
<org.drools.audit.event.ActivationLogEvent>
  <type>7</type>
  <activationId>Deduct member monitoring cost [1, 5, 263, 2]</activationId>
  <rule>Deduct member monitoring cost</rule>
  <declarations>$i=Institution [id=0, state=CFV, round=3, allocationMethod=QUEUE](2); $name=elf 0(263); $pid=0(5); $round=3(2); $pool=CommonPool 0 [resourceLevel=264.27899109541636, maxLevel=500.0](1); $m=Monitored( agent=elf 0, round=3 )(263); $iid=0(2)</declarations>
  <ruleFlowGroup>appropriate</ruleFlowGroup>
</org.drools.audit.event.ActivationLogEvent>
<org.drools.audit.event.ActivationLogEvent>
  <type>6</type>
  <activationId>Deduct nonmember monitoring cost [14, 262, 2, 1]</activationId>
  <rule>Deduct nonmember monitoring cost</rule>
  <declarations>$i=Institution [id=0, state=CFV, round=3, allocationMethod=QUEUE](2); $name=outelf 1(262); $pid=0(1); $round=3(2); $m=Monitored( agent=outelf 1, round=3 )(262); $pool=CommonPool 0 [resourceLevel=264.27899109541636, maxLevel=500.0](1)</declarations>
  <ruleFlowGroup>appropriate</ruleFlowGroup>
</org.drools.audit.event.ActivationLogEvent>
<org.drools.audit.event.ObjectLogEvent>
  <type>2</type>
  <factId>1</factId>
  <objectToString>CommonPool 0 [resourceLevel=259.27899109541636, maxLevel=500.0]</objectToString>
</org.drools.audit.event.ObjectLogEvent>
<org.drools.audit.event.ObjectLogEvent>
  <type>1</type>
  <factId>270</factId>
  <objectToString>Deducted( monitor=Monitored( agent=outelf 1, round=3 ) )</objectToString>
</org.drools.audit.event.ObjectLogEvent>
<org.drools.audit.event.ActivationLogEvent>
  <type>7</type>
  <activationId>Deduct nonmember monitoring cost [14, 262, 2, 1]</activationId>
  <rule>Deduct nonmember monitoring cost</rule>
  <declarations>$i=Institution [id=0, state=CFV, round=3, allocationMethod=QUEUE](2); $name=outelf 1(262); $pid=0(1); $round=3(2); $m=Monitored( agent=outelf 1, round=3 )(262); $pool=CommonPool 0 [resourceLevel=259.27899109541636, maxLevel=500.0](1)</declarations>
  <ruleFlowGroup>appropriate</ruleFlowGroup>
</org.drools.audit.event.ActivationLogEvent>
<org.drools.audit.event.ActivationLogEvent>
  <type>6</type>
  <activationId>Deduct member monitoring cost [1, 12, 261, 2]</activationId>
  <rule>Deduct member monitoring cost</rule>
  <declarations>$i=Institution [id=0, state=CFV, round=3, allocationMethod=QUEUE](2); $name=elf 4(261); $pid=0(12); $round=3(2); $pool=CommonPool 0 [resourceLevel=259.27899109541636, maxLevel=500.0](1); $m=Monitored( agent=elf 4, round=3 )(261); $iid=0(2)</declarations>
  <ruleFlowGroup>appropriate</ruleFlowGroup>
</org.drools.audit.event.ActivationLogEvent>
<org.drools.audit.event.ObjectLogEvent>
  <type>2</type>
  <factId>1</factId>
  <objectToString>CommonPool 0 [resourceLevel=254.27899109541636, maxLevel=500.0]</objectToString>
</org.drools.audit.event.ObjectLogEvent>
<org.drools.audit.event.ObjectLogEvent>
  <type>1</type>
  <factId>271</factId>
  <objectToString>Deducted( monitor=Monitored( agent=elf 4, round=3 ) )</objectToString>
</org.drools.audit.event.ObjectLogEvent>
<org.drools.audit.event.ActivationLogEvent>
  <type>7</type>
  <activationId>Deduct member monitoring cost [1, 12, 261, 2]</activationId>
  <rule>Deduct member monitoring cost</rule>
  <declarations>$i=Institution [id=0, state=CFV, round=3, allocationMethod=QUEUE](2); $name=elf 4(261); $pid=0(12); $round=3(2); $pool=CommonPool 0 [resourceLevel=254.27899109541636, maxLevel=500.0](1); $m=Monitored( agent=elf 4, round=3 )(261); $iid=0(2)</declarations>
  <ruleFlowGroup>appropriate</ruleFlowGroup>
</org.drools.audit.event.ActivationLogEvent>
<org.drools.audit.event.ActivationLogEvent>
  <type>6</type>
  <activationId>Deduct member monitoring cost [1, 11, 260, 2]</activationId>
  <rule>Deduct member monitoring cost</rule>
  <declarations>$i=Institution [id=0, state=CFV, round=3, allocationMethod=QUEUE](2); $name=elf 3(260); $pid=0(11); $round=3(2); $pool=CommonPool 0 [resourceLevel=254.27899109541636, maxLevel=500.0](1); $m=Monitored( agent=elf 3, round=3 )(260); $iid=0(2)</declarations>
  <ruleFlowGroup>appropriate</ruleFlowGroup>
</org.drools.audit.event.ActivationLogEvent>
<org.drools.audit.event.ObjectLogEvent>
  <type>2</type>
  <factId>1</factId>
  <objectToString>CommonPool 0 [resourceLevel=249.27899109541636, maxLevel=500.0]</objectToString>
</org.drools.audit.event.ObjectLogEvent>
<org.drools.audit.event.ObjectLogEvent>
  <type>1</type>
  <factId>272</factId>
  <objectToString>Deducted( monitor=Monitored( agent=elf 3, round=3 ) )</objectToString>
</org.drools.audit.event.ObjectLogEvent>
<org.drools.audit.event.ActivationLogEvent>
  <type>7</type>
  <activationId>Deduct member monitoring cost [1, 11, 260, 2]</activationId>
  <rule>Deduct member monitoring cost</rule>
  <declarations>$i=Institution [id=0, state=CFV, round=3, allocationMethod=QUEUE](2); $name=elf 3(260); $pid=0(11); $round=3(2); $pool=CommonPool 0 [resourceLevel=249.27899109541636, maxLevel=500.0](1); $m=Monitored( agent=elf 3, round=3 )(260); $iid=0(2)</declarations>
  <ruleFlowGroup>appropriate</ruleFlowGroup>
</org.drools.audit.event.ActivationLogEvent>
<org.drools.audit.event.ActivationLogEvent>
  <type>6</type>
  <activationId>Deduct member monitoring cost [1, 10, 259, 2]</activationId>
  <rule>Deduct member monitoring cost</rule>
  <declarations>$i=Institution [id=0, state=CFV, round=3, allocationMethod=QUEUE](2); $name=elf 2(259); $pid=0(10); $round=3(2); $pool=CommonPool 0 [resourceLevel=249.27899109541636, maxLevel=500.0](1); $m=Monitored( agent=elf 2, round=3 )(259); $iid=0(2)</declarations>
  <ruleFlowGroup>appropriate</ruleFlowGroup>
</org.drools.audit.event.ActivationLogEvent>
<org.drools.audit.event.ObjectLogEvent>
  <type>2</type>
  <factId>1</factId>
  <objectToString>CommonPool 0 [resourceLevel=244.27899109541636, maxLevel=500.0]</objectToString>
</org.drools.audit.event.ObjectLogEvent>
<org.drools.audit.event.ObjectLogEvent>
  <type>1</type>
  <factId>273</factId>
  <objectToString>Deducted( monitor=Monitored( agent=elf 2, round=3 ) )</objectToString>
</org.drools.audit.event.ObjectLogEvent>
<org.drools.audit.event.ActivationLogEvent>
  <type>7</type>
  <activationId>Deduct member monitoring cost [1, 10, 259, 2]</activationId>
  <rule>Deduct member monitoring cost</rule>
  <declarations>$i=Institution [id=0, state=CFV, round=3, allocationMethod=QUEUE](2); $name=elf 2(259); $pid=0(10); $round=3(2); $pool=CommonPool 0 [resourceLevel=244.27899109541636, maxLevel=500.0](1); $m=Monitored( agent=elf 2, round=3 )(259); $iid=0(2)</declarations>
  <ruleFlowGroup>appropriate</ruleFlowGroup>
</org.drools.audit.event.ActivationLogEvent>
<org.drools.audit.event.ActivationLogEvent>
  <type>6</type>
  <activationId>Deduct member monitoring cost [1, 9, 258, 2]</activationId>
  <rule>Deduct member monitoring cost</rule>
  <declarations>$i=Institution [id=0, state=CFV, round=3, allocationMethod=QUEUE](2); $name=elf 1(258); $pid=0(9); $round=3(2); $pool=CommonPool 0 [resourceLevel=244.27899109541636, maxLevel=500.0](1); $m=Monitored( agent=elf 1, round=3 )(258); $iid=0(2)</declarations>
  <ruleFlowGroup>appropriate</ruleFlowGroup>
</org.drools.audit.event.ActivationLogEvent>
<org.drools.audit.event.ObjectLogEvent>
  <type>2</type>
  <factId>1</factId>
  <objectToString>CommonPool 0 [resourceLevel=239.27899109541636, maxLevel=500.0]</objectToString>
</org.drools.audit.event.ObjectLogEvent>
<org.drools.audit.event.ObjectLogEvent>
  <type>1</type>
  <factId>274</factId>
  <objectToString>Deducted( monitor=Monitored( agent=elf 1, round=3 ) )</objectToString>
</org.drools.audit.event.ObjectLogEvent>
<org.drools.audit.event.ActivationLogEvent>
  <type>7</type>
  <activationId>Deduct member monitoring cost [1, 9, 258, 2]</activationId>
  <rule>Deduct member monitoring cost</rule>
  <declarations>$i=Institution [id=0, state=CFV, round=3, allocationMethod=QUEUE](2); $name=elf 1(258); $pid=0(9); $round=3(2); $pool=CommonPool 0 [resourceLevel=239.27899109541636, maxLevel=500.0](1); $m=Monitored( agent=elf 1, round=3 )(258); $iid=0(2)</declarations>
  <ruleFlowGroup>appropriate</ruleFlowGroup>
</org.drools.audit.event.ActivationLogEvent>
<org.drools.audit.event.RuleFlowGroupLogEvent>
  <type>14</type>
  <groupName>appropriate</groupName>
  <size>0</size>
</org.drools.audit.event.RuleFlowGroupLogEvent>
<org.drools.audit.event.RuleFlowGroupLogEvent>
  <type>15</type>
  <groupName>appropriate</groupName>
  <size>0</size>
</org.drools.audit.event.RuleFlowGroupLogEvent>
<org.drools.audit.event.RuleFlowNodeLogEvent>
  <type>26</type>
  <processId>allocation.Simulation</processId>
  <processName>Simulation</processName>
  <processInstanceId>4</processInstanceId>
  <nodeId>9</nodeId>
  <nodeName>Appropriate</nodeName>
  <nodeInstanceId>6</nodeInstanceId>
</org.drools.audit.event.RuleFlowNodeLogEvent>
<org.drools.audit.event.RuleFlowNodeLogEvent>
  <type>24</type>
  <processId>allocation.Simulation</processId>
  <processName>Simulation</processName>
  <processInstanceId>4</processInstanceId>
  <nodeId>10</nodeId>
  <nodeName>Report</nodeName>
  <nodeInstanceId>7</nodeInstanceId>
</org.drools.audit.event.RuleFlowNodeLogEvent>
</object-stream>
